
> solon-slide-studio@1.0.0 test
> vitest run


[1m[7m[36m RUN [39m[27m[22m [36mv2.1.9 [39m[90mC:/source/SOLON[39m

node.exe : [90mstderr[2m | server/__tests__/structure-manager.test.js[2m > [22m[2mstructure-manager[2m > 
[22m[2mcreateStructure[2m > [22m[2mshould create a new structure with root nodes
At line:1 char:1
+ & "C:\Program Files\nodejs/node.exe" "C:\Program Files\nodejs/node_mo ...
+ ~~~~~~~~~~~~~~~~~~~~~~~~~~~~~~~~~~~~~~~~~~~~~~~~~~~~~~~~~~~~~~~~~~~~~
    + CategoryInfo          : NotSpecified: ([90mstderr[2m...with root nodes:String) [], RemoteException
    + FullyQualifiedErrorId : NativeCommandError
 
[22m[39m[structure-manager] createStructure error: chainId, name, and at least one exportId are required

[90mstderr[2m | server/__tests__/structure-manager.test.js[2m > [22m[2mstructure-manager[2m > 
[22m[2mcreateStructure[2m > [22m[2mshould create structure with unique node IDs
[22m[39m[structure-manager] createStructure error: chainId, name, and at least one exportId are required

[90mstderr[2m | server/__tests__/structure-manager.test.js[2m > [22m[2mstructure-manager[2m > 
[22m[2mcreateStructure[2m > [22m[2mshould persist structure to disk
[22m[39m[structure-manager] createStructure error: chainId, name, and at least one exportId are required

[90mstderr[2m | server/__tests__/structure-manager.test.js[2m > [22m[2mstructure-manager[2m > 
[22m[2mcreateStructure[2m > [22m[2mshould reject invalid structure name
[22m[39m[structure-manager] createStructure error: chainId, name, and at least one exportId are required

[90mstderr[2m | server/__tests__/structure-manager.test.js[2m > [22m[2mstructure-manager[2m > 
[22m[2mcreateStructure[2m > [22m[2mshould reject invalid slide IDs
[22m[39m[structure-manager] createStructure error: chainId, name, and at least one exportId are required

[90mstderr[2m | server/__tests__/structure-manager.test.js[2m > [22m[2mstructure-manager[2m > 
[22m[2mlistStructures[2m > [22m[2mshould list all structures for a chain
[22m[39m[structure-manager] createStructure error: chainId, name, and at least one exportId are required
[structure-manager] createStructure error: chainId, name, and at least one exportId are required

[90mstderr[2m | server/__tests__/structure-manager.test.js[2m > [22m[2mstructure-manager[2m > 
[22m[2mgetStructure[2m > [22m[2mshould retrieve a structure by ID
[22m[39m[structure-manager] createStructure error: chainId, name, and at least one exportId are required

[90mstderr[2m | server/__tests__/structure-manager.test.js[2m > [22m[2mstructure-manager[2m > 
[22m[2maddNodeToStructure[2m > [22m[2mshould add a node as root
[22m[39m[structure-manager] createStructure error: chainId, name, and at least one exportId are required

[90mstderr[2m | server/__tests__/structure-manager.test.js[2m > [22m[2mstructure-manager[2m > 
[22m[2maddNodeToStructure[2m > [22m[2mshould add a node as child
[22m[39m[structure-manager] createStructure error: chainId, name, and at least one exportId are required

[90mstderr[2m | server/__tests__/structure-manager.test.js[2m > [22m[2mstructure-manager[2m > 
[22m[2maddNodeToStructure[2m > [22m[2mshould reject invalid parent node
[22m[39m[structure-manager] createStructure error: chainId, name, and at least one exportId are required

[90mstderr[2m | server/__tests__/structure-manager.test.js[2m > [22m[2mstructure-manager[2m > 
[22m[2mmoveNode[2m > [22m[2mshould move node to new parent
[22m[39m[structure-manager] createStructure error: chainId, name, and at least one exportId are required

[90mstderr[2m | server/__tests__/structure-manager.test.js[2m > [22m[2mstructure-manager[2m > 
[22m[2mmoveNode[2m > [22m[2mshould move node to root
[22m[39m[structure-manager] createStructure error: chainId, name, and at least one exportId are required

[90mstderr[2m | server/__tests__/structure-manager.test.js[2m > [22m[2mstructure-manager[2m > 
[22m[2mmoveNode[2m > [22m[2mshould detect circular dependencies
[22m[39m[structure-manager] createStructure error: chainId, name, and at least one exportId are required

[90mstderr[2m | server/__tests__/structure-manager.test.js[2m > [22m[2mstructure-manager[2m > 
[22m[2mremoveNodeFromStructure[2m > [22m[2mshould remove a node
[22m[39m[structure-manager] createStructure error: chainId, name, and at least one exportId are required

 [32mΓ£ô[39m server/__tests__/selections-to-zones.test.js[2m > [22mselectionsToZones[2m > [22mreturns an empty array for empty selections
 [32mΓ£ô[39m server/__tests__/selections-to-zones.test.js[2m > [22mselectionsToZones[2m > [22mconverts a leaf selection to a block zone
 [32mΓ£ô[39m server/__tests__/selections-to-zones.test.js[2m > [22mselectionsToZones[2m > [22mconverts a block selection to a block zone
 [32mΓ£ô[39m server/__tests__/selections-to-zones.test.js[2m > [22mselectionsToZones[2m > [22mpreserves nodeId on each zone
 [32mΓ£ô[39m server/__tests__/selections-to-zones.test.js[2m > [22mselectionsToZones[2m > [22mpreserves slideIndex
 [32mΓ£ô[39m server/__tests__/selections-to-zones.test.js[2m > [22mselectionsToZones[2m > [22msets elementOrder from array position
 [32mΓ£ô[39m server/__tests__/selections-to-zones.test.js[2m > [22mselectionsToZones[2m > [22mrespects autoGenerate:false on block zones
 [32mΓ£ô[39m server/__tests__/selections-to-zones.test.js[2m > [22mselectionsToZones[2m > [22malways sets autoGenerate:true on block zones
 [32mΓ£ô[39m server/__tests__/selections-to-zones.test.js[2m > [22mselectionsToZones[2m > [22malways sets type:block for leaf zones regardless of selection type
 [32mΓ£ô[39m server/__tests__/selections-to-zones.test.js[2m > [22mselectionsToZones[2m > [22malways sets type:block for block zones regardless of selection type
 [32mΓ£ô[39m server/__tests__/selections-to-zones.test.js[2m > [22mselectionsToZones[2m > [22msets isRepeatable:false and repeatableKey:null for all zones
 [32mΓ£ô[39m server/__tests__/selections-to-zones.test.js[2m > [22mselectionsToZones[2m > [22mpreserves hint on leaf zones
 [32mΓ£ô[39m server/__tests__/selections-to-zones.test.js[2m > [22mselectionsToZones[2m > [22mconverts multiple selections in order
 [32mΓ£ô[39m server/__tests__/selections-to-zones.test.js[2m > [22mselectionsToZones ΓÇö exampleHtml[2m > [22mpropagates exampleHtml from a block selection to the zone
 [32mΓ£ô[39m server/__tests__/selections-to-zones.test.js[2m > [22mselectionsToZones ΓÇö exampleHtml[2m > [22mexampleHtml is undefined on a block zone when not present on selection
 [32mΓ£ô[39m server/__tests__/selections-to-zones.test.js[2m > [22mselectionsToZones ΓÇö exampleHtml[2m > [22mexampleHtml is undefined on a block zone when selection has empty string
 [32mΓ£ô[39m server/__tests__/selections-to-zones.test.js[2m > [22mselectionsToZones ΓÇö exampleHtml[2m > [22mexampleHtml is preserved on leaf zones when provided
 [32mΓ£ô[39m server/__tests__/selections-to-zones.test.js[2m > [22mselectionsToZones ΓÇö exampleHtml[2m > [22mpreserves multiline HTML in exampleHtml
 [32mΓ£ô[39m server/__tests__/selections-to-zones.test.js[2m > [22mresolveConflicts[2m > [22mreturns unchanged selections when there are no conflicts
 [32mΓ£ô[39m server/__tests__/selections-to-zones.test.js[2m > [22mresolveConflicts[2m > [22mremoves a leaf zone that is a descendant of a block zone
 [32mΓ£ô[39m server/__tests__/selections-to-zones.test.js[2m > [22mresolveConflicts[2m > [22mkeeps the block zone itself
 [32mΓ£ô[39m server/__tests__/selections-to-zones.test.js[2m > [22mresolveConflicts[2m > [22mdoes not remove a sibling leaf zone (same prefix but not descendant)
 [32mΓ£ô[39m server/__tests__/selections-to-zones.test.js[2m > [22mresolveConflicts[2m > [22mremoves multiple descendants of a single block zone
 [32mΓ£ô[39m server/__tests__/selections-to-zones.test.js[2m > [22mresolveConflicts[2m > [22mhandles multiple block zones each superseding their own descendants
 [32mΓ£ô[39m server/__tests__/selections-to-zones.test.js[2m > [22mresolveConflicts[2m > [22mdoes not remove a leaf zone at the same level as the block zone
 [32mΓ£ô[39m server/__tests__/selections-to-zones.test.js[2m > [22mresolveConflicts[2m > [22mreturns empty resolved and removed for empty input
 [32mΓ£ô[39m server/__tests__/selections-to-zones.test.js[2m > [22mresolveConflicts[2m > [22mkeeps all selections when there are only leaf zones
 [32mΓ£ô[39m server/__tests__/selections-to-zones.test.js[2m > [22mresolveConflicts[2m > [22mkeeps all selections when there are only block zones
 [32mΓ£ô[39m server/__tests__/selections-to-zones.test.js[2m > [22mselectionsToZones ΓÇö ignored field[2m > [22mshould preserve ignored=true from selection to zone
 [32mΓ£ô[39m server/__tests__/selections-to-zones.test.js[2m > [22mselectionsToZones ΓÇö ignored field[2m > [22mshould preserve ignored=false from selection to zone
 [32mΓ£ô[39m server/__tests__/selections-to-zones.test.js[2m > [22mselectionsToZones ΓÇö ignored field[2m > [22mshould default ignored to false when not provided
 [32mΓ£ô[39m server/__tests__/selections-to-zones.test.js[2m > [22mselectionsToZones ΓÇö ignored field[2m > [22mshould preserve ignored field for block zones
 [32mΓ£ô[39m server/__tests__/selections-to-zones.test.js[2m > [22mselectionsToZones ΓÇö ignored field[2m > [22mshould handle mixed ignored and non-ignored zones
 [32mΓ£ô[39m server/__tests__/selections-to-zones.test.js[2m > [22mselectionsToZones ΓÇö repeatableSlides[2m > [22mmarks zones on repeatable slides as isRepeatable:true
 [32mΓ£ô[39m server/__tests__/selections-to-zones.test.js[2m > [22mselectionsToZones ΓÇö repeatableSlides[2m > [22mleaves zones on static slides as isRepeatable:false
 [32mΓ£ô[39m server/__tests__/selections-to-zones.test.js[2m > [22mselectionsToZones ΓÇö repeatableSlides[2m > [22mpropagates unique:true from selection (default)
 [32mΓ£ô[39m server/__tests__/selections-to-zones.test.js[2m > [22mselectionsToZones ΓÇö repeatableSlides[2m > [22mpropagates unique:false from selection
 [32mΓ£ô[39m server/__tests__/selections-to-zones.test.js[2m > [22mselectionsToZones ΓÇö repeatableSlides[2m > [22mzones on static slides have unique:undefined (not applicable)
 [32mΓ£ô[39m server/__tests__/selections-to-zones.test.js[2m > [22mselectionsToZones ΓÇö repeatableSlides[2m > [22mhandles empty repeatableSlides array
 [32mΓ£ô[39m server/__tests__/selections-to-zones.test.js[2m > [22mselectionsToZones ΓÇö repeatableSlides[2m > [22mhandles missing repeatableSlides argument (backward compat)
 [32mΓ£ô[39m server/__tests__/selections-to-zones.test.js[2m > [22mselectionsToZones ΓÇö repeatableSlides[2m > [22mmixed slide: some zones repeatable, some static
[90mstderr[2m | server/__tests__/structure-manager.test.js[2m > [22m[2mstructure-manager[2m > 
[22m[2mremoveNodeFromStructure[2m > [22m[2mshould orphan child nodes when parent is removed
[22m[39m[structure-manager] createStructure error: chainId, name, and at least one exportId are required

[90mstderr[2m | server/__tests__/structure-manager.test.js[2m > [22m[2mstructure-manager[2m > 
[22m[2mremoveNodeFromStructure[2m > [22m[2mshould reject removing non-existent node
[22m[39m[structure-manager] createStructure error: chainId, name, and at least one exportId are required

[90mstderr[2m | server/__tests__/structure-manager.test.js[2m > [22m[2mstructure-manager[2m > 
[22m[2mdeleteStructure[2m > [22m[2mshould delete a structure
[22m[39m[structure-manager] createStructure error: chainId, name, and at least one exportId are required

[90mstderr[2m | server/__tests__/structure-manager.test.js[2m > [22m[2mstructure-manager[2m > 
[22m[2mvalidateStructure[2m > [22m[2mshould validate a valid structure
[22m[39m[structure-manager] createStructure error: chainId, name, and at least one exportId are required

[90mstderr[2m | server/__tests__/structure-manager.test.js[2m > [22m[2mstructure-manager[2m > 
[22m[2mvalidateStructure[2m > [22m[2mshould detect orphaned slides
[22m[39m[structure-manager] createStructure error: chainId, name, and at least one exportId are required

[90mstderr[2m | server/__tests__/structure-manager.test.js[2m > [22m[2mstructure-manager[2m > 
[22m[2mgetOrphanedSlides[2m > [22m[2mshould return orphaned slides
[22m[39m[structure-manager] createStructure error: chainId, name, and at least one exportId are required

[90mstderr[2m | server/__tests__/structure-manager.test.js[2m > [22m[2mstructure-manager[2m > 
[22m[2mgetTreeVisualization[2m > [22m[2mshould generate tree visualization
[22m[39m[structure-manager] createStructure error: chainId, name, and at least one exportId are required

[90mstderr[2m | server/__tests__/structure-manager.test.js[2m > [22m[2mstructure-manager[2m > 
[22m[2mcalculateDepth[2m > [22m[2mshould calculate correct tree depth
[22m[39m[structure-manager] createStructure error: chainId, name, and at least one exportId are required

 [31m├ù[39m server/__tests__/structure-manager.test.js[2m > [22mstructure-manager[2m > [22mcreateStructure[2m > [22mshould create a new structure with root nodes
[31m   ΓåÆ Cannot read properties of null (reading 'ok')[39m
 [31m├ù[39m server/__tests__/structure-manager.test.js[2m > [22mstructure-manager[2m > [22mcreateStructure[2m > [22mshould create structure with unique node IDs
[31m   ΓåÆ Cannot read properties of null (reading 'structure')[39m
 [31m├ù[39m server/__tests__/structure-manager.test.js[2m > [22mstructure-manager[2m > [22mcreateStructure[2m > [22mshould persist structure to disk
[31m   ΓåÆ Cannot read properties of null (reading 'structure')[39m
 [31m├ù[39m server/__tests__/structure-manager.test.js[2m > [22mstructure-manager[2m > [22mcreateStructure[2m > [22mshould reject invalid structure name
[31m   ΓåÆ Cannot read properties of null (reading 'ok')[39m
 [31m├ù[39m server/__tests__/structure-manager.test.js[2m > [22mstructure-manager[2m > [22mcreateStructure[2m > [22mshould reject invalid slide IDs
[31m   ΓåÆ Cannot read properties of null (reading 'ok')[39m
 [31m├ù[39m server/__tests__/structure-manager.test.js[2m > [22mstructure-manager[2m > [22mlistStructures[2m > [22mshould list all structures for a chain
[31m   ΓåÆ expected undefined to be true // Object.is equality[39m
 [31m├ù[39m server/__tests__/structure-manager.test.js[2m > [22mstructure-manager[2m > [22mlistStructures[2m > [22mshould return empty list for chain with no structures
[31m   ΓåÆ expected undefined to be true // Object.is equality[39m
 [31m├ù[39m server/__tests__/structure-manager.test.js[2m > [22mstructure-manager[2m > [22mgetStructure[2m > [22mshould retrieve a structure by ID
[31m   ΓåÆ Cannot read properties of null (reading 'structure')[39m
 [31m├ù[39m server/__tests__/structure-manager.test.js[2m > [22mstructure-manager[2m > [22mgetStructure[2m > [22mshould fail for non-existent structure
[31m   ΓåÆ Cannot read properties of null (reading 'ok')[39m
 [31m├ù[39m server/__tests__/structure-manager.test.js[2m > [22mstructure-manager[2m > [22mgetStructure[2m > [22mshould prevent path traversal attacks
[31m   ΓåÆ Cannot read properties of null (reading 'ok')[39m
 [31m├ù[39m server/__tests__/structure-manager.test.js[2m > [22mstructure-manager[2m > [22maddNodeToStructure[2m > [22mshould add a node as root
[31m   ΓåÆ Cannot read properties of null (reading 'structure')[39m
 [31m├ù[39m server/__tests__/structure-manager.test.js[2m > [22mstructure-manager[2m > [22maddNodeToStructure[2m > [22mshould add a node as child
[31m   ΓåÆ Cannot read properties of null (reading 'structure')[39m
 [31m├ù[39m server/__tests__/structure-manager.test.js[2m > [22mstructure-manager[2m > [22maddNodeToStructure[2m > [22mshould reject invalid parent node
[31m   ΓåÆ Cannot read properties of null (reading 'structure')[39m
 [31m├ù[39m server/__tests__/structure-manager.test.js[2m > [22mstructure-manager[2m > [22mmoveNode[2m > [22mshould move node to new parent
[31m   ΓåÆ Cannot read properties of null (reading 'structure')[39m
 [31m├ù[39m server/__tests__/structure-manager.test.js[2m > [22mstructure-manager[2m > [22mmoveNode[2m > [22mshould move node to root
[31m   ΓåÆ Cannot read properties of null (reading 'structure')[39m
 [31m├ù[39m server/__tests__/structure-manager.test.js[2m > [22mstructure-manager[2m > [22mmoveNode[2m > [22mshould detect circular dependencies
[31m   ΓåÆ Cannot read properties of null (reading 'structure')[39m
 [31m├ù[39m server/__tests__/structure-manager.test.js[2m > [22mstructure-manager[2m > [22mremoveNodeFromStructure[2m > [22mshould remove a node
[31m   ΓåÆ Cannot read properties of null (reading 'structure')[39m
 [31m├ù[39m server/__tests__/structure-manager.test.js[2m > [22mstructure-manager[2m > [22mremoveNodeFromStructure[2m > [22mshould orphan child nodes when parent is removed
[31m   ΓåÆ Cannot read properties of null (reading 'structure')[39m
 [31m├ù[39m server/__tests__/structure-manager.test.js[2m > [22mstructure-manager[2m > [22mremoveNodeFromStructure[2m > [22mshould reject removing non-existent node
[31m   ΓåÆ Cannot read properties of null (reading 'structure')[39m
 [31m├ù[39m server/__tests__/structure-manager.test.js[2m > [22mstructure-manager[2m > [22mdeleteStructure[2m > [22mshould delete a structure
[31m   ΓåÆ Cannot read properties of null (reading 'structure')[39m
 [31m├ù[39m server/__tests__/structure-manager.test.js[2m > [22mstructure-manager[2m > [22mvalidateStructure[2m > [22mshould validate a valid structure
[31m   ΓåÆ Cannot read properties of null (reading 'structure')[39m
 [31m├ù[39m server/__tests__/structure-manager.test.js[2m > [22mstructure-manager[2m > [22mvalidateStructure[2m > [22mshould detect orphaned slides
[31m   ΓåÆ Cannot read properties of null (reading 'structure')[39m
 [31m├ù[39m server/__tests__/structure-manager.test.js[2m > [22mstructure-manager[2m > [22mgetOrphanedSlides[2m > [22mshould return orphaned slides
[31m   ΓåÆ Cannot read properties of null (reading 'structure')[39m
 [31m├ù[39m server/__tests__/structure-manager.test.js[2m > [22mstructure-manager[2m > [22mgetTreeVisualization[2m > [22mshould generate tree visualization
[31m   ΓåÆ Cannot read properties of null (reading 'structure')[39m
 [31m├ù[39m server/__tests__/structure-manager.test.js[2m > [22mstructure-manager[2m > [22mcalculateDepth[2m > [22mshould calculate correct tree depth
[31m   ΓåÆ Cannot read properties of null (reading 'structure')[39m
 [32mΓ£ô[39m server/__tests__/html-recipe-builder.test.js[2m > [22mbuildHtmlRecipe[2m > [22mcontains INSTRUCTIONS header
 [32mΓ£ô[39m server/__tests__/html-recipe-builder.test.js[2m > [22mbuildHtmlRecipe[2m > [22mincludes BLOCK ZONES section for leaf zones (converted to block)
 [32mΓ£ô[39m server/__tests__/html-recipe-builder.test.js[2m > [22mbuildHtmlRecipe[2m > [22mexcludes non-autoGenerate leaf zones
 [32mΓ£ô[39m server/__tests__/html-recipe-builder.test.js[2m > [22mbuildHtmlRecipe[2m > [22mdeduplicates block keys that appear on multiple non-repeatable slides
 [32mΓ£ô[39m server/__tests__/html-recipe-builder.test.js[2m > [22mbuildHtmlRecipe[2m > [22mhandles block zones for shared keys across slides
 [32mΓ£ô[39m server/__tests__/html-recipe-builder.test.js[2m > [22mbuildHtmlRecipe[2m > [22mincludes BLOCK ZONES section for block zones
 [32mΓ£ô[39m server/__tests__/html-recipe-builder.test.js[2m > [22mbuildHtmlRecipe[2m > [22mincludes example HTML in block zone entry when available
 [32mΓ£ô[39m server/__tests__/html-recipe-builder.test.js[2m > [22mbuildHtmlRecipe[2m > [22mincludes REPEATABLE SLIDE section for repeatable leaf zones
 [32mΓ£ô[39m server/__tests__/html-recipe-builder.test.js[2m > [22mbuildHtmlRecipe[2m > [22mincludes repeatable block zones inside REPEATABLE SLIDE section
 [32mΓ£ô[39m server/__tests__/html-recipe-builder.test.js[2m > [22mbuildHtmlRecipe[2m > [22mprepends GLOBAL GUIDANCE when provided
 [32mΓ£ô[39m server/__tests__/html-recipe-builder.test.js[2m > [22mbuildHtmlRecipe[2m > [22momits GLOBAL GUIDANCE when not provided
 [32mΓ£ô[39m server/__tests__/html-recipe-builder.test.js[2m > [22mbuildHtmlRecipe[2m > [22mnumbers sections sequentially: only BLOCK ZONES
 [32mΓ£ô[39m server/__tests__/html-recipe-builder.test.js[2m > [22mbuildHtmlRecipe[2m > [22mnumbers sections sequentially: block=1, repeatable=2
 [32mΓ£ô[39m server/__tests__/html-recipe-builder.test.js[2m > [22mbuildHtmlRecipe[2m > [22mnumbers sections: block=1, repeatable=2
 [32mΓ£ô[39m server/__tests__/html-recipe-builder.test.js[2m > [22mbuildHtmlRecipe[2m > [22mhandles empty zone list without throwing
 [32mΓ£ô[39m server/__tests__/html-recipe-builder.test.js[2m > [22mbuildHtmlRecipe[2m > [22mincludes IMPORTANT footer
 [32mΓ£ô[39m server/__tests__/html-recipe-builder.test.js[2m > [22mbuildHtmlRecipe[2m > [22mshould exclude ignored leaf zones from recipe
 [32mΓ£ô[39m server/__tests__/html-recipe-builder.test.js[2m > [22mbuildHtmlRecipe[2m > [22mshould exclude ignored block zones from recipe
 [32mΓ£ô[39m server/__tests__/html-recipe-builder.test.js[2m > [22mbuildHtmlRecipe[2m > [22mshould exclude ignored zones from block zones
 [32mΓ£ô[39m server/__tests__/html-recipe-builder.test.js[2m > [22mbuildHtmlRecipe[2m > [22mshould handle mixed ignored and non-ignored repeatable zones
 [32mΓ£ô[39m server/__tests__/html-recipe-builder.test.js[2m > [22mbuildHtmlRecipe[2m > [22mshould treat child zones as ignored when parent is ignored
 [32mΓ£ô[39m server/__tests__/html-recipe-builder.test.js[2m > [22mbuildHtmlRecipe[2m > [22mshould exclude deeply nested children of ignored parent
 [32mΓ£ô[39m server/__tests__/html-recipe-builder.test.js[2m > [22mbuildHtmlRecipe[2m > [22mshould only exclude children of ignored parent, not siblings
 [32mΓ£ô[39m server/__tests__/html-recipe-builder.test.js[2m > [22mbuildHtmlRecipe[2m > [22mshould list ignored zones in ZONES_TO_PRESERVE section with their nodeId
 [32mΓ£ô[39m server/__tests__/html-recipe-builder.test.js[2m > [22mbuildHtmlRecipe[2m > [22mshould not have ZONES_TO_PRESERVE section when no zones are ignored
 [32mΓ£ô[39m server/__tests__/html-recipe-builder.test.js[2m > [22mbuildHtmlRecipe[2m > [22mshould list multiple ignored zones correctly
 [32mΓ£ô[39m server/__tests__/html-recipe-builder.test.js[2m > [22mvalidateHtmlJson[2m > [22mreturns valid:false for invalid JSON syntax
 [32mΓ£ô[39m server/__tests__/html-recipe-builder.test.js[2m > [22mvalidateHtmlJson[2m > [22mvalidates a correct static-only JSON
 [32mΓ£ô[39m server/__tests__/html-recipe-builder.test.js[2m > [22mvalidateHtmlJson[2m > [22maccepts flat JSON without static wrapper for static fields
 [32mΓ£ô[39m server/__tests__/html-recipe-builder.test.js[2m > [22mvalidateHtmlJson[2m > [22mreports missing static fields
 [32mΓ£ô[39m server/__tests__/html-recipe-builder.test.js[2m > [22mvalidateHtmlJson[2m > [22mignores non-autoGenerate leaf zones
 [32mΓ£ô[39m server/__tests__/html-recipe-builder.test.js[2m > [22mvalidateHtmlJson[2m > [22mvalidates contextual fields for shared keys
 [32mΓ£ô[39m server/__tests__/html-recipe-builder.test.js[2m > [22mvalidateHtmlJson[2m > [22mreports missing contextual entry for a slide
 [32mΓ£ô[39m server/__tests__/html-recipe-builder.test.js[2m > [22mvalidateHtmlJson[2m > [22mvalidates a correct block zone
 [32mΓ£ô[39m server/__tests__/html-recipe-builder.test.js[2m > [22mvalidateHtmlJson[2m > [22maccepts a block zone value as a plain string (not wrapped in {value})
 [32mΓ£ô[39m server/__tests__/html-recipe-builder.test.js[2m > [22mvalidateHtmlJson[2m > [22mreports missing block zone
 [32mΓ£ô[39m server/__tests__/html-recipe-builder.test.js[2m > [22mvalidateHtmlJson[2m > [22mvalidates repeatable slides with correct instances
 [32mΓ£ô[39m server/__tests__/html-recipe-builder.test.js[2m > [22mvalidateHtmlJson[2m > [22mreports missing repeatable instances
 [32mΓ£ô[39m server/__tests__/html-recipe-builder.test.js[2m > [22mvalidateHtmlJson[2m > [22mreports missing unique key in repeatable instance
 [32mΓ£ô[39m server/__tests__/html-recipe-builder.test.js[2m > [22mvalidateHtmlJson[2m > [22mreturns instanceCount = 0 when no repeatable instances
 [32mΓ£ô[39m server/__tests__/html-recipe-builder.test.js[2m > [22mvalidateHtmlJson[2m > [22mvalidates mixed leaf + block + repeatable correctly
 [32mΓ£ô[39m server/__tests__/html-recipe-builder.test.js[2m > [22mbuildHtmlRecipe ΓÇö repeatableSlides[2m > [22memits a REPEATABLE SLIDE section
 [32mΓ£ô[39m server/__tests__/html-recipe-builder.test.js[2m > [22mbuildHtmlRecipe ΓÇö repeatableSlides[2m > [22membeds the generation prompt
 [32mΓ£ô[39m server/__tests__/html-recipe-builder.test.js[2m > [22mbuildHtmlRecipe ΓÇö repeatableSlides[2m > [22memits a SHARED VALUES sub-section for non-unique zones
 [32mΓ£ô[39m server/__tests__/html-recipe-builder.test.js[2m > [22mbuildHtmlRecipe ΓÇö repeatableSlides[2m > [22memits an INSTANCE VALUES sub-section for unique zones
 [32mΓ£ô[39m server/__tests__/html-recipe-builder.test.js[2m > [22mbuildHtmlRecipe ΓÇö repeatableSlides[2m > [22munique zones do NOT appear in shared sub-section
 [32mΓ£ô[39m server/__tests__/html-recipe-builder.test.js[2m > [22mbuildHtmlRecipe ΓÇö repeatableSlides[2m > [22mnon-unique zones do NOT appear in the instance structure definition
 [32mΓ£ô[39m server/__tests__/html-recipe-builder.test.js[2m > [22mbuildHtmlRecipe ΓÇö repeatableSlides[2m > [22mincludes full exampleHtml for block zones (no truncation)
 [32mΓ£ô[39m server/__tests__/html-recipe-builder.test.js[2m > [22mbuildHtmlRecipe ΓÇö repeatableSlides[2m > [22memits the { shared, instances } JSON structure
 [32mΓ£ô[39m server/__tests__/html-recipe-builder.test.js[2m > [22mbuildHtmlRecipe ΓÇö repeatableSlides[2m > [22mblock zones are unaffected by repeatableSlides
 [32mΓ£ô[39m server/__tests__/html-recipe-builder.test.js[2m > [22mbuildHtmlRecipe ΓÇö repeatableSlides[2m > [22mhandles a slide where all zones are unique (no shared sub-section)
 [32mΓ£ô[39m server/__tests__/html-recipe-builder.test.js[2m > [22mbuildHtmlRecipe ΓÇö repeatableSlides[2m > [22mhandles a slide where all zones are non-unique (no instances sub-section)
 [32mΓ£ô[39m server/__tests__/html-recipe-builder.test.js[2m > [22mvalidateHtmlJson ΓÇö repeatableSlides[2m > [22mreturns valid:true for correct shared + instances JSON
 [32mΓ£ô[39m server/__tests__/html-recipe-builder.test.js[2m > [22mvalidateHtmlJson ΓÇö repeatableSlides[2m > [22mreturns instanceCount = 2
 [32mΓ£ô[39m server/__tests__/html-recipe-builder.test.js[2m > [22mvalidateHtmlJson ΓÇö repeatableSlides[2m > [22mreturns valid:false when slides[key] is missing
 [32mΓ£ô[39m server/__tests__/html-recipe-builder.test.js[2m > [22mvalidateHtmlJson ΓÇö repeatableSlides[2m > [22mreturns valid:false when shared is missing a non-unique key
 [32mΓ£ô[39m server/__tests__/html-recipe-builder.test.js[2m > [22mvalidateHtmlJson ΓÇö repeatableSlides[2m > [22mreturns valid:false when instances is missing
 [32mΓ£ô[39m server/__tests__/html-recipe-builder.test.js[2m > [22mvalidateHtmlJson ΓÇö repeatableSlides[2m > [22mreturns valid:false when instances is empty
 [32mΓ£ô[39m server/__tests__/html-recipe-builder.test.js[2m > [22mvalidateHtmlJson ΓÇö repeatableSlides[2m > [22mreturns valid:false when an instance is missing a unique key
 [32mΓ£ô[39m server/__tests__/html-recipe-builder.test.js[2m > [22mvalidateHtmlJson ΓÇö repeatableSlides[2m > [22mmissingFields includes instance index for unique key errors
 [32mΓ£ô[39m server/__tests__/html-recipe-builder.test.js[2m > [22mvalidateHtmlJson ΓÇö repeatableSlides[2m > [22maccepts missing shared when all zones are unique
 [32mΓ£ô[39m server/__tests__/html-recipe-builder.test.js[2m > [22mvalidateHtmlJson ΓÇö repeatableSlides[2m > [22mvalidates repeatable slide zones with legacy array format
 [32mΓ£ô[39m server/__tests__/html-recipe-builder.test.js[2m > [22mgenerateFullSlideRecipe[2m > [22mgenerates recipe with all zones on slide
 [32mΓ£ô[39m server/__tests__/html-recipe-builder.test.js[2m > [22mgenerateFullSlideRecipe[2m > [22mexcludes zones from other slides
 [32mΓ£ô[39m server/__tests__/html-recipe-builder.test.js[2m > [22mgenerateFullSlideRecipe[2m > [22mexcludes ignored zones
 [32mΓ£ô[39m server/__tests__/html-recipe-builder.test.js[2m > [22mgenerateFullSlideRecipe[2m > [22mincludes repeatable zones in correct format
 [32mΓ£ô[39m server/__tests__/html-recipe-builder.test.js[2m > [22mgenerateFullSlideRecipe[2m > [22mreturns error message for slide with no zones
 [32mΓ£ô[39m server/__tests__/html-recipe-builder.test.js[2m > [22mgenerateFullSlideRecipe[2m > [22mincludes global prompt when provided
 [32mΓ£ô[39m server/__tests__/html-recipe-builder.test.js[2m > [22mgenerateFullSlideRecipe[2m > [22mincludes zone prompts and examples
 [32mΓ£ô[39m server/__tests__/html-recipe-builder.test.js[2m > [22mgenerateFullSlideRecipe[2m > [22mincludes ignored zones in ZONES_TO_PRESERVE section with original HTML
 [32mΓ£ô[39m server/__tests__/html-recipe-builder.test.js[2m > [22mgenerateFullSlideRecipe[2m > [22mdoes not include ZONES_TO_PRESERVE section when no zones are ignored
 [32mΓ£ô[39m server/__tests__/html-recipe-builder.test.js[2m > [22mresolveConflicts with ignored zones[2m > [22mshould preserve ignored child zones even if parent is non-ignored
 [32mΓ£ô[39m server/__tests__/html-recipe-builder.test.js[2m > [22mresolveConflicts with ignored zones[2m > [22mshould remove non-ignored child zones when parent is non-ignored
 [32mΓ£ô[39m server/__tests__/html-recipe-builder.test.js[2m > [22mresolveConflicts with ignored zones[2m > [22mshould remove child zones when parent is ignored
 [32mΓ£ô[39m server/__tests__/html-recipe-builder.test.js[2m > [22mvalidateHtmlJson with fullSlide option[2m > [22mvalidates all zones are present for full-slide
 [32mΓ£ô[39m server/__tests__/html-recipe-builder.test.js[2m > [22mvalidateHtmlJson with fullSlide option[2m > [22mfails validation if zones are missing
 [32mΓ£ô[39m server/__tests__/html-recipe-builder.test.js[2m > [22mvalidateHtmlJson with fullSlide option[2m > [22monly validates zones on target slide
 [32mΓ£ô[39m server/__tests__/html-recipe-builder.test.js[2m > [22mvalidateHtmlJson with fullSlide option[2m > [22mexcludes ignored zones from validation
 [32mΓ£ô[39m server/__tests__/html-recipe-builder.test.js[2m > [22mvalidateHtmlJson with fullSlide option[2m > [22mprovides clear error message for missing fields
 [32mΓ£ô[39m server/__tests__/html-recipe-builder.test.js[2m > [22mvalidateHtmlJson with fullSlide option[2m > [22mvalidates repeatable slides in full-slide mode
 [32mΓ£ô[39m server/__tests__/project-manager.test.js[2m > [22mProject Manager[2m > [22mcreateProject[2m > [22mshould create a new project with initial template
 [32mΓ£ô[39m server/__tests__/project-manager.test.js[2m > [22mProject Manager[2m > [22mcreateProject[2m > [22mshould create project directory structure
 [32mΓ£ô[39m server/__tests__/project-manager.test.js[2m > [22mProject Manager[2m > [22mcreateProject[2m > [22mshould create project.json with correct structure
 [32mΓ£ô[39m server/__tests__/project-manager.test.js[2m > [22mProject Manager[2m > [22mcreateProject[2m > [22mshould reject invalid project names
 [32mΓ£ô[39m server/__tests__/project-manager.test.js[2m > [22mProject Manager[2m > [22mcreateProject[2m > [22mshould reject duplicate project names
 [32mΓ£ô[39m server/__tests__/project-manager.test.js[2m > [22mProject Manager[2m > [22mcreateProject[2m > [22mshould save template file
 [32mΓ£ô[39m server/__tests__/project-manager.test.js[2m > [22mProject Manager[2m > [22mloadProject[2m > [22mshould load existing project
 [32mΓ£ô[39m server/__tests__/project-manager.test.js[2m > [22mProject Manager[2m > [22mloadProject[2m > [22mshould return null for non-existent project
 [32mΓ£ô[39m server/__tests__/project-manager.test.js[2m > [22mProject Manager[2m > [22mloadProject[2m > [22mshould return null for invalid project name
 [32mΓ£ô[39m server/__tests__/project-manager.test.js[2m > [22mProject Manager[2m > [22mlistProjects[2m > [22mshould return empty array when no projects exist
 [32mΓ£ô[39m server/__tests__/project-manager.test.js[2m > [22mProject Manager[2m > [22mlistProjects[2m > [22mshould list all projects
 [32mΓ£ô[39m server/__tests__/html-flow-e2e.test.js[2m > [22mHTML Flow E2E Tests[2m > [22mStep 1: Upload Template[2m > [22mshould upload HTML template and return templateId
 [32mΓ£ô[39m server/__tests__/html-flow-e2e.test.js[2m > [22mHTML Flow E2E Tests[2m > [22mStep 2: Create Project[2m > [22mshould create project and return projectName and flowId
 [32mΓ£ô[39m server/__tests__/html-flow-e2e.test.js[2m > [22mHTML Flow E2E Tests[2m > [22mStep 2: Create Project[2m > [22mshould create flow.json in the correct directory
 [32mΓ£ô[39m server/__tests__/html-flow-e2e.test.js[2m > [22mHTML Flow E2E Tests[2m > [22mStep 2: Create Project[2m > [22mshould create template.html in the flow directory
 [32mΓ£ô[39m server/__tests__/html-flow-e2e.test.js[2m > [22mHTML Flow E2E Tests[2m > [22mStep 3: Generate Recipe[2m > [22mshould generate recipe using projectName and flowId
 [31m├ù[39m server/__tests__/html-flow-e2e.test.js[2m > [22mHTML Flow E2E Tests[2m > [22mStep 4: Validate JSON[2m > [22mshould validate JSON response against zones
[31m   ΓåÆ expected false to be true // Object.is equality[39m
 [31m├ù[39m server/__tests__/html-flow-e2e.test.js[2m > [22mHTML Flow E2E Tests[2m > [22mStep 5: Apply Content[2m > [22mshould apply content and save output file to flow directory
[31m   ΓåÆ expected 422 to be 200 // Object.is equality[39m
 [31m├ù[39m server/__tests__/html-flow-e2e.test.js[2m > [22mHTML Flow E2E Tests[2m > [22mStep 5: Apply Content[2m > [22mshould save output HTML file to flow directory
[31m   ΓåÆ The "path" argument must be of type string. Received undefined[39m
 [31m├ù[39m server/__tests__/html-flow-e2e.test.js[2m > [22mHTML Flow E2E Tests[2m > [22mStep 5: Apply Content[2m > [22mshould update flow.json with generation record
[31m   ΓåÆ expected 0 to be greater than 0[39m
 [31m├ù[39m server/__tests__/html-flow-e2e.test.js[2m > [22mHTML Flow E2E Tests[2m > [22mStep 6: Create Export[2m > [22mshould create export and save to projects/flows/exports directory
[31m   ΓåÆ expected 400 to be 200 // Object.is equality[39m
 [31m├ù[39m server/__tests__/html-flow-e2e.test.js[2m > [22mHTML Flow E2E Tests[2m > [22mStep 6: Create Export[2m > [22mshould create export directory with correct structure
[31m   ΓåÆ The "path" argument must be of type string. Received undefined[39m
 [31m├ù[39m server/__tests__/html-flow-e2e.test.js[2m > [22mHTML Flow E2E Tests[2m > [22mStep 6: Create Export[2m > [22mshould save individual slide HTMLs in export directory
[31m   ΓåÆ The "path" argument must be of type string. Received undefined[39m
 [31m├ù[39m server/__tests__/html-flow-e2e.test.js[2m > [22mHTML Flow E2E Tests[2m > [22mStep 6: Create Export[2m > [22mshould contain valid export.json metadata
[31m   ΓåÆ The "path" argument must be of type string. Received undefined[39m
 [31m├ù[39m server/__tests__/html-flow-e2e.test.js[2m > [22mHTML Flow E2E Tests[2m > [22mStep 7: Verify Directory Structure[2m > [22mshould have correct full directory structure
[31m   ΓåÆ The "path" argument must be of type string. Received undefined[39m
 [32mΓ£ô[39m server/__tests__/html-flow-e2e.test.js[2m > [22mHTML Flow E2E Tests[2m > [22mStep 7: Verify Directory Structure[2m > [22mshould NOT have exports in chains directory
 [31m├ù[39m server/__tests__/html-flow-e2e.test.js[2m > [22mHTML Flow E2E Tests[2m > [22mStep 7: Verify Directory Structure[2m > [22mshould update flow.json with export entry
[31m   ΓåÆ expected 0 to be greater than 0[39m
 [31m├ù[39m server/__tests__/html-flow-e2e.test.js[2m > [22mHTML Flow E2E Tests[2m > [22mComplete Flow Summary[2m > [22mshould complete entire flow without errors
[31m   ΓåÆ expected undefined to be defined[39m
 [32mΓ£ô[39m server/__tests__/html-patcher.test.js[2m > [22mapplyHtmlContent ΓÇö leaf zones[2m > [22mreplaces textContent of a data-zone element
 [32mΓ£ô[39m server/__tests__/html-patcher.test.js[2m > [22mapplyHtmlContent ΓÇö leaf zones[2m > [22maccepts flat JSON (no static wrapper) for leaf zones
 [32mΓ£ô[39m server/__tests__/html-patcher.test.js[2m > [22mapplyHtmlContent ΓÇö leaf zones[2m > [22mleaves non-autoGenerate zones unchanged
 [32mΓ£ô[39m server/__tests__/html-patcher.test.js[2m > [22mapplyHtmlContent ΓÇö leaf zones[2m > [22mstrips data-zone attributes from output
 [32mΓ£ô[39m server/__tests__/html-patcher.test.js[2m > [22mapplyHtmlContent ΓÇö leaf zones[2m > [22mhandles multiple leaf zones on the same slide
 [32mΓ£ô[39m server/__tests__/html-patcher.test.js[2m > [22mapplyHtmlContent ΓÇö leaf zones[2m > [22mapplies block values per slide for shared keys
 [32mΓ£ô[39m server/__tests__/html-patcher.test.js[2m > [22mapplyHtmlContent ΓÇö block zones[2m > [22mreplaces innerHTML of a data-block element
 [32mΓ£ô[39m server/__tests__/html-patcher.test.js[2m > [22mapplyHtmlContent ΓÇö block zones[2m > [22maccepts block value as a plain string
 [32mΓ£ô[39m server/__tests__/html-patcher.test.js[2m > [22mapplyHtmlContent ΓÇö block zones[2m > [22mstrips data-block and data-prompt attributes
 [32mΓ£ô[39m server/__tests__/html-patcher.test.js[2m > [22mapplyHtmlContent ΓÇö block zones[2m > [22mpreserves surrounding HTML structure around the block element
 [32mΓ£ô[39m server/__tests__/html-patcher.test.js[2m > [22mapplyHtmlContent ΓÇö block zones via nodeId[2m > [22mreplaces innerHTML of an element matched by nodeId
 [32mΓ£ô[39m server/__tests__/html-patcher.test.js[2m > [22mapplyHtmlContent ΓÇö block zones via nodeId[2m > [22mresolves a nested nodeId path (parent>child)
 [32mΓ£ô[39m server/__tests__/html-patcher.test.js[2m > [22mapplyHtmlContent ΓÇö block zones via nodeId[2m > [22mresolves a nodeId with a sibling disambiguator [N]
 [32mΓ£ô[39m server/__tests__/html-patcher.test.js[2m > [22mapplyHtmlContent ΓÇö block zones via nodeId[2m > [22maccepts a plain string block value (no {value} wrapper)
 [32mΓ£ô[39m server/__tests__/html-patcher.test.js[2m > [22mapplyHtmlContent ΓÇö block zones via nodeId[2m > [22mleaves element unchanged when no matching value in data
 [32mΓ£ô[39m server/__tests__/html-patcher.test.js[2m > [22mapplyHtmlContent ΓÇö block zones via nodeId[2m > [22mleaves element unchanged when nodeId does not match any element
 [32mΓ£ô[39m server/__tests__/html-patcher.test.js[2m > [22mapplyHtmlContent ΓÇö block zones via nodeId[2m > [22mpreserves surrounding structure when patching by nodeId
 [32mΓ£ô[39m server/__tests__/html-patcher.test.js[2m > [22mapplyHtmlContent ΓÇö block zones via nodeId[2m > [22mnodeId block zone coexists with data-block zones on the same slide
 [32mΓ£ô[39m server/__tests__/html-patcher.test.js[2m > [22mapplyHtmlContent ΓÇö repeatable slides[2m > [22mclones the repeatable section once per instance
 [32mΓ£ô[39m server/__tests__/html-patcher.test.js[2m > [22mapplyHtmlContent ΓÇö repeatable slides[2m > [22mfills block zones inside repeatable slides per instance
 [32mΓ£ô[39m server/__tests__/html-patcher.test.js[2m > [22mapplyHtmlContent ΓÇö repeatable slides[2m > [22mremoves data-zone from cloned repeatable sections
 [32mΓ£ô[39m server/__tests__/html-patcher.test.js[2m > [22mapplyHtmlContent ΓÇö repeatable slides[2m > [22mproduces zero clones when instances array is empty
 [32mΓ£ô[39m server/__tests__/html-patcher.test.js[2m > [22mapplyHtmlContent ΓÇö repeatable slides[2m > [22mstamps non-unique (shared) zone values identically across all clones
 [32mΓ£ô[39m server/__tests__/html-patcher.test.js[2m > [22mapplyHtmlContent ΓÇö repeatable slides[2m > [22munique zone values differ across clones
 [32mΓ£ô[39m server/__tests__/html-patcher.test.js[2m > [22mapplyHtmlContent ΓÇö repeatable slides[2m > [22mstatic slides before/after repeatable section are preserved
 [32mΓ£ô[39m server/__tests__/html-patcher.test.js[2m > [22mapplyHtmlContent ΓÇö ignored zones[2m > [22mshould skip patching ignored leaf zones
 [32mΓ£ô[39m server/__tests__/html-patcher.test.js[2m > [22mapplyHtmlContent ΓÇö ignored zones[2m > [22mshould skip patching ignored block zones
 [32mΓ£ô[39m server/__tests__/html-patcher.test.js[2m > [22mapplyHtmlContent ΓÇö ignored zones[2m > [22mshould patch non-ignored zones normally
 [32mΓ£ô[39m server/__tests__/html-patcher.test.js[2m > [22mapplyHtmlContent ΓÇö ignored zones[2m > [22mshould handle mixed ignored and non-ignored zones
 [32mΓ£ô[39m server/__tests__/html-patcher.test.js[2m > [22mapplyHtmlContent ΓÇö ignored zones[2m > [22mshould strip data-ignore attribute from output
 [32mΓ£ô[39m server/__tests__/html-patcher.test.js[2m > [22mapplyHtmlContent ΓÇö ignored zones[2m > [22mshould handle ignored zones in repeatable slides
 [32mΓ£ô[39m server/__tests__/html-patcher.test.js[2m > [22mapplyHtmlContent ΓÇö ignored zones[2m > [22mshould skip patching children of ignored parent zone
 [32mΓ£ô[39m server/__tests__/html-patcher.test.js[2m > [22mapplyHtmlContent ΓÇö ignored zones[2m > [22mshould treat child zones as ignored when parent is ignored
 [32mΓ£ô[39m server/__tests__/html-patcher.test.js[2m > [22mapplyHtmlContent ΓÇö attribute stripping[2m > [22mstrips all authoring attributes from the output
 [32mΓ£ô[39m server/__tests__/build-tree.test.js[2m > [22mbuildSectionTree ΓÇö tree structure[2m > [22mreturns an empty tree for an empty section
 [32mΓ£ô[39m server/__tests__/build-tree.test.js[2m > [22mbuildSectionTree ΓÇö tree structure[2m > [22mreturns a single root node for a single child element
 [32mΓ£ô[39m server/__tests__/build-tree.test.js[2m > [22mbuildSectionTree ΓÇö tree structure[2m > [22massigns correct depth: direct children are depth 0
 [32mΓ£ô[39m server/__tests__/build-tree.test.js[2m > [22mbuildSectionTree ΓÇö tree structure[2m > [22massigns depth 1 to grandchildren
 [32mΓ£ô[39m server/__tests__/build-tree.test.js[2m > [22mbuildSectionTree ΓÇö tree structure[2m > [22mbuilds correct node id: tag.class for root child
 [32mΓ£ô[39m server/__tests__/build-tree.test.js[2m > [22mbuildSectionTree ΓÇö tree structure[2m > [22mbuilds nested node id: parent>child
 [32mΓ£ô[39m server/__tests__/build-tree.test.js[2m > [22mbuildSectionTree ΓÇö tree structure[2m > [22mdisambiguates sibling nodes with same tag+class using [N] suffix
 [32mΓ£ô[39m server/__tests__/build-tree.test.js[2m > [22mbuildSectionTree ΓÇö tree structure[2m > [22mmarks leaf nodes correctly (no element children)
 [32mΓ£ô[39m server/__tests__/build-tree.test.js[2m > [22mbuildSectionTree ΓÇö tree structure[2m > [22mmarks container nodes as non-leaf
 [32mΓ£ô[39m server/__tests__/build-tree.test.js[2m > [22mbuildSectionTree ΓÇö tree structure[2m > [22mskips script and style tags
 [32mΓ£ô[39m server/__tests__/build-tree.test.js[2m > [22mbuildSectionTree ΓÇö tree structure[2m > [22mskips svg elements
 [32mΓ£ô[39m server/__tests__/build-tree.test.js[2m > [22mbuildSectionTree ΓÇö tree structure[2m > [22mincludes textPreview for leaf nodes
 [32mΓ£ô[39m server/__tests__/build-tree.test.js[2m > [22mbuildSectionTree ΓÇö tree structure[2m > [22mtruncates textPreview at 80 chars for leaf nodes
 [32mΓ£ô[39m server/__tests__/build-tree.test.js[2m > [22mbuildSectionTree ΓÇö tree structure[2m > [22mattaches slideIndex to every node
 [32mΓ£ô[39m server/__tests__/build-tree.test.js[2m > [22mbuildSectionTree ΓÇö tree structure[2m > [22mincludes label field as tag.classes string
 [32mΓ£ô[39m server/__tests__/build-tree.test.js[2m > [22mbuildSectionTree ΓÇö interesting heuristic[2m > [22mmarks <table> as interesting
 [32mΓ£ô[39m server/__tests__/build-tree.test.js[2m > [22mbuildSectionTree ΓÇö interesting heuristic[2m > [22mmarks <ul> as interesting
 [32mΓ£ô[39m server/__tests__/build-tree.test.js[2m > [22mbuildSectionTree ΓÇö interesting heuristic[2m > [22mmarks <ol> as interesting
 [32mΓ£ô[39m server/__tests__/build-tree.test.js[2m > [22mbuildSectionTree ΓÇö interesting heuristic[2m > [22mmarks a div with 2+ text children as interesting
 [32mΓ£ô[39m server/__tests__/build-tree.test.js[2m > [22mbuildSectionTree ΓÇö interesting heuristic[2m > [22mdoes NOT mark a div with a single child as interesting
 [32mΓ£ô[39m server/__tests__/build-tree.test.js[2m > [22mbuildSectionTree ΓÇö interesting heuristic[2m > [22mmarks an element with data-zone as interesting
 [32mΓ£ô[39m server/__tests__/build-tree.test.js[2m > [22mbuildSectionTree ΓÇö interesting heuristic[2m > [22mmarks an element with data-block as interesting
 [32mΓ£ô[39m server/__tests__/build-tree.test.js[2m > [22mbuildSectionTree ΓÇö pre-existing selections[2m > [22mextracts a block selection from data-zone attribute
 [32mΓ£ô[39m server/__tests__/build-tree.test.js[2m > [22mbuildSectionTree ΓÇö pre-existing selections[2m > [22mextracts a block selection from data-block attribute
 [32mΓ£ô[39m server/__tests__/build-tree.test.js[2m > [22mbuildSectionTree ΓÇö pre-existing selections[2m > [22msets autoGenerate:false when data-auto="false"
 [32mΓ£ô[39m server/__tests__/build-tree.test.js[2m > [22mbuildSectionTree ΓÇö pre-existing selections[2m > [22msets autoGenerate:true by default
 [32mΓ£ô[39m server/__tests__/build-tree.test.js[2m > [22mbuildSectionTree ΓÇö pre-existing selections[2m > [22malways sets type:block regardless of data-type attribute
 [32mΓ£ô[39m server/__tests__/build-tree.test.js[2m > [22mbuildSectionTree ΓÇö pre-existing selections[2m > [22massigns the correct slideIndex to selections
 [32mΓ£ô[39m server/__tests__/build-tree.test.js[2m > [22mbuildSectionTree ΓÇö pre-existing selections[2m > [22massigns the correct nodeId matching the tree node
 [32mΓ£ô[39m server/__tests__/build-tree.test.js[2m > [22mbuildSectionTree ΓÇö pre-existing selections[2m > [22mreturns empty selections for a section with no data-zone or data-block
 [32mΓ£ô[39m server/__tests__/build-tree.test.js[2m > [22mbuildSectionTree ΓÇö pre-existing selections[2m > [22mextracts multiple selections from a section
 [32mΓ£ô[39m server/__tests__/build-tree.test.js[2m > [22mbuildSectionTree ΓÇö pre-existing selections[2m > [22mfalls back to element text as prompt when data-prompt is absent
 [32mΓ£ô[39m server/__tests__/build-tree.test.js[2m > [22mbuildSectionTree ΓÇö innerHTML on tree nodes[2m > [22mincludes an innerHTML field on every node
 [32mΓ£ô[39m server/__tests__/build-tree.test.js[2m > [22mbuildSectionTree ΓÇö innerHTML on tree nodes[2m > [22minnerHTML contains the inner markup of a container node
 [32mΓ£ô[39m server/__tests__/build-tree.test.js[2m > [22mbuildSectionTree ΓÇö innerHTML on tree nodes[2m > [22minnerHTML is an empty string for a leaf node with no children
 [32mΓ£ô[39m server/__tests__/build-tree.test.js[2m > [22mbuildSectionTree ΓÇö innerHTML on tree nodes[2m > [22minnerHTML is trimmed
 [32mΓ£ô[39m server/__tests__/build-tree.test.js[2m > [22mbuildSectionTree ΓÇö innerHTML on tree nodes[2m > [22minnerHTML is present on nested child nodes too
 [32mΓ£ô[39m server/__tests__/build-tree.test.js[2m > [22mbuildSectionTree ΓÇö innerHTML on tree nodes[2m > [22mdata-block selection exampleHtml matches the node innerHTML
 [32mΓ£ô[39m server/__tests__/build-tree.test.js[2m > [22mflattenTree[2m > [22mreturns empty array for empty tree
 [32mΓ£ô[39m server/__tests__/build-tree.test.js[2m > [22mflattenTree[2m > [22mreturns all nodes in depth-first order
 [32mΓ£ô[39m server/__tests__/build-tree.test.js[2m > [22mflattenTree[2m > [22mincludes all descendants
 [32mΓ£ô[39m server/__tests__/build-tree.test.js[2m > [22mfindNodeById[2m > [22mfinds a top-level node by id
 [32mΓ£ô[39m server/__tests__/build-tree.test.js[2m > [22mfindNodeById[2m > [22mfinds a nested node by id
 [32mΓ£ô[39m server/__tests__/build-tree.test.js[2m > [22mfindNodeById[2m > [22mreturns null for a nonexistent id
 [32mΓ£ô[39m server/__tests__/build-tree.test.js[2m > [22mdescendantIds[2m > [22mincludes the node itself
 [32mΓ£ô[39m server/__tests__/build-tree.test.js[2m > [22mdescendantIds[2m > [22mincludes all child ids
 [32mΓ£ô[39m server/__tests__/build-tree.test.js[2m > [22mdescendantIds[2m > [22mincludes deeply nested ids
[90mstderr[2m | server/__tests__/generation-manager.test.js[2m > [22m[2mGeneration Manager[2m > 
[22m[2mrecordRecipeGeneration[2m > [22m[2mshould return null for non-existent chain
[22m[39m[generation-manager] recordRecipeGeneration error: Chain non-existent not found

[90mstderr[2m | server/__tests__/generation-manager.test.js[2m > [22m[2mGeneration Manager[2m > 
[22m[2mrecordRecipeGeneration[2m > [22m[2mshould require chainId and recipe
[22m[39m[generation-manager] recordRecipeGeneration error: chainId and recipe are required
[generation-manager] recordRecipeGeneration error: chainId and recipe are required

[90mstderr[2m | server/__tests__/generation-manager.test.js[2m > [22m[2mGeneration Manager[2m > 
[22m[2mrecordRound[2m > [22m[2mshould return null for invalid inputs
[22m[39m[generation-manager] recordRound error: chainId, roundId, jsonInput, and outputFile are required
[generation-manager] recordRound error: chainId, roundId, jsonInput, and outputFile are required
[generation-manager] recordRound error: chainId, roundId, jsonInput, and outputFile are required
[generation-manager] recordRound error: chainId, roundId, jsonInput, and outputFile are required

[90mstderr[2m | server/__tests__/generation-manager.test.js[2m > [22m[2mGeneration Manager[2m > 
[22m[2mrecordReplay[2m > [22m[2mshould return null for non-round source
[22m[39m[generation-manager] recordReplay error: Source generation not found or is not a round

 [32mΓ£ô[39m server/__tests__/generation-manager.test.js[2m > [22mGeneration Manager[2m > [22mrecordRecipeGeneration[2m > [22mshould record a recipe generation
 [32mΓ£ô[39m server/__tests__/generation-manager.test.js[2m > [22mGeneration Manager[2m > [22mrecordRecipeGeneration[2m > [22mshould return null for non-existent chain
 [32mΓ£ô[39m server/__tests__/generation-manager.test.js[2m > [22mGeneration Manager[2m > [22mrecordRecipeGeneration[2m > [22mshould require chainId and recipe
 [32mΓ£ô[39m server/__tests__/generation-manager.test.js[2m > [22mGeneration Manager[2m > [22mrecordRecipeGeneration[2m > [22mshould update chain.updatedAt
 [32mΓ£ô[39m server/__tests__/generation-manager.test.js[2m > [22mGeneration Manager[2m > [22mrecordRound[2m > [22mshould record a round generation
 [32mΓ£ô[39m server/__tests__/generation-manager.test.js[2m > [22mGeneration Manager[2m > [22mrecordRound[2m > [22mshould link generation to round in chain.json
 [32mΓ£ô[39m server/__tests__/generation-manager.test.js[2m > [22mGeneration Manager[2m > [22mrecordRound[2m > [22mshould return null for invalid inputs
 [32mΓ£ô[39m server/__tests__/generation-manager.test.js[2m > [22mGeneration Manager[2m > [22mrecordFullSlideGeneration[2m > [22mshould record a full-slide generation
 [32mΓ£ô[39m server/__tests__/generation-manager.test.js[2m > [22mGeneration Manager[2m > [22mrecordFullSlideGeneration[2m > [22mshould default status to "generated"
 [32mΓ£ô[39m server/__tests__/generation-manager.test.js[2m > [22mGeneration Manager[2m > [22mgetGenerationHistory[2m > [22mshould return all generations
 [32mΓ£ô[39m server/__tests__/generation-manager.test.js[2m > [22mGeneration Manager[2m > [22mgetGenerationHistory[2m > [22mshould filter by type
 [32mΓ£ô[39m server/__tests__/generation-manager.test.js[2m > [22mGeneration Manager[2m > [22mgetGenerationHistory[2m > [22mshould filter by slideIndex
 [32mΓ£ô[39m server/__tests__/generation-manager.test.js[2m > [22mGeneration Manager[2m > [22mgetGenerationHistory[2m > [22mshould support pagination
 [32mΓ£ô[39m server/__tests__/generation-manager.test.js[2m > [22mGeneration Manager[2m > [22mgetGenerationHistory[2m > [22mshould sort by timestamp descending
 [32mΓ£ô[39m server/__tests__/generation-manager.test.js[2m > [22mGeneration Manager[2m > [22mgetGenerationHistory[2m > [22mshould return empty array for non-existent chain
 [32mΓ£ô[39m server/__tests__/generation-manager.test.js[2m > [22mGeneration Manager[2m > [22mgetGenerationCount[2m > [22mshould count all generations
 [32mΓ£ô[39m server/__tests__/generation-manager.test.js[2m > [22mGeneration Manager[2m > [22mgetGenerationCount[2m > [22mshould count by type
 [32mΓ£ô[39m server/__tests__/generation-manager.test.js[2m > [22mGeneration Manager[2m > [22mgetGeneration[2m > [22mshould get a single generation by ID
 [32mΓ£ô[39m server/__tests__/generation-manager.test.js[2m > [22mGeneration Manager[2m > [22mgetGeneration[2m > [22mshould return null for non-existent generation
 [32mΓ£ô[39m server/__tests__/generation-manager.test.js[2m > [22mGeneration Manager[2m > [22mgetSlideGenerations[2m > [22mshould get all generations for a slide
 [32mΓ£ô[39m server/__tests__/generation-manager.test.js[2m > [22mGeneration Manager[2m > [22mdeleteGeneration[2m > [22mshould delete a generation
 [32mΓ£ô[39m server/__tests__/generation-manager.test.js[2m > [22mGeneration Manager[2m > [22mdeleteGeneration[2m > [22mshould return false for non-existent generation
 [32mΓ£ô[39m server/__tests__/generation-manager.test.js[2m > [22mGeneration Manager[2m > [22mdeleteGeneration[2m > [22mshould return false for non-existent chain
 [32mΓ£ô[39m server/__tests__/generation-manager.test.js[2m > [22mGeneration Manager[2m > [22mclearGenerationsByType[2m > [22mshould clear all generations of a type
 [32mΓ£ô[39m server/__tests__/generation-manager.test.js[2m > [22mGeneration Manager[2m > [22mgetGenerationForReplay[2m > [22mshould get JSON input for replay
 [32mΓ£ô[39m server/__tests__/generation-manager.test.js[2m > [22mGeneration Manager[2m > [22mgetGenerationForReplay[2m > [22mshould return null for non-round generation
 [32mΓ£ô[39m server/__tests__/generation-manager.test.js[2m > [22mGeneration Manager[2m > [22mrecordReplay[2m > [22mshould record a replay of a previous generation
 [32mΓ£ô[39m server/__tests__/generation-manager.test.js[2m > [22mGeneration Manager[2m > [22mrecordReplay[2m > [22mshould return null for non-round source
 [32mΓ£ô[39m server/__tests__/generation-manager.test.js[2m > [22mGeneration Manager[2m > [22mgetGenerationStats[2m > [22mshould return generation statistics
 [32mΓ£ô[39m server/__tests__/generation-manager.test.js[2m > [22mGeneration Manager[2m > [22mgetGenerationStats[2m > [22mshould return zero stats for non-existent chain
 [32mΓ£ô[39m server/__tests__/generation-manager.test.js[2m > [22mGeneration Manager[2m > [22mexportGenerations[2m > [22mshould export all generations as JSON
 [32mΓ£ô[39m server/__tests__/generation-manager.test.js[2m > [22mGeneration Manager[2m > [22mexportGenerations[2m > [22mshould return null for non-existent chain
[90mstderr[2m | server/__tests__/relationship-manager.test.js[2m > [22m[2mrelationship-manager[2m > 
[22m[2massignSlidesToParent[2m > [22m[2mshould assign a single slide to a parent
[22m[39m[relationship-manager] assignSlidesToParent error: Child export manifest not found: export-1

[90mstderr[2m | server/__tests__/relationship-manager.test.js[2m > [22m[2mrelationship-manager[2m > 
[22m[2massignSlidesToParent[2m > [22m[2mshould assign multiple slides to a parent
[22m[39m[relationship-manager] assignSlidesToParent error: Child export manifest not found: export-1

[90mstderr[2m | server/__tests__/relationship-manager.test.js[2m > [22m[2mrelationship-manager[2m > 
[22m[2massignSlidesToParent[2m > [22m[2mshould update manifest with relationships
[22m[39m[relationship-manager] assignSlidesToParent error: Child export manifest not found: export-1

[90mstderr[2m | server/__tests__/relationship-manager.test.js[2m > [22m[2mrelationship-manager[2m > 
[22m[2massignSlidesToParent[2m > [22m[2mshould update chain.json relationshipGraph
[22m[39m[relationship-manager] assignSlidesToParent error: Child export manifest not found: export-1

[90mstderr[2m | server/__tests__/relationship-manager.test.js[2m > [22m[2mrelationship-manager[2m > 
[22m[2massignSlidesToParent[2m > [22m[2mshould reject invalid chainId
[22m[39m[relationship-manager] assignSlidesToParent error: Child export manifest not found: export-1

[90mstderr[2m | server/__tests__/relationship-manager.test.js[2m > [22m[2mrelationship-manager[2m > 
[22m[2massignSlidesToParent[2m > [22m[2mshould reject missing childExportId
[22m[39m[relationship-manager] assignSlidesToParent error: chainId, childExportId, and parentExportId are required

[90mstderr[2m | server/__tests__/relationship-manager.test.js[2m > [22m[2mrelationship-manager[2m > 
[22m[2massignSlidesToParent[2m > [22m[2mshould reject empty childSlideIndices
[22m[39m[relationship-manager] assignSlidesToParent error: childSlideIndices must be a non-empty array

[90mstderr[2m | server/__tests__/relationship-manager.test.js[2m > [22m[2mrelationship-manager[2m > 
[22m[2massignSlidesToParent[2m > [22m[2mshould skip non-existent child slides
[22m[39m[relationship-manager] assignSlidesToParent error: Child export manifest not found: export-1

[90mstderr[2m | server/__tests__/relationship-manager.test.js[2m > [22m[2mrelationship-manager[2m > 
[22m[2massignSlidesToParent[2m > [22m[2mshould replace existing relationship
[22m[39m[relationship-manager] assignSlidesToParent error: Child export manifest not found: export-1
[relationship-manager] assignSlidesToParent error: Child export manifest not found: export-1

[90mstderr[2m | server/__tests__/relationship-manager.test.js[2m > [22m[2mrelationship-manager[2m > 
[22m[2mgetRelationshipGraph[2m > [22m[2mshould return empty graph for new chain
[22m[39m[relationship-manager] getRelationshipGraph error: Chain test-chain-9 not found

[90mstderr[2m | server/__tests__/relationship-manager.test.js[2m > [22m[2mrelationship-manager[2m > 
[22m[2mgetRelationshipGraph[2m > [22m[2mshould return populated graph after assignments
[22m[39m[relationship-manager] assignSlidesToParent error: Child export manifest not found: export-1
[relationship-manager] getRelationshipGraph error: Chain test-chain-10 not found

[90mstderr[2m | server/__tests__/relationship-manager.test.js[2m > [22m[2mrelationship-manager[2m > 
[22m[2mgetRelationshipGraph[2m > [22m[2mshould return null for invalid chainId
[22m[39m[relationship-manager] getRelationshipGraph error: Chain invalid/chainId not found

[90mstderr[2m | server/__tests__/relationship-manager.test.js[2m > [22m[2mrelationship-manager[2m > 
[22m[2mgetHierarchyTree[2m > [22m[2mshould return empty tree for new chain
[22m[39m[relationship-manager] getRelationshipGraph error: Chain test-chain-11 not found

[90mstderr[2m | server/__tests__/relationship-manager.test.js[2m > [22m[2mrelationship-manager[2m > 
[22m[2mgetHierarchyTree[2m > [22m[2mshould build tree with roots and children
[22m[39m[relationship-manager] assignSlidesToParent error: Child export manifest not found: export-1
[relationship-manager] getRelationshipGraph error: Chain test-chain-12 not found

[90mstderr[2m | server/__tests__/relationship-manager.test.js[2m > [22m[2mrelationship-manager[2m > 
[22m[2mgetHierarchyTree[2m > [22m[2mshould return null for invalid chainId
[22m[39m[relationship-manager] getRelationshipGraph error: Chain invalid/chainId not found

[90mstderr[2m | server/__tests__/relationship-manager.test.js[2m > [22m[2mrelationship-manager[2m > 
[22m[2mgetSlideRelationships[2m > [22m[2mshould return empty relationships for new slide
[22m[39m[relationship-manager] getSlideRelationships error: Manifest not found: export-1

[90mstderr[2m | server/__tests__/relationship-manager.test.js[2m > [22m[2mrelationship-manager[2m > 
[22m[2mgetSlideRelationships[2m > [22m[2mshould return relationships after assignment
[22m[39m[relationship-manager] assignSlidesToParent error: Child export manifest not found: export-1
[relationship-manager] getSlideRelationships error: Manifest not found: export-1

[90mstderr[2m | server/__tests__/relationship-manager.test.js[2m > [22m[2mrelationship-manager[2m > 
[22m[2mgetSlideRelationships[2m > [22m[2mshould return null for non-existent slide
[22m[39m[relationship-manager] getSlideRelationships error: Manifest not found: export-1

[90mstderr[2m | server/__tests__/relationship-manager.test.js[2m > [22m[2mrelationship-manager[2m > 
[22m[2mgetSlideRelationships[2m > [22m[2mshould return null for non-existent export
[22m[39m[relationship-manager] getSlideRelationships error: Manifest not found: export-999

[90mstderr[2m | server/__tests__/relationship-manager.test.js[2m > [22m[2mrelationship-manager[2m > 
[22m[2mremoveRelationship[2m > [22m[2mshould remove a relationship
[22m[39m[relationship-manager] assignSlidesToParent error: Child export manifest not found: export-1
[relationship-manager] removeRelationship error: Child manifest not found: export-1

[90mstderr[2m | server/__tests__/relationship-manager.test.js[2m > [22m[2mrelationship-manager[2m > 
[22m[2mremoveRelationship[2m > [22m[2mshould update chain.json after removal
[22m[39m[relationship-manager] assignSlidesToParent error: Child export manifest not found: export-1
[relationship-manager] removeRelationship error: Child manifest not found: export-1

[90mstderr[2m | server/__tests__/relationship-manager.test.js[2m > [22m[2mrelationship-manager[2m > 
[22m[2mremoveRelationship[2m > [22m[2mshould return true for non-existent relationship
[22m[39m[relationship-manager] removeRelationship error: Child manifest not found: export-1

[90mstderr[2m | server/__tests__/relationship-manager.test.js[2m > [22m[2mrelationship-manager[2m > 
[22m[2mremoveRelationship[2m > [22m[2mshould return false for invalid chainId
[22m[39m[relationship-manager] removeRelationship error: Child manifest not found: export-1

[90mstderr[2m | server/__tests__/relationship-manager.test.js[2m > [22m[2mrelationship-manager[2m > 
[22m[2mgetAvailableParentExports[2m > [22m[2mshould return all exports with slides
[22m[39m[relationship-manager] getAvailableParentExports error: Chain test-chain-20 not found

[90mstderr[2m | server/__tests__/relationship-manager.test.js[2m > [22m[2mrelationship-manager[2m > 
[22m[2mgetAvailableParentExports[2m > [22m[2mshould return null for invalid chainId
[22m[39m[relationship-manager] getAvailableParentExports error: Chain invalid/chainId not found

[90mstderr[2m | server/__tests__/relationship-manager.test.js[2m > [22m[2mrelationship-manager[2m > 
[22m[2mgetAvailableParentExports[2m > [22m[2mshould include exportId and exportNumber
[22m[39m[relationship-manager] getAvailableParentExports error: Chain test-chain-21 not found

[90mstderr[2m | server/__tests__/relationship-manager.test.js[2m > [22m[2mrelationship-manager[2m > 
[22m[2mintegration: complex relationship scenarios[2m > [22m[2mshould handle multiple parent-child relationships
[22m[39m[relationship-manager] assignSlidesToParent error: Child export manifest not found: export-1
[relationship-manager] getRelationshipGraph error: Chain test-chain-22 not found

[90mstderr[2m | server/__tests__/relationship-manager.test.js[2m > [22m[2mrelationship-manager[2m > 
[22m[2mintegration: complex relationship scenarios[2m > [22m[2mshould maintain consistency across operations
[22m[39m[relationship-manager] assignSlidesToParent error: Child export manifest not found: export-1

 [31m├ù[39m server/__tests__/relationship-manager.test.js[2m > [22mrelationship-manager[2m > [22massignSlidesToParent[2m > [22mshould assign a single slide to a parent
[31m   ΓåÆ expected null not to be null[39m
 [31m├ù[39m server/__tests__/relationship-manager.test.js[2m > [22mrelationship-manager[2m > [22massignSlidesToParent[2m > [22mshould assign multiple slides to a parent
[31m   ΓåÆ expected null not to be null[39m
 [31m├ù[39m server/__tests__/relationship-manager.test.js[2m > [22mrelationship-manager[2m > [22massignSlidesToParent[2m > [22mshould update manifest with relationships
[31m   ΓåÆ expected [] to have a length of 1 but got +0[39m
 [31m├ù[39m server/__tests__/relationship-manager.test.js[2m > [22mrelationship-manager[2m > [22massignSlidesToParent[2m > [22mshould update chain.json relationshipGraph
[31m   ΓåÆ expected [] to have a length of 3 but got +0[39m
 [32mΓ£ô[39m server/__tests__/relationship-manager.test.js[2m > [22mrelationship-manager[2m > [22massignSlidesToParent[2m > [22mshould reject invalid chainId
 [32mΓ£ô[39m server/__tests__/relationship-manager.test.js[2m > [22mrelationship-manager[2m > [22massignSlidesToParent[2m > [22mshould reject missing childExportId
 [32mΓ£ô[39m server/__tests__/relationship-manager.test.js[2m > [22mrelationship-manager[2m > [22massignSlidesToParent[2m > [22mshould reject empty childSlideIndices
 [31m├ù[39m server/__tests__/relationship-manager.test.js[2m > [22mrelationship-manager[2m > [22massignSlidesToParent[2m > [22mshould skip non-existent child slides
[31m   ΓåÆ expected null not to be null[39m
 [31m├ù[39m server/__tests__/relationship-manager.test.js[2m > [22mrelationship-manager[2m > [22massignSlidesToParent[2m > [22mshould replace existing relationship
[31m   ΓåÆ expected null not to be null[39m
 [31m├ù[39m server/__tests__/relationship-manager.test.js[2m > [22mrelationship-manager[2m > [22mgetRelationshipGraph[2m > [22mshould return empty graph for new chain
[31m   ΓåÆ expected null not to be null[39m
 [31m├ù[39m server/__tests__/relationship-manager.test.js[2m > [22mrelationship-manager[2m > [22mgetRelationshipGraph[2m > [22mshould return populated graph after assignments
[31m   ΓåÆ Cannot read properties of null (reading 'slides')[39m
 [32mΓ£ô[39m server/__tests__/relationship-manager.test.js[2m > [22mrelationship-manager[2m > [22mgetRelationshipGraph[2m > [22mshould return null for invalid chainId
 [32mΓ£ô[39m server/__tests__/relationship-manager.test.js[2m > [22mrelationship-manager[2m > [22mgetHierarchyTree[2m > [22mshould return empty tree for new chain
 [31m├ù[39m server/__tests__/relationship-manager.test.js[2m > [22mrelationship-manager[2m > [22mgetHierarchyTree[2m > [22mshould build tree with roots and children
[31m   ΓåÆ expected [] to have a length of 2 but got +0[39m
 [31m├ù[39m server/__tests__/relationship-manager.test.js[2m > [22mrelationship-manager[2m > [22mgetHierarchyTree[2m > [22mshould return null for invalid chainId
[31m   ΓåÆ expected { roots: [], lookup: {} } to be null[39m
 [31m├ù[39m server/__tests__/relationship-manager.test.js[2m > [22mrelationship-manager[2m > [22mgetSlideRelationships[2m > [22mshould return empty relationships for new slide
[31m   ΓåÆ expected null not to be null[39m
 [31m├ù[39m server/__tests__/relationship-manager.test.js[2m > [22mrelationship-manager[2m > [22mgetSlideRelationships[2m > [22mshould return relationships after assignment
[31m   ΓåÆ expected null not to be null[39m
 [32mΓ£ô[39m server/__tests__/relationship-manager.test.js[2m > [22mrelationship-manager[2m > [22mgetSlideRelationships[2m > [22mshould return null for non-existent slide
 [32mΓ£ô[39m server/__tests__/relationship-manager.test.js[2m > [22mrelationship-manager[2m > [22mgetSlideRelationships[2m > [22mshould return null for non-existent export
 [31m├ù[39m server/__tests__/relationship-manager.test.js[2m > [22mrelationship-manager[2m > [22mremoveRelationship[2m > [22mshould remove a relationship
[31m   ΓåÆ expected false to be true // Object.is equality[39m
 [31m├ù[39m server/__tests__/relationship-manager.test.js[2m > [22mrelationship-manager[2m > [22mremoveRelationship[2m > [22mshould update chain.json after removal
[31m   ΓåÆ Cannot read properties of undefined (reading 'parents')[39m
 [31m├ù[39m server/__tests__/relationship-manager.test.js[2m > [22mrelationship-manager[2m > [22mremoveRelationship[2m > [22mshould return true for non-existent relationship
[31m   ΓåÆ expected false to be true // Object.is equality[39m
 [32mΓ£ô[39m server/__tests__/relationship-manager.test.js[2m > [22mrelationship-manager[2m > [22mremoveRelationship[2m > [22mshould return false for invalid chainId
 [31m├ù[39m server/__tests__/relationship-manager.test.js[2m > [22mrelationship-manager[2m > [22mgetAvailableParentExports[2m > [22mshould return all exports with slides
[31m   ΓåÆ expected null not to be null[39m
 [32mΓ£ô[39m server/__tests__/relationship-manager.test.js[2m > [22mrelationship-manager[2m > [22mgetAvailableParentExports[2m > [22mshould return null for invalid chainId
 [31m├ù[39m server/__tests__/relationship-manager.test.js[2m > [22mrelationship-manager[2m > [22mgetAvailableParentExports[2m > [22mshould include exportId and exportNumber
[31m   ΓåÆ Cannot read properties of null (reading '0')[39m
 [31m├ù[39m server/__tests__/relationship-manager.test.js[2m > [22mrelationship-manager[2m > [22mintegration: complex relationship scenarios[2m > [22mshould handle multiple parent-child relationships
[31m   ΓåÆ Cannot read properties of null (reading 'slides')[39m
 [31m├ù[39m server/__tests__/relationship-manager.test.js[2m > [22mrelationship-manager[2m > [22mintegration: complex relationship scenarios[2m > [22mshould maintain consistency across operations
[31m   ΓåÆ expected [] to have a length of 1 but got +0[39m
[90mstderr[2m | server/__tests__/export-manager.test.js[2m > [22m[2mexport-manager[2m > 
[22m[2mcreateExport[2m > [22m[2mshould create an export with individual slide files
[22m[39m[export-manager] createExport error: projectName, flowId, roundId, and outputFile are required

[90mstderr[2m | server/__tests__/export-manager.test.js[2m > [22m[2mexport-manager[2m > 
[22m[2mcreateExport[2m > [22m[2mshould create export directory with correct files
[22m[39m[export-manager] createExport error: projectName, flowId, roundId, and outputFile are required

[90mstderr[2m | server/__tests__/export-manager.test.js[2m > [22m[2mexport-manager[2m > 
[22m[2mcreateExport[2m > [22m[2mshould write valid export.json
[22m[39m[export-manager] createExport error: projectName, flowId, roundId, and outputFile are required

[90mstderr[2m | server/__tests__/export-manager.test.js[2m > [22m[2mexport-manager[2m > 
[22m[2mcreateExport[2m > [22m[2mshould write valid project.json slide index
[22m[39m[export-manager] createExport error: projectName, flowId, roundId, and outputFile are required

[90mstderr[2m | server/__tests__/export-manager.test.js[2m > [22m[2mexport-manager[2m > 
[22m[2mcreateExport[2m > [22m[2mshould create self-contained slide HTML with head content
[22m[39m[export-manager] createExport error: projectName, flowId, roundId, and outputFile are required

[90mstderr[2m | server/__tests__/export-manager.test.js[2m > [22m[2mexport-manager[2m > 
[22m[2mcreateExport[2m > [22m[2mshould extract slide title from h1 heading
[22m[39m[export-manager] createExport error: projectName, flowId, roundId, and outputFile are required

[90mstderr[2m | server/__tests__/export-manager.test.js[2m > [22m[2mexport-manager[2m > 
[22m[2mcreateExport[2m > [22m[2mshould use provided slide metadata when given
[22m[39m[export-manager] createExport error: Flow chain-test-metadata/test-round-uuid not found

[90mstderr[2m | server/__tests__/export-manager.test.js[2m > [22m[2mexport-manager[2m > 
[22m[2mcreateExport[2m > [22m[2mshould update chain.json with export entry
[22m[39m[export-manager] createExport error: projectName, flowId, roundId, and outputFile are required

[90mstderr[2m | server/__tests__/export-manager.test.js[2m > [22m[2mexport-manager[2m > 
[22m[2mcreateExport[2m > [22m[2mshould increment export number for subsequent exports
[22m[39m[export-manager] createExport error: projectName, flowId, roundId, and outputFile are required
[export-manager] createExport error: projectName, flowId, roundId, and outputFile are required

[90mstderr[2m | server/__tests__/export-manager.test.js[2m > [22m[2mexport-manager[2m > 
[22m[2mcreateExport[2m > [22m[2mshould return null for missing chainId
[22m[39m[export-manager] createExport error: projectName, flowId, roundId, and outputFile are required

[90mstderr[2m | server/__tests__/export-manager.test.js[2m > [22m[2mexport-manager[2m > 
[22m[2mcreateExport[2m > [22m[2mshould return null for missing roundId
[22m[39m[export-manager] createExport error: projectName, flowId, roundId, and outputFile are required

[90mstderr[2m | server/__tests__/export-manager.test.js[2m > [22m[2mexport-manager[2m > 
[22m[2mcreateExport[2m > [22m[2mshould return null for non-existent output file
[22m[39m[export-manager] createExport error: projectName, flowId, roundId, and outputFile are required

[90mstderr[2m | server/__tests__/export-manager.test.js[2m > [22m[2mexport-manager[2m > 
[22m[2mcreateExport[2m > [22m[2mshould return null for invalid outputFile name
[22m[39m[export-manager] createExport error: projectName, flowId, roundId, and outputFile are required

[90mstderr[2m | server/__tests__/export-manager.test.js[2m > [22m[2mexport-manager[2m > 
[22m[2mcreateExport[2m > [22m[2mshould handle single-slide HTML
[22m[39m[export-manager] createExport error: projectName, flowId, roundId, and outputFile are required

[90mstderr[2m | server/__tests__/export-manager.test.js[2m > [22m[2mexport-manager[2m > [22m[2mlistExports[2m 
> [22m[2mshould list exports newest first
[22m[39m[export-manager] createExport error: projectName, flowId, roundId, and outputFile are required
[export-manager] createExport error: projectName, flowId, roundId, and outputFile are required
[export-manager] createExport error: projectName, flowId, roundId, and outputFile are required

[90mstderr[2m | server/__tests__/export-manager.test.js[2m > [22m[2mexport-manager[2m > [22m[2mgetExport[2m > 
[22m[2mshould return export.json data for valid export
[22m[39m[export-manager] createExport error: projectName, flowId, roundId, and outputFile are required

[90mstderr[2m | server/__tests__/export-manager.test.js[2m > [22m[2mexport-manager[2m > 
[22m[2mgetExportProjectIndex[2m > [22m[2mshould return project.json data for valid export
[22m[39m[export-manager] createExport error: projectName, flowId, roundId, and outputFile are required

[90mstderr[2m | server/__tests__/export-manager.test.js[2m > [22m[2mexport-manager[2m > 
[22m[2mresolveSlideFilePath[2m > [22m[2mshould return valid path for existing slide file
[22m[39m[export-manager] createExport error: projectName, flowId, roundId, and outputFile are required

[90mstderr[2m | server/__tests__/export-manager.test.js[2m > [22m[2mexport-manager[2m > 
[22m[2mresolveSlideFilePath[2m > [22m[2mshould return null for non-existent slide file
[22m[39m[export-manager] createExport error: projectName, flowId, roundId, and outputFile are required

[90mstderr[2m | server/__tests__/export-manager.test.js[2m > [22m[2mexport-manager[2m > 
[22m[2mgetExportCount[2m > [22m[2mshould return correct count after creating exports
[22m[39m[export-manager] createExport error: projectName, flowId, roundId, and outputFile are required

[90mstderr[2m | server/__tests__/export-manager.test.js[2m > [22m[2mexport-manager[2m > 
[22m[2mdeleteExport[2m > [22m[2mshould delete export directory and update chain.json
[22m[39m[export-manager] createExport error: projectName, flowId, roundId, and outputFile are required

[90mstderr[2m | server/__tests__/export-manager.test.js[2m > [22m[2mexport-manager[2m > 
[22m[2mdeleteExport[2m > [22m[2mshould update lastExport to previous when deleting latest
[22m[39m[export-manager] createExport error: projectName, flowId, roundId, and outputFile are required
[export-manager] createExport error: projectName, flowId, roundId, and outputFile are required

[90mstderr[2m | server/__tests__/export-manager.test.js[2m > [22m[2mexport-manager[2m > 
[22m[2mbuildExportZip[2m > [22m[2mshould build a valid ZIP buffer
[22m[39m[export-manager] createExport error: projectName, flowId, roundId, and outputFile are required

[90mstderr[2m | server/__tests__/export-manager.test.js[2m > [22m[2mexport-manager[2m > 
[22m[2mbuildExportZip[2m > [22m[2mshould produce a buffer with ZIP magic bytes (PK signature)
[22m[39m[export-manager] createExport error: projectName, flowId, roundId, and outputFile are required

[90mstderr[2m | server/__tests__/export-manager.test.js[2m > [22m[2mexport-manager[2m > 
[22m[2mbuildExportZip[2m > [22m[2mshould include project name in zip filename
[22m[39m[export-manager] createExport error: projectName, flowId, roundId, and outputFile are required

 [31m├ù[39m server/__tests__/export-manager.test.js[2m > [22mexport-manager[2m > [22mcreateExport[2m > [22mshould create an export with individual slide files
[31m   ΓåÆ expected null not to be null[39m
 [31m├ù[39m server/__tests__/export-manager.test.js[2m > [22mexport-manager[2m > [22mcreateExport[2m > [22mshould create export directory with correct files
[31m   ΓåÆ expected false to be true // Object.is equality[39m
 [31m├ù[39m server/__tests__/export-manager.test.js[2m > [22mexport-manager[2m > [22mcreateExport[2m > [22mshould write valid export.json
[31m   ΓåÆ ENOENT: no such file or directory, open 'C:\source\SOLON\test-chains-export\chain-test-exportjson\exports\export-1\export.json'[39m
 [31m├ù[39m server/__tests__/export-manager.test.js[2m > [22mexport-manager[2m > [22mcreateExport[2m > [22mshould write valid project.json slide index
[31m   ΓåÆ ENOENT: no such file or directory, open 'C:\source\SOLON\test-chains-export\chain-test-projectjson\exports\export-1\project.json'[39m
 [31m├ù[39m server/__tests__/export-manager.test.js[2m > [22mexport-manager[2m > [22mcreateExport[2m > [22mshould create self-contained slide HTML with head content
[31m   ΓåÆ ENOENT: no such file or directory, open 'C:\source\SOLON\test-chains-export\chain-test-slidehtml\exports\export-1\slide-1.html'[39m
 [31m├ù[39m server/__tests__/export-manager.test.js[2m > [22mexport-manager[2m > [22mcreateExport[2m > [22mshould extract slide title from h1 heading
[31m   ΓåÆ ENOENT: no such file or directory, open 'C:\source\SOLON\test-chains-export\chain-test-title\exports\export-1\export.json'[39m
 [31m├ù[39m server/__tests__/export-manager.test.js[2m > [22mexport-manager[2m > [22mcreateExport[2m > [22mshould use provided slide metadata when given
[31m   ΓåÆ ENOENT: no such file or directory, open 'C:\source\SOLON\test-chains-export\chain-test-metadata\exports\export-1\export.json'[39m
 [31m├ù[39m server/__tests__/export-manager.test.js[2m > [22mexport-manager[2m > [22mcreateExport[2m > [22mshould update chain.json with export entry
[31m   ΓåÆ expected [] to have a length of 1 but got +0[39m
 [31m├ù[39m server/__tests__/export-manager.test.js[2m > [22mexport-manager[2m > [22mcreateExport[2m > [22mshould increment export number for subsequent exports
[31m   ΓåÆ Cannot read properties of null (reading 'exportId')[39m
 [32mΓ£ô[39m server/__tests__/export-manager.test.js[2m > [22mexport-manager[2m > [22mcreateExport[2m > [22mshould return null for missing chainId
 [32mΓ£ô[39m server/__tests__/export-manager.test.js[2m > [22mexport-manager[2m > [22mcreateExport[2m > [22mshould return null for missing roundId
 [32mΓ£ô[39m server/__tests__/export-manager.test.js[2m > [22mexport-manager[2m > [22mcreateExport[2m > [22mshould return null for non-existent output file
 [32mΓ£ô[39m server/__tests__/export-manager.test.js[2m > [22mexport-manager[2m > [22mcreateExport[2m > [22mshould return null for invalid outputFile name
 [31m├ù[39m server/__tests__/export-manager.test.js[2m > [22mexport-manager[2m > [22mcreateExport[2m > [22mshould handle single-slide HTML
[31m   ΓåÆ expected null not to be null[39m
 [32mΓ£ô[39m server/__tests__/export-manager.test.js[2m > [22mexport-manager[2m > [22mlistExports[2m > [22mshould return empty array for chain with no exports
 [31m├ù[39m server/__tests__/export-manager.test.js[2m > [22mexport-manager[2m > [22mlistExports[2m > [22mshould list exports newest first
[31m   ΓåÆ expected [] to have a length of 3 but got +0[39m
 [32mΓ£ô[39m server/__tests__/export-manager.test.js[2m > [22mexport-manager[2m > [22mlistExports[2m > [22mshould return empty array for non-existent chain
 [32mΓ£ô[39m server/__tests__/export-manager.test.js[2m > [22mexport-manager[2m > [22mlistExports[2m > [22mshould return empty array for invalid chainId
 [31m├ù[39m server/__tests__/export-manager.test.js[2m > [22mexport-manager[2m > [22mgetExport[2m > [22mshould return export.json data for valid export
[31m   ΓåÆ expected null not to be null[39m
 [32mΓ£ô[39m server/__tests__/export-manager.test.js[2m > [22mexport-manager[2m > [22mgetExport[2m > [22mshould return null for non-existent export
 [32mΓ£ô[39m server/__tests__/export-manager.test.js[2m > [22mexport-manager[2m > [22mgetExport[2m > [22mshould return null for invalid exportId
 [32mΓ£ô[39m server/__tests__/export-manager.test.js[2m > [22mexport-manager[2m > [22mgetExport[2m > [22mshould return null for invalid chainId
 [31m├ù[39m server/__tests__/export-manager.test.js[2m > [22mexport-manager[2m > [22mgetExportProjectIndex[2m > [22mshould return project.json data for valid export
[31m   ΓåÆ expected null not to be null[39m
 [32mΓ£ô[39m server/__tests__/export-manager.test.js[2m > [22mexport-manager[2m > [22mgetExportProjectIndex[2m > [22mshould return null for non-existent export
 [31m├ù[39m server/__tests__/export-manager.test.js[2m > [22mexport-manager[2m > [22mresolveSlideFilePath[2m > [22mshould return valid path for existing slide file
[31m   ΓåÆ expected null not to be null[39m
 [32mΓ£ô[39m server/__tests__/export-manager.test.js[2m > [22mexport-manager[2m > [22mresolveSlideFilePath[2m > [22mshould return null for non-existent slide file
 [32mΓ£ô[39m server/__tests__/export-manager.test.js[2m > [22mexport-manager[2m > [22mresolveSlideFilePath[2m > [22mshould return null for invalid slide file name (path traversal)
 [32mΓ£ô[39m server/__tests__/export-manager.test.js[2m > [22mexport-manager[2m > [22mresolveSlideFilePath[2m > [22mshould return null for invalid slide file pattern
 [32mΓ£ô[39m server/__tests__/export-manager.test.js[2m > [22mexport-manager[2m > [22mresolveSlideFilePath[2m > [22mshould return null for invalid exportId
 [32mΓ£ô[39m server/__tests__/export-manager.test.js[2m > [22mexport-manager[2m > [22mgetExportCount[2m > [22mshould return 0 for chain with no exports
 [31m├ù[39m server/__tests__/export-manager.test.js[2m > [22mexport-manager[2m > [22mgetExportCount[2m > [22mshould return correct count after creating exports
[31m   ΓåÆ expected +0 to be 1 // Object.is equality[39m
 [32mΓ£ô[39m server/__tests__/export-manager.test.js[2m > [22mexport-manager[2m > [22mgetExportCount[2m > [22mshould return 0 for non-existent chain
 [31m├ù[39m server/__tests__/export-manager.test.js[2m > [22mexport-manager[2m > [22mdeleteExport[2m > [22mshould delete export directory and update chain.json
[31m   ΓåÆ expected false to be true // Object.is equality[39m
 [31m├ù[39m server/__tests__/export-manager.test.js[2m > [22mexport-manager[2m > [22mdeleteExport[2m > [22mshould update lastExport to previous when deleting latest
[31m   ΓåÆ expected [] to have a length of 1 but got +0[39m
 [32mΓ£ô[39m server/__tests__/export-manager.test.js[2m > [22mexport-manager[2m > [22mdeleteExport[2m > [22mshould return false for non-existent export
 [32mΓ£ô[39m server/__tests__/export-manager.test.js[2m > [22mexport-manager[2m > [22mdeleteExport[2m > [22mshould return false for invalid exportId
 [31m├ù[39m server/__tests__/export-manager.test.js[2m > [22mexport-manager[2m > [22mbuildExportZip[2m > [22mshould build a valid ZIP buffer
[31m   ΓåÆ expected null not to be null[39m
 [31m├ù[39m server/__tests__/export-manager.test.js[2m > [22mexport-manager[2m > [22mbuildExportZip[2m > [22mshould produce a buffer with ZIP magic bytes (PK signature)
[31m   ΓåÆ Cannot read properties of null (reading 'buffer')[39m
 [31m├ù[39m server/__tests__/export-manager.test.js[2m > [22mexport-manager[2m > [22mbuildExportZip[2m > [22mshould include project name in zip filename
[31m   ΓåÆ Cannot read properties of null (reading 'filename')[39m
 [32mΓ£ô[39m server/__tests__/export-manager.test.js[2m > [22mexport-manager[2m > [22mbuildExportZip[2m > [22mshould return null for non-existent export
 [32mΓ£ô[39m server/__tests__/export-manager.test.js[2m > [22mexport-manager[2m > [22mbuildExportZip[2m > [22mshould return null for invalid chainId
 [32mΓ£ô[39m server/__tests__/project-manager.test.js[2m > [22mProject Manager[2m > [22mlistProjects[2m > [22mshould sort projects by updatedAt descending
 [32mΓ£ô[39m server/__tests__/project-manager.test.js[2m > [22mProject Manager[2m > [22mupdateProject[2m > [22mshould update project status
 [32mΓ£ô[39m server/__tests__/project-manager.test.js[2m > [22mProject Manager[2m > [22mupdateProject[2m > [22mshould reject invalid status
 [32mΓ£ô[39m server/__tests__/project-manager.test.js[2m > [22mProject Manager[2m > [22mupdateProject[2m > [22mshould return false for non-existent project
 [32mΓ£ô[39m server/__tests__/project-manager.test.js[2m > [22mProject Manager[2m > [22mdeleteProject[2m > [22mshould delete project and all contents
 [32mΓ£ô[39m server/__tests__/project-manager.test.js[2m > [22mProject Manager[2m > [22mdeleteProject[2m > [22mshould return false for non-existent project
 [32mΓ£ô[39m server/__tests__/project-manager.test.js[2m > [22mProject Manager[2m > [22maddTemplate[2m > [22mshould add template to existing project
 [32mΓ£ô[39m server/__tests__/project-manager.test.js[2m > [22mProject Manager[2m > [22maddTemplate[2m > [22mshould return error for non-existent project
 [32mΓ£ô[39m server/__tests__/project-manager.test.js[2m > [22mProject Manager[2m > [22maddTemplate[2m > [22mshould save template file
 [32mΓ£ô[39m server/__tests__/project-manager.test.js[2m > [22mProject Manager[2m > [22mcreateFlow[2m > [22mshould create flow from template
 [32mΓ£ô[39m server/__tests__/project-manager.test.js[2m > [22mProject Manager[2m > [22mcreateFlow[2m > [22mshould create flow directory structure
 [32mΓ£ô[39m server/__tests__/project-manager.test.js[2m > [22mProject Manager[2m > [22mcreateFlow[2m > [22mshould return error for non-existent template
 [32mΓ£ô[39m server/__tests__/project-manager.test.js[2m > [22mProject Manager[2m > [22mloadFlow[2m > [22mshould load existing flow
 [32mΓ£ô[39m server/__tests__/project-manager.test.js[2m > [22mProject Manager[2m > [22mloadFlow[2m > [22mshould return null for non-existent flow
 [32mΓ£ô[39m server/__tests__/project-manager.test.js[2m > [22mProject Manager[2m > [22mloadZones and saveZones[2m > [22mshould load zones for flow
 [32mΓ£ô[39m server/__tests__/project-manager.test.js[2m > [22mProject Manager[2m > [22mloadZones and saveZones[2m > [22mshould save zones for flow
 [32mΓ£ô[39m server/__tests__/project-manager.test.js[2m > [22mProject Manager[2m > [22mresolveProjectDir and resolveFlowDir[2m > [22mshould resolve valid project directory
 [32mΓ£ô[39m server/__tests__/project-manager.test.js[2m > [22mProject Manager[2m > [22mresolveProjectDir and resolveFlowDir[2m > [22mshould return null for invalid project name
 [32mΓ£ô[39m server/__tests__/project-manager.test.js[2m > [22mProject Manager[2m > [22mresolveProjectDir and resolveFlowDir[2m > [22mshould resolve valid flow directory
 [32mΓ£ô[39m server/__tests__/project-manager.test.js[2m > [22mProject Manager[2m > [22mresolveProjectDir and resolveFlowDir[2m > [22mshould return null for invalid flow id
 [32mΓ£ô[39m server/__tests__/project-manager.test.js[2m > [22mProject Manager[2m > [22mreadTemplate[2m > [22mshould read template content
 [32mΓ£ô[39m server/__tests__/project-manager.test.js[2m > [22mProject Manager[2m > [22mreadTemplate[2m > [22mshould return null for non-existent template
[90mstderr[2m | server/__tests__/package-manager.test.js[2m > [22m[2mPackageManager[2m > 
[22m[2mcreatePackage[2m > [22m[2mshould create a new package
[22m[39m[structure-manager] createStructure error: Chain test-chain-1776370759035 not found

[90mstderr[2m | server/__tests__/package-manager.test.js[2m > [22m[2mPackageManager[2m > 
[22m[2mcreatePackage[2m > [22m[2mshould return null if name is missing
[22m[39m[structure-manager] createStructure error: Chain test-chain-1776370759035 not found

[90mstderr[2m | server/__tests__/package-manager.test.js[2m > [22m[2mPackageManager[2m > 
[22m[2mlistPackages[2m > [22m[2mshould list all packages for a chain
[22m[39m[structure-manager] createStructure error: Chain test-chain-1776370759035 not found

[90mstderr[2m | server/__tests__/package-manager.test.js[2m > [22m[2mPackageManager[2m > [22m[2mgetPackage[2m 
> [22m[2mshould retrieve a package by ID
[22m[39m[structure-manager] createStructure error: Chain test-chain-1776370759035 not found

[90mstderr[2m | server/__tests__/package-manager.test.js[2m > [22m[2mPackageManager[2m > 
[22m[2mupdatePackage[2m > [22m[2mshould update package metadata
[22m[39m[structure-manager] createStructure error: Chain test-chain-1776370759035 not found

[90mstderr[2m | server/__tests__/package-manager.test.js[2m > [22m[2mPackageManager[2m > 
[22m[2mupdatePackage[2m > [22m[2mshould not allow changing packageId
[22m[39m[structure-manager] createStructure error: Chain test-chain-1776370759035 not found

[90mstderr[2m | server/__tests__/package-manager.test.js[2m > [22m[2mPackageManager[2m > 
[22m[2mdeletePackage[2m > [22m[2mshould delete a package
[22m[39m[structure-manager] createStructure error: Chain test-chain-1776370759035 not found

[90mstderr[2m | server/__tests__/package-manager.test.js[2m > [22m[2mPackageManager[2m > 
[22m[2mbuildPackageStructure[2m > [22m[2mshould build package directory structure
[22m[39m[structure-manager] createStructure error: Chain test-chain-1776370759035 not found

[90mstderr[2m | server/__tests__/package-manager.test.js[2m > [22m[2mPackageManager[2m > 
[22m[2mgenerateManifest[2m > [22m[2mshould generate manifest.json
[22m[39m[structure-manager] createStructure error: Chain test-chain-1776370759035 not found

[90mstderr[2m | server/__tests__/package-manager.test.js[2m > [22m[2mPackageManager[2m > 
[22m[2mgenerateReadme[2m > [22m[2mshould generate README.md
[22m[39m[structure-manager] createStructure error: Chain test-chain-1776370759035 not found

[90mstderr[2m | server/__tests__/package-manager.test.js[2m > [22m[2mPackageManager[2m > 
[22m[2mgetPackageFiles[2m > [22m[2mshould list package files
[22m[39m[structure-manager] createStructure error: Chain test-chain-1776370759035 not found

[90mstderr[2m | server/__tests__/package-manager.test.js[2m > [22m[2mPackageManager[2m > 
[22m[2mvalidatePackage[2m > [22m[2mshould validate a complete package
[22m[39m[structure-manager] createStructure error: Chain test-chain-1776370759035 not found

[90mstderr[2m | server/__tests__/package-manager.test.js[2m > [22m[2mPackageManager[2m > 
[22m[2mvalidatePackage[2m > [22m[2mshould detect missing manifest
[22m[39m[structure-manager] createStructure error: Chain test-chain-1776370759035 not found

[90mstderr[2m | server/__tests__/package-manager.test.js[2m > [22m[2mPackageManager[2m > 
[22m[2mcalculatePackageSize[2m > [22m[2mshould calculate package size
[22m[39m[structure-manager] createStructure error: Chain test-chain-1776370759035 not found

[90mstderr[2m | server/__tests__/package-manager.test.js[2m > [22m[2mPackageManager[2m > 
[22m[2mgetPackageStats[2m > [22m[2mshould return comprehensive package statistics
[22m[39m[structure-manager] createStructure error: Chain test-chain-1776370759035 not found

[90mstderr[2m | server/__tests__/package-manager.test.js[2m > [22m[2mPackageManager[2m > [22m[2mIntegration: 
Full workflow[2m > [22m[2mshould complete full package creation workflow
[22m[39m[structure-manager] createStructure error: Chain test-chain-1776370759035 not found

 [31m├ù[39m server/__tests__/package-manager.test.js[2m > [22mPackageManager[2m > [22mcreatePackage[2m > [22mshould create a new package
[31m   ΓåÆ expected null to be truthy[39m
 [32mΓ£ô[39m server/__tests__/package-manager.test.js[2m > [22mPackageManager[2m > [22mcreatePackage[2m > [22mshould return null for invalid chainId
 [32mΓ£ô[39m server/__tests__/package-manager.test.js[2m > [22mPackageManager[2m > [22mcreatePackage[2m > [22mshould return null if structure does not exist
 [31m├ù[39m server/__tests__/package-manager.test.js[2m > [22mPackageManager[2m > [22mcreatePackage[2m > [22mshould return null if name is missing
[31m   ΓåÆ Cannot read properties of null (reading 'structureId')[39m
 [32mΓ£ô[39m server/__tests__/package-manager.test.js[2m > [22mPackageManager[2m > [22mlistPackages[2m > [22mshould return empty array for chain with no packages
 [31m├ù[39m server/__tests__/package-manager.test.js[2m > [22mPackageManager[2m > [22mlistPackages[2m > [22mshould list all packages for a chain
[31m   ΓåÆ Cannot read properties of null (reading 'structureId')[39m
 [32mΓ£ô[39m server/__tests__/package-manager.test.js[2m > [22mPackageManager[2m > [22mlistPackages[2m > [22mshould return empty array for invalid chainId
 [31m├ù[39m server/__tests__/package-manager.test.js[2m > [22mPackageManager[2m > [22mgetPackage[2m > [22mshould retrieve a package by ID
[31m   ΓåÆ Cannot read properties of null (reading 'structureId')[39m
 [32mΓ£ô[39m server/__tests__/package-manager.test.js[2m > [22mPackageManager[2m > [22mgetPackage[2m > [22mshould return null for nonexistent package
 [32mΓ£ô[39m server/__tests__/package-manager.test.js[2m > [22mPackageManager[2m > [22mgetPackage[2m > [22mshould return null for invalid chainId
 [31m├ù[39m server/__tests__/package-manager.test.js[2m > [22mPackageManager[2m > [22mupdatePackage[2m > [22mshould update package metadata
[31m   ΓåÆ Cannot read properties of null (reading 'structureId')[39m
 [31m├ù[39m server/__tests__/package-manager.test.js[2m > [22mPackageManager[2m > [22mupdatePackage[2m > [22mshould not allow changing packageId
[31m   ΓåÆ Cannot read properties of null (reading 'structureId')[39m
 [32mΓ£ô[39m server/__tests__/package-manager.test.js[2m > [22mPackageManager[2m > [22mupdatePackage[2m > [22mshould return null for nonexistent package
 [31m├ù[39m server/__tests__/package-manager.test.js[2m > [22mPackageManager[2m > [22mdeletePackage[2m > [22mshould delete a package
[31m   ΓåÆ Cannot read properties of null (reading 'structureId')[39m
 [32mΓ£ô[39m server/__tests__/package-manager.test.js[2m > [22mPackageManager[2m > [22mdeletePackage[2m > [22mshould return false for nonexistent package
 [32mΓ£ô[39m server/__tests__/package-manager.test.js[2m > [22mPackageManager[2m > [22mdeletePackage[2m > [22mshould return false for invalid chainId
 [31m├ù[39m server/__tests__/package-manager.test.js[2m > [22mPackageManager[2m > [22mbuildPackageStructure[2m > [22mshould build package directory structure
[31m   ΓåÆ Cannot read properties of null (reading 'structureId')[39m
 [32mΓ£ô[39m server/__tests__/package-manager.test.js[2m > [22mPackageManager[2m > [22mbuildPackageStructure[2m > [22mshould return false for nonexistent package
 [32mΓ£ô[39m server/__tests__/package-manager.test.js[2m > [22mPackageManager[2m > [22mbuildPackageStructure[2m > [22mshould return false for nonexistent structure
 [31m├ù[39m server/__tests__/package-manager.test.js[2m > [22mPackageManager[2m > [22mgenerateManifest[2m > [22mshould generate manifest.json
[31m   ΓåÆ Cannot read properties of null (reading 'structureId')[39m
 [32mΓ£ô[39m server/__tests__/package-manager.test.js[2m > [22mPackageManager[2m > [22mgenerateManifest[2m > [22mshould return null for nonexistent package
 [31m├ù[39m server/__tests__/package-manager.test.js[2m > [22mPackageManager[2m > [22mgenerateReadme[2m > [22mshould generate README.md
[31m   ΓåÆ Cannot read properties of null (reading 'structureId')[39m
 [32mΓ£ô[39m server/__tests__/package-manager.test.js[2m > [22mPackageManager[2m > [22mgenerateReadme[2m > [22mshould return null for nonexistent package
 [31m├ù[39m server/__tests__/package-manager.test.js[2m > [22mPackageManager[2m > [22mgetPackageFiles[2m > [22mshould list package files
[31m   ΓåÆ Cannot read properties of null (reading 'structureId')[39m
 [32mΓ£ô[39m server/__tests__/package-manager.test.js[2m > [22mPackageManager[2m > [22mgetPackageFiles[2m > [22mshould return empty array for nonexistent package
 [31m├ù[39m server/__tests__/package-manager.test.js[2m > [22mPackageManager[2m > [22mvalidatePackage[2m > [22mshould validate a complete package
[31m   ΓåÆ Cannot read properties of null (reading 'structureId')[39m
 [31m├ù[39m server/__tests__/package-manager.test.js[2m > [22mPackageManager[2m > [22mvalidatePackage[2m > [22mshould detect missing manifest
[31m   ΓåÆ Cannot read properties of null (reading 'structureId')[39m
 [32mΓ£ô[39m server/__tests__/package-manager.test.js[2m > [22mPackageManager[2m > [22mvalidatePackage[2m > [22mshould return invalid for nonexistent package
 [31m├ù[39m server/__tests__/package-manager.test.js[2m > [22mPackageManager[2m > [22mcalculatePackageSize[2m > [22mshould calculate package size
[31m   ΓåÆ Cannot read properties of null (reading 'structureId')[39m
 [32mΓ£ô[39m server/__tests__/package-manager.test.js[2m > [22mPackageManager[2m > [22mcalculatePackageSize[2m > [22mshould return 0 for nonexistent package
 [31m├ù[39m server/__tests__/package-manager.test.js[2m > [22mPackageManager[2m > [22mgetPackageStats[2m > [22mshould return comprehensive package statistics
[31m   ΓåÆ Cannot read properties of null (reading 'structureId')[39m
 [32mΓ£ô[39m server/__tests__/package-manager.test.js[2m > [22mPackageManager[2m > [22mgetPackageStats[2m > [22mshould return null for nonexistent package
 [31m├ù[39m server/__tests__/package-manager.test.js[2m > [22mPackageManager[2m > [22mIntegration: Full workflow[2m > [22mshould complete full package creation workflow
[31m   ΓåÆ Cannot read properties of null (reading 'structureId')[39m
[90mstderr[2m | server/__tests__/structure-routes.test.js[2m > [22m[2mStructure API Integration[2m > 
[22m[2mPOST /structures - Create structure[2m > [22m[2mshould return null for missing chainId
[22m[39m[structure-manager] createStructure error: chainId, name, and at least one exportId are required

[90mstderr[2m | server/__tests__/structure-routes.test.js[2m > [22m[2mStructure API Integration[2m > 
[22m[2mPOST /structures - Create structure[2m > [22m[2mshould return null for missing name
[22m[39m[structure-manager] createStructure error: chainId, name, and at least one exportId are required

[90mstderr[2m | server/__tests__/structure-routes.test.js[2m > [22m[2mStructure API Integration[2m > 
[22m[2mPOST /structures - Create structure[2m > [22m[2mshould return null for empty exportIds
[22m[39m[structure-manager] createStructure error: chainId, name, and at least one exportId are required

[90mstderr[2m | server/__tests__/structure-routes.test.js[2m > [22m[2mStructure API Integration[2m > 
[22m[2mPUT /structures/:id - Add node[2m > [22m[2mshould return null for invalid slideRef
[22m[39m[structure-manager] addNodeToStructure error: Invalid slideRef format

[90mstderr[2m | server/__tests__/structure-routes.test.js[2m > [22m[2mStructure API Integration[2m > 
[22m[2mPUT /structures/:id - Move node[2m > [22m[2mshould detect circular dependencies
[22m[39m[structure-manager] moveNode error: Moving this node would create a circular dependency

[90mstderr[2m | server/__tests__/structure-routes.test.js[2m > [22m[2mStructure API Integration[2m > 
[22m[2mPUT /structures/:id - Remove node[2m > [22m[2mshould return null for non-existent node
[22m[39m[structure-manager] removeNodeFromStructure error: Node not found

 [32mΓ£ô[39m server/__tests__/structure-routes.test.js[2m > [22mStructure API Integration[2m > [22mPOST /structures - Create structure[2m > [22mshould create a structure from selected exports
 [32mΓ£ô[39m server/__tests__/structure-routes.test.js[2m > [22mStructure API Integration[2m > [22mPOST /structures - Create structure[2m > [22mshould return null for missing chainId
 [32mΓ£ô[39m server/__tests__/structure-routes.test.js[2m > [22mStructure API Integration[2m > [22mPOST /structures - Create structure[2m > [22mshould return null for missing name
 [32mΓ£ô[39m server/__tests__/structure-routes.test.js[2m > [22mStructure API Integration[2m > [22mPOST /structures - Create structure[2m > [22mshould return null for empty exportIds
 [32mΓ£ô[39m server/__tests__/structure-routes.test.js[2m > [22mStructure API Integration[2m > [22mPOST /structures - Create structure[2m > [22mshould persist structure to disk
 [32mΓ£ô[39m server/__tests__/structure-routes.test.js[2m > [22mStructure API Integration[2m > [22mGET /structures - List structures[2m > [22mshould list all structures for a chain
 [32mΓ£ô[39m server/__tests__/structure-routes.test.js[2m > [22mStructure API Integration[2m > [22mGET /structures - List structures[2m > [22mshould return empty array for non-existent chain
 [32mΓ£ô[39m server/__tests__/structure-routes.test.js[2m > [22mStructure API Integration[2m > [22mGET /structures/:id - Get structure[2m > [22mshould retrieve a structure with full tree
 [32mΓ£ô[39m server/__tests__/structure-routes.test.js[2m > [22mStructure API Integration[2m > [22mGET /structures/:id - Get structure[2m > [22mshould return null for non-existent structure
 [32mΓ£ô[39m server/__tests__/structure-routes.test.js[2m > [22mStructure API Integration[2m > [22mPUT /structures/:id - Add node[2m > [22mshould add a node to the structure tree
 [31m├ù[39m server/__tests__/structure-routes.test.js[2m > [22mStructure API Integration[2m > [22mPUT /structures/:id - Add node[2m > [22mshould add a child node under a parent
[31m   ΓåÆ expected [] to include 'node-1776370759918'[39m
 [32mΓ£ô[39m server/__tests__/structure-routes.test.js[2m > [22mStructure API Integration[2m > [22mPUT /structures/:id - Add node[2m > [22mshould return null for invalid slideRef
 [32mΓ£ô[39m server/__tests__/structure-routes.test.js[2m > [22mStructure API Integration[2m > [22mPUT /structures/:id - Move node[2m > [22mshould move a node to a new parent
 [32mΓ£ô[39m server/__tests__/structure-routes.test.js[2m > [22mStructure API Integration[2m > [22mPUT /structures/:id - Move node[2m > [22mshould move a node to root
 [32mΓ£ô[39m server/__tests__/structure-routes.test.js[2m > [22mStructure API Integration[2m > [22mPUT /structures/:id - Move node[2m > [22mshould detect circular dependencies
 [32mΓ£ô[39m server/__tests__/structure-routes.test.js[2m > [22mStructure API Integration[2m > [22mPUT /structures/:id - Remove node[2m > [22mshould remove a node from the structure
 [32mΓ£ô[39m server/__tests__/structure-routes.test.js[2m > [22mStructure API Integration[2m > [22mPUT /structures/:id - Remove node[2m > [22mshould return null for non-existent node
 [32mΓ£ô[39m server/__tests__/structure-routes.test.js[2m > [22mStructure API Integration[2m > [22mDELETE /structures/:id - Delete structure[2m > [22mshould delete a structure
 [31m├ù[39m server/__tests__/structure-routes.test.js[2m > [22mStructure API Integration[2m > [22mDELETE /structures/:id - Delete structure[2m > [22mshould return false for non-existent structure
[31m   ΓåÆ expected true to be false // Object.is equality[39m
 [32mΓ£ô[39m server/__tests__/structure-routes.test.js[2m > [22mStructure API Integration[2m > [22mGET /structures/:id/orphans - Get orphaned slides[2m > [22mshould return orphaned slides
 [32mΓ£ô[39m server/__tests__/structure-routes.test.js[2m > [22mStructure API Integration[2m > [22mGET /structures/:id/orphans - Get orphaned slides[2m > [22mshould identify slides not in the tree
 [32mΓ£ô[39m server/__tests__/structure-routes.test.js[2m > [22mStructure API Integration[2m > [22mMetadata tracking[2m > [22mshould update metadata when nodes are added
 [32mΓ£ô[39m server/__tests__/html-flow.test.js[2m > [22mPOST /api/html-flow/upload-template[2m > [22mreturns ok:true with templateId and slideCount
 [32mΓ£ô[39m server/__tests__/html-flow.test.js[2m > [22mPOST /api/html-flow/upload-template[2m > [22mreturns a trees array (one entry per slide)
 [32mΓ£ô[39m server/__tests__/html-flow.test.js[2m > [22mPOST /api/html-flow/upload-template[2m > [22mreturns tree nodes with expected shape
 [32mΓ£ô[39m server/__tests__/generation-history-routes.test.js[2m > [22mGeneration History API Routes[2m > [22mGET /api/html-flow/:chainId/generations[2m > [22mshould return empty list for chain with no generations
 [32mΓ£ô[39m server/__tests__/html-flow.test.js[2m > [22mPOST /api/html-flow/upload-template[2m > [22mpre-populates selections from data-block attributes
 [31m├ù[39m server/__tests__/e2e-user-data.test.js[2m > [22mE2E Test with User Data[2m > [22mcompletes full workflow: upload ΓåÆ create project ΓåÆ generate recipe ΓåÆ apply content
[31m   ΓåÆ expected undefined to be defined[39m
 [32mΓ£ô[39m server/__tests__/html-flow.test.js[2m > [22mPOST /api/html-flow/upload-template[2m > [22mpre-populates block selections from data-block attributes
 [31m├ù[39m server/__tests__/export-routes.test.js[2m > [22mExport API Routes[2m > [22mPOST /api/html-flow/:chainId/exports[2m > [22mshould create an export and return exportId
[31m   ΓåÆ expected 400 to be 200 // Object.is equality[39m
 [32mΓ£ô[39m server/__tests__/html-flow.test.js[2m > [22mPOST /api/html-flow/upload-template[2m > [22mreturns empty selections for a plain template with no data-block
 [32mΓ£ô[39m server/__tests__/html-flow.test.js[2m > [22mPOST /api/html-flow/upload-template[2m > [22mreturns a non-fatal NO_ZONES violation for a plain template
 [32mΓ£ô[39m server/__tests__/html-flow.test.js[2m > [22mPOST /api/html-flow/upload-template[2m > [22mreturns 422 for a template with no <section>
 [31m├ù[39m server/__tests__/generation-history-routes.test.js[2m > [22mGeneration History API Routes[2m > [22mGET /api/html-flow/:chainId/generations[2m > [22mshould list all generations
[31m   ΓåÆ expected 400 to be 200 // Object.is equality[39m
 [32mΓ£ô[39m server/__tests__/html-flow.test.js[2m > [22mPOST /api/html-flow/upload-template[2m > [22mreturns previewHtml
 [31m├ù[39m server/__tests__/e2e-user-data.test.js[2m > [22mE2E Test with User Data[2m > [22mdoes not produce "undefined" in error messages when zones lack keys
[31m   ΓåÆ expected 400 to be 200 // Object.is equality[39m
 [31m├ù[39m server/__tests__/export-routes.test.js[2m > [22mExport API Routes[2m > [22mPOST /api/html-flow/:chainId/exports[2m > [22mshould create export with slide metadata
[31m   ΓåÆ expected 400 to be 200 // Object.is equality[39m
 [32mΓ£ô[39m server/__tests__/html-flow.test.js[2m > [22mPOST /api/html-flow/upload-template[2m > [22mreturns 400 when html is missing
 [31m├ù[39m server/__tests__/generation-history-routes.test.js[2m > [22mGeneration History API Routes[2m > [22mGET /api/html-flow/:chainId/generations[2m > [22mshould filter by type
[31m   ΓåÆ expected [] to have a length of 1 but got +0[39m
 [32mΓ£ô[39m server/__tests__/html-flow.test.js[2m > [22mPOST /api/html-flow/upload-template[2m > [22mreturns 400 for a file exceeding 5MB
 [32mΓ£ô[39m server/__tests__/html-flow.test.js[2m > [22mPOST /api/html-flow/upload-template[2m > [22mpreviewHtml contains data-solon-id attributes for tree node highlighting
 [31m├ù[39m server/__tests__/export-routes.test.js[2m > [22mExport API Routes[2m > [22mPOST /api/html-flow/:chainId/exports[2m > [22mshould increment exportNumber for subsequent exports
[31m   ΓåÆ expected 400 to be 200 // Object.is equality[39m
 [32mΓ£ô[39m server/__tests__/html-flow.test.js[2m > [22mPOST /api/html-flow/upload-template[2m > [22mdetects DUPLICATE_ZONE_KEY violation
 [32mΓ£ô[39m server/__tests__/html-flow.test.js[2m > [22mPATCH /api/html-flow/update-selections[2m > [22mreturns ok:true and echoes back the selections
 [32mΓ£ô[39m server/__tests__/html-flow.test.js[2m > [22mPATCH /api/html-flow/update-selections[2m > [22mreturns 404 for unknown templateId
 [31m├ù[39m server/__tests__/export-routes.test.js[2m > [22mExport API Routes[2m > [22mPOST /api/html-flow/:chainId/exports[2m > [22mshould return 400 when roundId is missing
[31m   ΓåÆ expected 400 to be 200 // Object.is equality[39m
 [32mΓ£ô[39m server/__tests__/html-flow.test.js[2m > [22mPATCH /api/html-flow/update-selections[2m > [22mreturns 400 when selections is not an array
 [31m├ù[39m server/__tests__/generation-history-routes.test.js[2m > [22mGeneration History API Routes[2m > [22mGET /api/html-flow/:chainId/generations[2m > [22mshould support pagination
[31m   ΓåÆ expected [] to have a length of 2 but got +0[39m
 [32mΓ£ô[39m server/__tests__/generation-history-routes.test.js[2m > [22mGeneration History API Routes[2m > [22mGET /api/html-flow/:chainId/generations[2m > [22mshould return 400 for invalid chainId
 [31m├ù[39m server/__tests__/export-routes.test.js[2m > [22mExport API Routes[2m > [22mPOST /api/html-flow/:chainId/exports[2m > [22mshould return 400 when outputFile is missing
[31m   ΓåÆ expected 400 to be 200 // Object.is equality[39m
 [31m├ù[39m server/__tests__/generation-history-routes.test.js[2m > [22mGeneration History API Routes[2m > [22mGET /api/html-flow/:chainId/generations/:generationId[2m > [22mshould get single generation details
[31m   ΓåÆ expected 400 to be 200 // Object.is equality[39m
 [31m├ù[39m server/__tests__/html-flow.test.js[2m > [22mPOST /api/html-flow/create-project[2m > [22mreturns ok:true with chainId
[31m   ΓåÆ .toMatch() expects to receive a string, but got undefined[39m
 [32mΓ£ô[39m server/__tests__/export-routes.test.js[2m > [22mExport API Routes[2m > [22mPOST /api/html-flow/:chainId/exports[2m > [22mshould return 400 or 404 for invalid chainId
 [32mΓ£ô[39m server/__tests__/html-flow.test.js[2m > [22mPOST /api/html-flow/create-project[2m > [22mderives zones from selections and returns them
 [32mΓ£ô[39m server/__tests__/generation-history-routes.test.js[2m > [22mGeneration History API Routes[2m > [22mGET /api/html-flow/:chainId/generations/:generationId[2m > [22mshould return 404 for non-existent generation
 [31m├ù[39m server/__tests__/export-routes.test.js[2m > [22mExport API Routes[2m > [22mPOST /api/html-flow/:chainId/exports[2m > [22mshould return 400 when slideMetadata is not an array
[31m   ΓåÆ expected 400 to be 200 // Object.is equality[39m
 [31m├ù[39m server/__tests__/html-flow.test.js[2m > [22mPOST /api/html-flow/create-project[2m > [22mwrites zones to chain.json on disk
[31m   ΓåÆ The "path" argument must be of type string. Received undefined[39m
 [32mΓ£ô[39m server/__tests__/export-routes.test.js[2m > [22mExport API Routes[2m > [22mPOST /api/html-flow/:chainId/exports[2m > [22mshould return 404 for non-existent chain
 [31m├ù[39m server/__tests__/html-flow.test.js[2m > [22mPOST /api/html-flow/create-project[2m > [22mpersists selections alongside zones in chain.json
[31m   ΓåÆ The "path" argument must be of type string. Received undefined[39m
 [31m├ù[39m server/__tests__/generation-history-routes.test.js[2m > [22mGeneration History API Routes[2m > [22mDELETE /api/html-flow/:chainId/generations/:generationId[2m > [22mshould delete a generation
[31m   ΓåÆ expected 404 to be 200 // Object.is equality[39m
 [31m├ù[39m server/__tests__/export-routes.test.js[2m > [22mExport API Routes[2m > [22mGET /api/html-flow/:chainId/exports[2m > [22mshould return empty list when no exports exist
[31m   ΓåÆ expected 400 to be 200 // Object.is equality[39m
 [32mΓ£ô[39m server/__tests__/html-flow.test.js[2m > [22mPOST /api/html-flow/create-project[2m > [22mresolves conflicts: block supersedes descendant leaf
 [32mΓ£ô[39m server/__tests__/generation-history-routes.test.js[2m > [22mGeneration History API Routes[2m > [22mDELETE /api/html-flow/:chainId/generations/:generationId[2m > [22mshould return 404 for non-existent generation
 [32mΓ£ô[39m server/__tests__/html-flow.test.js[2m > [22mPOST /api/html-flow/create-project[2m > [22maccepts client-supplied selections overriding auto-detected ones
 [31m├ù[39m server/__tests__/export-routes.test.js[2m > [22mExport API Routes[2m > [22mGET /api/html-flow/:chainId/exports[2m > [22mshould list exports after creation
[31m   ΓåÆ expected 400 to be 200 // Object.is equality[39m
 [32mΓ£ô[39m server/__tests__/html-flow.test.js[2m > [22mPOST /api/html-flow/create-project[2m > [22mreturns 404 for expired/unknown templateId
 [31m├ù[39m server/__tests__/html-flow.test.js[2m > [22mPOST /api/html-flow/create-project[2m > [22maccepts and persists repeatableSlides in chain.json
[31m   ΓåÆ The "path" argument must be of type string. Received undefined[39m
 [31m├ù[39m server/__tests__/generation-history-routes.test.js[2m > [22mGeneration History API Routes[2m > [22mGET /api/html-flow/:chainId/generations-stats[2m > [22mshould return generation statistics
[31m   ΓåÆ expected +0 to be 2 // Object.is equality[39m
 [31m├ù[39m server/__tests__/export-routes.test.js[2m > [22mExport API Routes[2m > [22mGET /api/html-flow/:chainId/exports[2m > [22mshould list multiple exports newest first
[31m   ΓåÆ expected 400 to be 200 // Object.is equality[39m
 [32mΓ£ô[39m server/__tests__/export-routes.test.js[2m > [22mExport API Routes[2m > [22mGET /api/html-flow/:chainId/exports[2m > [22mshould return 400 or 404 for invalid chainId
 [32mΓ£ô[39m server/__tests__/html-flow.test.js[2m > [22mPOST /api/html-flow/create-project[2m > [22mzones on repeatable slides get isRepeatable:true
 [32mΓ£ô[39m server/__tests__/html-flow.test.js[2m > [22mPOST /api/html-flow/create-project[2m > [22mpropagates unique:false from selections to zones
 [31m├ù[39m server/__tests__/generation-history-routes.test.js[2m > [22mGeneration History API Routes[2m > [22mPOST /api/html-flow/:chainId/generations/:generationId/replay[2m > [22mshould replay a previous generation
[31m   ΓåÆ expected 404 to be 200 // Object.is equality[39m
 [31m├ù[39m server/__tests__/export-routes.test.js[2m > [22mExport API Routes[2m > [22mGET /api/html-flow/:chainId/exports/:exportId[2m > [22mshould return export details
[31m   ΓåÆ expected 400 to be 200 // Object.is equality[39m
 [31m├ù[39m server/__tests__/html-flow.test.js[2m > [22mPOST /api/html-flow/create-project[2m > [22mdefaults missing repeatableSlides to empty array
[31m   ΓåÆ The "path" argument must be of type string. Received undefined[39m
 [32mΓ£ô[39m server/__tests__/generation-history-routes.test.js[2m > [22mGeneration History API Routes[2m > [22mPOST /api/html-flow/:chainId/generations/:generationId/replay[2m > [22mshould return 404 for non-round generation
 [31m├ù[39m server/__tests__/export-routes.test.js[2m > [22mExport API Routes[2m > [22mGET /api/html-flow/:chainId/exports/:exportId[2m > [22mshould return 404 for non-existent export
[31m   ΓåÆ expected 400 to be 200 // Object.is equality[39m
 [32mΓ£ô[39m server/__tests__/export-routes.test.js[2m > [22mExport API Routes[2m > [22mGET /api/html-flow/:chainId/exports/:exportId[2m > [22mshould return 400 or 404 for invalid chainId
 [31m├ù[39m server/__tests__/html-flow.test.js[2m > [22mPOST /api/html-flow/generate-recipe[2m > [22mreturns a recipe string for a leaf project (now block zones)
[31m   ΓåÆ expected 400 to be 200 // Object.is equality[39m
 [31m├ù[39m server/__tests__/generation-history-routes.test.js[2m > [22mGeneration History API Routes[2m > [22mGET /api/html-flow/:chainId/generations-export[2m > [22mshould export all generations as JSON file
[31m   ΓåÆ expected 404 to be 200 // Object.is equality[39m
 [32mΓ£ô[39m server/__tests__/generation-history-routes.test.js[2m > [22mGeneration History API Routes[2m > [22mGET /api/html-flow/:chainId/generations-export[2m > [22mshould return 404 for non-existent chain
 [31m├ù[39m server/__tests__/html-flow.test.js[2m > [22mPOST /api/html-flow/generate-recipe[2m > [22mincludes BLOCK ZONES section for a project with block zones
[31m   ΓåÆ expected 400 to be 200 // Object.is equality[39m
 [31m├ù[39m server/__tests__/export-routes.test.js[2m > [22mExport API Routes[2m > [22mGET /api/html-flow/:chainId/exports/:exportId/project[2m > [22mshould return project.json slide index
[31m   ΓåÆ expected 400 to be 200 // Object.is equality[39m
 [31m├ù[39m server/__tests__/generation-history-routes.test.js[2m > [22mGeneration History API Routes[2m > [22mIntegration: Full generation lifecycle[2m > [22mshould track complete generation lifecycle
[31m   ΓåÆ expected 400 to be 200 // Object.is equality[39m
 [31m├ù[39m server/__tests__/export-routes.test.js[2m > [22mExport API Routes[2m > [22mGET /api/html-flow/:chainId/exports/:exportId/project[2m > [22mshould return 404 for non-existent export
[31m   ΓåÆ expected 400 to be 200 // Object.is equality[39m
 [31m├ù[39m server/__tests__/html-flow.test.js[2m > [22mPOST /api/html-flow/generate-recipe[2m > [22mprepends global guidance when provided
[31m   ΓåÆ the given combination of arguments (undefined and string) is invalid for this assertion. You can use an array, a map, an object, a set, a string, or a weakset instead of a string[39m
 [32mΓ£ô[39m server/__tests__/html-flow.test.js[2m > [22mPOST /api/html-flow/generate-recipe[2m > [22mreturns 404 for unknown chainId
 [32mΓ£ô[39m server/__tests__/html-flow.test.js[2m > [22mPOST /api/html-flow/generate-recipe[2m > [22mreturns 400 when chainId is missing
 [31m├ù[39m server/__tests__/export-routes.test.js[2m > [22mExport API Routes[2m > [22mGET /api/html-flow/:chainId/exports/:exportId/slides/:slideFile[2m > [22mshould download a slide HTML file
[31m   ΓåÆ expected 400 to be 200 // Object.is equality[39m
 [31m├ù[39m server/__tests__/html-flow.test.js[2m > [22mPOST /api/html-flow/validate-json[2m > [22mreturns valid:true for correct leaf JSON
[31m   ΓåÆ expected 400 to be 200 // Object.is equality[39m
[90mstdout[2m | server/__tests__/full-browser-flow.test.js[2m > [22m[2mFull Browser Flow Simulation[2m > [22m[2mStep 1: Upload template
[22m[39m
≡ƒôñ STEP 1: Upload Template

 [31m├ù[39m server/__tests__/export-routes.test.js[2m > [22mExport API Routes[2m > [22mGET /api/html-flow/:chainId/exports/:exportId/slides/:slideFile[2m > [22mshould return 404 for non-existent slide
[31m   ΓåÆ expected 400 to be 200 // Object.is equality[39m
 [31m├ù[39m server/__tests__/html-flow.test.js[2m > [22mPOST /api/html-flow/validate-json[2m > [22mreturns valid:false for missing fields
[31m   ΓåÆ expected undefined to be false // Object.is equality[39m
[90mstderr[2m | server/__tests__/package-routes.test.js[2m > [22m[2mPackage API Endpoints[2m > [22m[2mPOST 
/api/html-flow/:chainId/packages[2m > [22m[2mshould create a new package
[22m[39m[structure-manager] createStructure error: Chain test-chain-1776370761231 not found

 [31m├ù[39m server/__tests__/export-routes.test.js[2m > [22mExport API Routes[2m > [22mGET /api/html-flow/:chainId/exports/:exportId/slides/:slideFile[2m > [22mshould reject path traversal attempts in slideFile
[31m   ΓåÆ expected 400 to be 200 // Object.is equality[39m
[90mstderr[2m | server/__tests__/package-routes.test.js[2m > [22m[2mPackage API Endpoints[2m > [22m[2mPOST 
/api/html-flow/:chainId/packages[2m > [22m[2mshould return 400 for missing name
[22m[39m[structure-manager] createStructure error: Chain test-chain-1776370761231 not found

 [31m├ù[39m server/__tests__/package-routes.test.js[2m > [22mPackage API Endpoints[2m > [22mPOST /api/html-flow/:chainId/packages[2m > [22mshould create a new package
[31m   ΓåÆ Cannot read properties of null (reading 'structureId')[39m
 [31m├ù[39m server/__tests__/package-routes.test.js[2m > [22mPackage API Endpoints[2m > [22mPOST /api/html-flow/:chainId/packages[2m > [22mshould return 400 for missing name
[31m   ΓåÆ Cannot read properties of null (reading 'structureId')[39m
 [31m├ù[39m server/__tests__/html-flow.test.js[2m > [22mPOST /api/html-flow/validate-json[2m > [22mreturns valid:false for invalid JSON syntax
[31m   ΓåÆ expected undefined to be false // Object.is equality[39m
 [32mΓ£ô[39m server/__tests__/html-flow.test.js[2m > [22mPOST /api/html-flow/validate-json[2m > [22mreturns 404 for unknown chainId
 [32mΓ£ô[39m server/__tests__/projects-routes.test.js[2m > [22mProjects API Routes[2m > [22mGET /api/projects[2m > [22mshould return empty list when no projects exist
 [31m├ù[39m server/__tests__/export-routes.test.js[2m > [22mExport API Routes[2m > [22mGET /api/html-flow/:chainId/exports/:exportId/slides/:slideFile[2m > [22mshould reject invalid slide file names
[31m   ΓåÆ expected 400 to be 200 // Object.is equality[39m
 [31m├ù[39m server/__tests__/html-flow.test.js[2m > [22mPOST /api/html-flow/apply-content[2m > [22mapplies leaf content and returns ok:true with outputFile
[31m   ΓåÆ expected 400 to be 200 // Object.is equality[39m
[90mstdout[2m | server/__tests__/full-browser-flow.test.js[2m > [22m[2mFull Browser Flow Simulation[2m > [22m[2mStep 1: Upload template
[22m[39m   Status: 200
   Template ID: a056f2ee-af48-48fc-aa32-f363c9daa0cf
   Slide Count: 1
   Zones Detected: 0

[90mstdout[2m | server/__tests__/full-browser-flow.test.js[2m > [22m[2mFull Browser Flow Simulation[2m > [22m[2mStep 2: Create project with selections
[22m[39m
≡ƒöº STEP 2: Create Project

 [32mΓ£ô[39m server/__tests__/full-browser-flow.test.js[2m > [22mFull Browser Flow Simulation[2m > [22mStep 1: Upload template
 [32mΓ£ô[39m server/__tests__/package-routes.test.js[2m > [22mPackage API Endpoints[2m > [22mPOST /api/html-flow/:chainId/packages[2m > [22mshould return 400 for missing structureId
 [31m├ù[39m server/__tests__/export-routes.test.js[2m > [22mExport API Routes[2m > [22mGET /api/html-flow/:chainId/exports/:exportId/download[2m > [22mshould download ZIP archive
[31m   ΓåÆ expected 400 to be 200 // Object.is equality[39m
[90mstderr[2m | server/__tests__/package-routes.test.js[2m > [22m[2mPackage API Endpoints[2m > [22m[2mGET 
/api/html-flow/:chainId/packages[2m > [22m[2mshould list all packages
[22m[39m[structure-manager] createStructure error: Chain test-chain-1776370761231 not found

[90mstdout[2m | server/__tests__/full-browser-flow.test.js[2m > [22m[2mFull Browser Flow Simulation[2m > [22m[2mStep 2: Create project with selections
[22m[39m   Status: 200
   Chain ID: undefined
   Zones Created: 4
   Zones with Keys: 3
   Ignored Zones: 1

 [31m├ù[39m server/__tests__/html-flow.test.js[2m > [22mPOST /api/html-flow/apply-content[2m > [22mpatched output contains AI values
[31m   ΓåÆ the given combination of arguments (undefined and string) is invalid for this assertion. You can use an array, a map, an object, a set, a string, or a weakset instead of a string[39m
[90mstdout[2m | server/__tests__/full-browser-flow.test.js[2m > [22m[2mFull Browser Flow Simulation[2m > [22m[2mStep 3: Generate recipe
[22m[39m
≡ƒô¥ STEP 3: Generate Recipe

 [32mΓ£ô[39m server/__tests__/package-routes.test.js[2m > [22mPackage API Endpoints[2m > [22mPOST /api/html-flow/:chainId/packages[2m > [22mshould return 400 for invalid chainId
 [31m├ù[39m server/__tests__/package-routes.test.js[2m > [22mPackage API Endpoints[2m > [22mGET /api/html-flow/:chainId/packages[2m > [22mshould list all packages
[31m   ΓåÆ Cannot read properties of null (reading 'structureId')[39m
 [31m├ù[39m server/__tests__/full-browser-flow.test.js[2m > [22mFull Browser Flow Simulation[2m > [22mStep 2: Create project with selections
[31m   ΓåÆ expected undefined to be defined[39m
 [32mΓ£ô[39m server/__tests__/package-routes.test.js[2m > [22mPackage API Endpoints[2m > [22mGET /api/html-flow/:chainId/packages[2m > [22mshould return empty array for chain with no packages
[90mstdout[2m | server/__tests__/full-browser-flow.test.js[2m > [22m[2mFull Browser Flow Simulation[2m > [22m[2mStep 3: Generate recipe
[22m[39m   Status: 400
   Recipe Length: 0 chars
   Contains "slide_1": Γ£ù
   Contains "instances": Γ£ù
   Contains "ZONES_TO_PRESERVE": Γ£ù

[90mstdout[2m | server/__tests__/full-browser-flow.test.js[2m > [22m[2mFull Browser Flow Simulation[2m > [22m[2mStep 4: Validate JSON (with 2 instances)
[22m[39m
Γ£à STEP 4: Validate JSON

 [31m├ù[39m server/__tests__/export-routes.test.js[2m > [22mExport API Routes[2m > [22mGET /api/html-flow/:chainId/exports/:exportId/download[2m > [22mshould return 404 for non-existent export
[31m   ΓåÆ expected 400 to be 200 // Object.is equality[39m
 [32mΓ£ô[39m server/__tests__/projects-routes.test.js[2m > [22mProjects API Routes[2m > [22mGET /api/projects[2m > [22mshould return list of projects
 [31m├ù[39m server/__tests__/html-flow.test.js[2m > [22mPOST /api/html-flow/apply-content[2m > [22mpatched output strips data-block attributes
[31m   ΓåÆ the given combination of arguments (undefined and string) is invalid for this assertion. You can use an array, a map, an object, a set, a string, or a weakset instead of a string[39m
 [31m├ù[39m server/__tests__/full-browser-flow.test.js[2m > [22mFull Browser Flow Simulation[2m > [22mStep 3: Generate recipe
[31m   ΓåÆ expected 400 to be 200 // Object.is equality[39m
[90mstdout[2m | server/__tests__/full-browser-flow.test.js[2m > [22m[2mFull Browser Flow Simulation[2m > [22m[2mStep 4: Validate JSON (with 2 instances)
[22m[39m   Status: 400
   Valid: Γ£ù
   Instance Count: undefined
   Found Fields: 0
   Missing Fields: 0

[90mstdout[2m | server/__tests__/full-browser-flow.test.js[2m > [22m[2mFull Browser Flow Simulation[2m > [22m[2mStep 5: Apply content and generate preview
[22m[39m
≡ƒÄ¿ STEP 5: Apply Content & Generate Preview

 [31m├ù[39m server/__tests__/full-browser-flow.test.js[2m > [22mFull Browser Flow Simulation[2m > [22mStep 4: Validate JSON (with 2 instances)
[31m   ΓåÆ expected 400 to be 200 // Object.is equality[39m
 [32mΓ£ô[39m server/__tests__/projects-routes.test.js[2m > [22mProjects API Routes[2m > [22mPOST /api/projects[2m > [22mshould create new project with template
[90mstderr[2m | server/__tests__/package-routes.test.js[2m > [22m[2mPackage API Endpoints[2m > [22m[2mGET 
/api/html-flow/:chainId/packages/:id[2m > [22m[2mshould get a specific package
[22m[39m[structure-manager] createStructure error: Chain test-chain-1776370761231 not found

[90mstdout[2m | server/__tests__/full-browser-flow.test.js[2m > [22m[2mFull Browser Flow Simulation[2m > [22m[2mStep 5: Apply content and generate preview
[22m[39m   Status: 400
   OK: Γ£ù
   Output File: undefined
   Slide Count: undefined
   Preview HTML Length: 0 chars

[90mstdout[2m | server/__tests__/full-browser-flow.test.js[2m > [22m[2mFull Browser Flow Simulation[2m > [22m[2mStep 6: Download generated output
[22m[39m
Γ¼ç∩╕Å  STEP 6: Download Output

 [31m├ù[39m server/__tests__/package-routes.test.js[2m > [22mPackage API Endpoints[2m > [22mGET /api/html-flow/:chainId/packages[2m > [22mshould return 400 for invalid chainId
[31m   ΓåÆ expected 200 to be 400 // Object.is equality[39m
 [31m├ù[39m server/__tests__/package-routes.test.js[2m > [22mPackage API Endpoints[2m > [22mGET /api/html-flow/:chainId/packages/:id[2m > [22mshould get a specific package
[31m   ΓåÆ Cannot read properties of null (reading 'structureId')[39m
 [31m├ù[39m server/__tests__/full-browser-flow.test.js[2m > [22mFull Browser Flow Simulation[2m > [22mStep 5: Apply content and generate preview
[31m   ΓåÆ expected 400 to be 200 // Object.is equality[39m
 [31m├ù[39m server/__tests__/export-routes.test.js[2m > [22mExport API Routes[2m > [22mDELETE /api/html-flow/:chainId/exports/:exportId[2m > [22mshould delete an export
[31m   ΓåÆ expected 400 to be 200 // Object.is equality[39m
 [31m├ù[39m server/__tests__/html-flow.test.js[2m > [22mPOST /api/html-flow/apply-content[2m > [22mwrites output file to disk
[31m   ΓåÆ The "path" argument must be of type string. Received undefined[39m
 [31m├ù[39m server/__tests__/zone-filtering.test.js[2m > [22mZone filtering in apply-content[2m > [22mignores zones without a key property during validation
[31m   ΓåÆ The "path" argument must be of type string. Received undefined[39m
 [32mΓ£ô[39m server/__tests__/projects-routes.test.js[2m > [22mProjects API Routes[2m > [22mPOST /api/projects[2m > [22mshould reject request without file
 [32mΓ£ô[39m server/__tests__/package-routes.test.js[2m > [22mPackage API Endpoints[2m > [22mGET /api/html-flow/:chainId/packages/:id[2m > [22mshould return 404 for nonexistent package
[90mstdout[2m | server/__tests__/full-browser-flow.test.js[2m > [22m[2mFull Browser Flow Simulation[2m > [22m[2mStep 6: Download generated output
[22m[39m   Status: 400
   Content-Type: application/json; charset=utf-8
   Content Length: 40 bytes

[90mstdout[2m | server/__tests__/full-browser-flow.test.js[2m > [22m[2mFull Browser Flow Simulation[2m > [22m[2mΓ£¿ Complete flow verification
[22m[39m
============================================================
Γ£¿ FULL BROWSER FLOW COMPLETE
============================================================

All steps passed successfully:
  Γ£ô Template uploaded
  Γ£ô Project created with ignored zone (no key property)
  Γ£ô Recipe generated correctly
  Γ£ô JSON validated without "undefined" errors
  Γ£ô Content applied to create 2 slides
  Γ£ô Preview generated and rendered
  Γ£ô Output file downloaded

≡ƒÄë The fix works end-to-end with your data!
   Zones without keys no longer cause validation errors.
============================================================


 [31m├ù[39m server/__tests__/full-browser-flow.test.js[2m > [22mFull Browser Flow Simulation[2m > [22mStep 6: Download generated output
[31m   ΓåÆ expected 400 to be 200 // Object.is equality[39m
 [32mΓ£ô[39m server/__tests__/full-browser-flow.test.js[2m > [22mFull Browser Flow Simulation[2m > [22mΓ£¿ Complete flow verification
[90mstderr[2m | server/__tests__/package-routes.test.js[2m > [22m[2mPackage API Endpoints[2m > [22m[2mPUT 
/api/html-flow/:chainId/packages/:id[2m > [22m[2mshould update package metadata
[22m[39m[structure-manager] createStructure error: Chain test-chain-1776370761231 not found

 [31m├ù[39m server/__tests__/package-routes.test.js[2m > [22mPackage API Endpoints[2m > [22mGET /api/html-flow/:chainId/packages/:id[2m > [22mshould return 400 for invalid chainId
[31m   ΓåÆ expected 404 to be 400 // Object.is equality[39m
 [31m├ù[39m server/__tests__/package-routes.test.js[2m > [22mPackage API Endpoints[2m > [22mPUT /api/html-flow/:chainId/packages/:id[2m > [22mshould update package metadata
[31m   ΓåÆ Cannot read properties of null (reading 'structureId')[39m
 [32mΓ£ô[39m server/__tests__/projects-routes.test.js[2m > [22mProjects API Routes[2m > [22mPOST /api/projects[2m > [22mshould reject invalid project name
 [31m├ù[39m server/__tests__/html-flow.test.js[2m > [22mPOST /api/html-flow/apply-content[2m > [22mrecords the round in chain.json
[31m   ΓåÆ The "path" argument must be of type string. Received undefined[39m
 [31m├ù[39m server/__tests__/zone-filtering.test.js[2m > [22mZone filtering in apply-content[2m > [22mdoes not fail with "undefined" in validation error when zones lack keys
[31m   ΓåÆ The "path" argument must be of type string. Received undefined[39m
[90mstderr[2m | server/__tests__/package-routes.test.js[2m > [22m[2mPackage API Endpoints[2m > [22m[2mDELETE 
/api/html-flow/:chainId/packages/:id[2m > [22m[2mshould delete a package
[22m[39m[structure-manager] createStructure error: Chain test-chain-1776370761231 not found

 [31m├ù[39m server/__tests__/export-routes.test.js[2m > [22mExport API Routes[2m > [22mDELETE /api/html-flow/:chainId/exports/:exportId[2m > [22mshould return 404 for non-existent export
[31m   ΓåÆ expected 400 to be 200 // Object.is equality[39m
 [32mΓ£ô[39m server/__tests__/export-routes.test.js[2m > [22mExport API Routes[2m > [22mDELETE /api/html-flow/:chainId/exports/:exportId[2m > [22mshould return 400 or 404 for invalid chainId
 [32mΓ£ô[39m server/__tests__/package-routes.test.js[2m > [22mPackage API Endpoints[2m > [22mPUT /api/html-flow/:chainId/packages/:id[2m > [22mshould return 400 for nonexistent package
 [31m├ù[39m server/__tests__/package-routes.test.js[2m > [22mPackage API Endpoints[2m > [22mDELETE /api/html-flow/:chainId/packages/:id[2m > [22mshould delete a package
[31m   ΓåÆ Cannot read properties of null (reading 'structureId')[39m
 [31m├ù[39m server/__tests__/html-flow.test.js[2m > [22mPOST /api/html-flow/apply-content[2m > [22mreturns 422 for invalid JSON
[31m   ΓåÆ expected 400 to be 422 // Object.is equality[39m
 [32mΓ£ô[39m server/__tests__/projects-routes.test.js[2m > [22mProjects API Routes[2m > [22mPOST /api/projects[2m > [22mshould create project directory on disk
 [31m├ù[39m server/__tests__/zone-filtering.test.js[2m > [22mZone filtering in apply-content[2m > [22mcorrectly filters zones and applies content successfully
[31m   ΓåÆ The "path" argument must be of type string. Received undefined[39m
[90mstderr[2m | server/__tests__/package-routes.test.js[2m > [22m[2mPackage API Endpoints[2m > [22m[2mGET 
/api/html-flow/:chainId/packages/:id/validate[2m > [22m[2mshould validate a package
[22m[39m[structure-manager] createStructure error: Chain test-chain-1776370761231 not found

 [32mΓ£ô[39m server/__tests__/package-routes.test.js[2m > [22mPackage API Endpoints[2m > [22mDELETE /api/html-flow/:chainId/packages/:id[2m > [22mshould return 404 for nonexistent package
 [31m├ù[39m server/__tests__/package-routes.test.js[2m > [22mPackage API Endpoints[2m > [22mGET /api/html-flow/:chainId/packages/:id/validate[2m > [22mshould validate a package
[31m   ΓåÆ Cannot read properties of null (reading 'structureId')[39m
 [32mΓ£ô[39m server/__tests__/html-flow.test.js[2m > [22mPOST /api/html-flow/apply-content[2m > [22mreturns 404 for unknown chainId
[90mstderr[2m | server/__tests__/package-routes.test.js[2m > [22m[2mPackage API Endpoints[2m > [22m[2mGET 
/api/html-flow/:chainId/packages/:id/stats[2m > [22m[2mshould get package statistics
[22m[39m[structure-manager] createStructure error: Chain test-chain-1776370761231 not found

 [32mΓ£ô[39m server/__tests__/projects-routes.test.js[2m > [22mProjects API Routes[2m > [22mGET /api/projects/:projectName[2m > [22mshould load existing project
 [31m├ù[39m server/__tests__/export-routes.test.js[2m > [22mExport API Routes[2m > [22mFull export workflow[2m > [22mshould support: create ΓåÆ list ΓåÆ get details ΓåÆ download ΓåÆ delete
[31m   ΓåÆ expected 400 to be 200 // Object.is equality[39m
 [31m├ù[39m server/__tests__/package-routes.test.js[2m > [22mPackage API Endpoints[2m > [22mGET /api/html-flow/:chainId/packages/:id/validate[2m > [22mshould return 404 for nonexistent package
[31m   ΓåÆ expected 200 to be 404 // Object.is equality[39m
 [31m├ù[39m server/__tests__/package-routes.test.js[2m > [22mPackage API Endpoints[2m > [22mGET /api/html-flow/:chainId/packages/:id/stats[2m > [22mshould get package statistics
[31m   ΓåÆ Cannot read properties of null (reading 'structureId')[39m
 [32mΓ£ô[39m server/__tests__/package-routes.test.js[2m > [22mPackage API Endpoints[2m > [22mGET /api/html-flow/:chainId/packages/:id/stats[2m > [22mshould return 404 for nonexistent package
 [32mΓ£ô[39m server/__tests__/package-routes.test.js[2m > [22mPackage API Endpoints[2m > [22mGET /api/html-flow/:chainId/packages/:id/download[2m > [22mshould return 404 for nonexistent package
 [32mΓ£ô[39m server/__tests__/projects-routes.test.js[2m > [22mProjects API Routes[2m > [22mGET /api/projects/:projectName[2m > [22mshould return 404 for non-existent project
 [31m├ù[39m server/__tests__/html-flow.test.js[2m > [22mGET /api/html-flow/download/:chainId/:file[2m > [22mserves the output file as a download
[31m   ΓåÆ expected 400 to be 200 // Object.is equality[39m
 [31m├ù[39m server/__tests__/export-routes.test.js[2m > [22mExport API Routes[2m > [22mFull export workflow[2m > [22mshould support multiple exports from the same round
[31m   ΓåÆ expected 400 to be 200 // Object.is equality[39m
 [32mΓ£ô[39m server/__tests__/html-flow.test.js[2m > [22mGET /api/html-flow/download/:chainId/:file[2m > [22mreturns 404 for a nonexistent file
 [32mΓ£ô[39m server/__tests__/projects-routes.test.js[2m > [22mProjects API Routes[2m > [22mPATCH /api/projects/:projectName[2m > [22mshould update project status
 [32mΓ£ô[39m server/__tests__/html-flow.test.js[2m > [22mGET /api/html-flow/download/:chainId/:file[2m > [22mreturns 400 for a path-traversal filename
 [32mΓ£ô[39m server/__tests__/html-flow.test.js[2m > [22mSecurity ΓÇö chainId path traversal[2m > [22mrejects chainId "../other-chain" in generate-recipe
 [32mΓ£ô[39m server/__tests__/projects-routes.test.js[2m > [22mProjects API Routes[2m > [22mPATCH /api/projects/:projectName[2m > [22mshould return 400 for non-existent project
 [32mΓ£ô[39m server/__tests__/html-flow.test.js[2m > [22mSecurity ΓÇö chainId path traversal[2m > [22mrejects chainId "../other-chain" in validate-json
 [32mΓ£ô[39m server/__tests__/html-flow.test.js[2m > [22mSecurity ΓÇö chainId path traversal[2m > [22mrejects chainId "../other-chain" in apply-content
 [32mΓ£ô[39m server/__tests__/projects-routes.test.js[2m > [22mProjects API Routes[2m > [22mDELETE /api/projects/:projectName[2m > [22mshould delete project
 [32mΓ£ô[39m server/__tests__/projects-routes.test.js[2m > [22mProjects API Routes[2m > [22mDELETE /api/projects/:projectName[2m > [22mshould return 400 for non-existent project
 [32mΓ£ô[39m server/__tests__/projects-routes.test.js[2m > [22mProjects API Routes[2m > [22mPOST /api/projects/:projectName/templates[2m > [22mshould upload new template to project
 [32mΓ£ô[39m server/__tests__/projects-routes.test.js[2m > [22mProjects API Routes[2m > [22mPOST /api/projects/:projectName/templates[2m > [22mshould return 400 for non-existent project
 [32mΓ£ô[39m server/__tests__/html-flow.test.js[2m > [22mSecurity ΓÇö chainId path traversal[2m > [22mrejects chainId "../other-chain" in download
 [32mΓ£ô[39m server/__tests__/html-flow.test.js[2m > [22mSecurity ΓÇö chainId path traversal[2m > [22mrejects chainId "../../etc" in generate-recipe
 [32mΓ£ô[39m server/__tests__/html-flow.test.js[2m > [22mSecurity ΓÇö chainId path traversal[2m > [22mrejects chainId "../../etc" in validate-json
 [32mΓ£ô[39m server/__tests__/html-flow.test.js[2m > [22mSecurity ΓÇö chainId path traversal[2m > [22mrejects chainId "../../etc" in apply-content
 [32mΓ£ô[39m server/__tests__/html-flow.test.js[2m > [22mSecurity ΓÇö chainId path traversal[2m > [22mrejects chainId "../../etc" in download
 [32mΓ£ô[39m server/__tests__/html-flow.test.js[2m > [22mSecurity ΓÇö chainId path traversal[2m > [22mrejects chainId "chain-abc/../../../etc" in generate-recipe
 [32mΓ£ô[39m server/__tests__/html-flow.test.js[2m > [22mSecurity ΓÇö chainId path traversal[2m > [22mrejects chainId "chain-abc/../../../etc" in validate-json
 [32mΓ£ô[39m server/__tests__/html-flow.test.js[2m > [22mSecurity ΓÇö chainId path traversal[2m > [22mrejects chainId "chain-abc/../../../etc" in apply-content
 [32mΓ£ô[39m server/__tests__/html-flow.test.js[2m > [22mSecurity ΓÇö chainId path traversal[2m > [22mrejects chainId "chain-abc/../../../etc" in download
 [32mΓ£ô[39m server/__tests__/html-flow.test.js[2m > [22mSecurity ΓÇö chainId path traversal[2m > [22mrejects chainId "chain-abc%2F..%2F..%2Fetc" in generate-recipe
 [32mΓ£ô[39m server/__tests__/html-flow.test.js[2m > [22mSecurity ΓÇö chainId path traversal[2m > [22mrejects chainId "chain-abc%2F..%2F..%2Fetc" in validate-json
 [32mΓ£ô[39m server/__tests__/html-flow.test.js[2m > [22mSecurity ΓÇö chainId path traversal[2m > [22mrejects chainId "chain-abc%2F..%2F..%2Fetc" in apply-content
 [32mΓ£ô[39m server/__tests__/html-flow.test.js[2m > [22mSecurity ΓÇö chainId path traversal[2m > [22mrejects chainId "chain-abc%2F..%2F..%2Fetc" in download
 [32mΓ£ô[39m server/__tests__/projects-routes.test.js[2m > [22mProjects API Routes[2m > [22mPOST /api/projects/:projectName/templates[2m > [22mshould reject non-HTML files
 [32mΓ£ô[39m server/__tests__/html-flow.test.js[2m > [22mSecurity ΓÇö chainId path traversal[2m > [22mcreate-project does not leak templatePath in response
 [32mΓ£ô[39m server/__tests__/projects-routes.test.js[2m > [22mProjects API Routes[2m > [22mGET /api/projects/:projectName/templates/:templateId[2m > [22mshould get template content
 [32mΓ£ô[39m server/__tests__/projects-routes.test.js[2m > [22mProjects API Routes[2m > [22mGET /api/projects/:projectName/templates/:templateId[2m > [22mshould return 404 for non-existent template
 [31m├ù[39m server/__tests__/html-flow.test.js[2m > [22mSecurity ΓÇö chainId path traversal[2m > [22mapply-content does not leak outputPath in response
[31m   ΓåÆ expected undefined to be truthy[39m
 [32mΓ£ô[39m server/__tests__/projects-routes.test.js[2m > [22mProjects API Routes[2m > [22mPOST /api/projects/:projectName/flows[2m > [22mshould create new flow from template
 [32mΓ£ô[39m server/__tests__/projects-routes.test.js[2m > [22mProjects API Routes[2m > [22mPOST /api/projects/:projectName/flows[2m > [22mshould return 400 for non-existent template
 [32mΓ£ô[39m server/__tests__/projects-routes.test.js[2m > [22mProjects API Routes[2m > [22mGET /api/projects/:projectName/flows/:flowId[2m > [22mshould load flow with zones
 [32mΓ£ô[39m server/__tests__/projects-routes.test.js[2m > [22mProjects API Routes[2m > [22mGET /api/projects/:projectName/flows/:flowId[2m > [22mshould return 404 for non-existent flow
 [32mΓ£ô[39m server/__tests__/projects-routes.test.js[2m > [22mProjects API Routes[2m > [22mGET /api/projects/:projectName/flows/:flowId/zones[2m > [22mshould get zones for flow
 [32mΓ£ô[39m server/__tests__/projects-routes.test.js[2m > [22mProjects API Routes[2m > [22mPUT /api/projects/:projectName/flows/:flowId/zones[2m > [22mshould save zones for flow
 [32mΓ£ô[39m server/__tests__/projects-routes.test.js[2m > [22mProjects API Routes[2m > [22mDELETE /api/projects/:projectName/flows/:flowId[2m > [22mshould delete flow

[31mΓÄ»ΓÄ»ΓÄ»ΓÄ»ΓÄ»ΓÄ»[1m[7m Failed Tests 165 [27m[22mΓÄ»ΓÄ»ΓÄ»ΓÄ»ΓÄ»ΓÄ»[39m

[31m[1m[7m FAIL [27m[22m[39m server/__tests__/e2e-user-data.test.js[2m > [22mE2E Test with User Data[2m > 
[22mcompletes full workflow: upload ΓåÆ create project ΓåÆ generate recipe ΓåÆ apply content
[31m[1mAssertionError[22m: expected undefined to be defined[39m
[36m [2mΓ¥»[22m server/__tests__/e2e-user-data.test.js:[2m239:36[22m[39m
    [90m237| [39m    [34mexpect[39m(createRes[33m.[39mstatus)[33m.[39m[34mtoBe[39m([34m200[39m)[33m;[39m
    [90m238| [39m    
[34mexpect[39m(createRes[33m.[39mbody[33m.[39mok)[33m.[39m[34mtoBe[39m([35mtrue[39m)[33m;[39m
    [90m239| [39m    
[34mexpect[39m(createRes[33m.[39mbody[33m.[39mchainId)[33m.[39m[34mtoBeDefined[39m()[33m;[39m
    [90m   | [39m                                   [31m^[39m
    [90m240| [39m    [35mconst[39m chainId [33m=[39m createRes[33m.[39mbody[33m.[39mchainId[33m;[39m
    [90m241| [39m

[31m[2mΓÄ»ΓÄ»ΓÄ»ΓÄ»ΓÄ»ΓÄ»ΓÄ»ΓÄ»ΓÄ»ΓÄ»ΓÄ»ΓÄ»ΓÄ»ΓÄ»ΓÄ»ΓÄ»ΓÄ»ΓÄ»ΓÄ»ΓÄ»ΓÄ»ΓÄ»[1/165]ΓÄ»[22m[39m

[31m[1m[7m FAIL [27m[22m[39m server/__tests__/e2e-user-data.test.js[2m > [22mE2E Test with User Data[2m > 
[22mdoes not produce "undefined" in error messages when zones lack keys
[31m[1mAssertionError[22m: expected 400 to be 200 // Object.is equality[39m

[32m- Expected[39m
[31m+ Received[39m

[32m- 200[39m
[31m+ 400[39m

[36m [2mΓ¥»[22m server/__tests__/e2e-user-data.test.js:[2m371:32[22m[39m
    [90m369| [39m
    [90m370| [39m    [90m// Should fail validation, but error should NOT contain "undefined"[39m
    [90m371| [39m    
[34mexpect[39m(validateRes[33m.[39mstatus)[33m.[39m[34mtoBe[39m([34m200[39m)[33m;[39m
    [90m   | [39m                               [31m^[39m
    [90m372| [39m    
[34mexpect[39m(validateRes[33m.[39mbody[33m.[39mvalid)[33m.[39m[34mtoBe[39m([35mfalse[39m)[33m;[39m
    [90m373| [39m    
[34mexpect[39m(validateRes[33m.[39mbody[33m.[39mmissingFields)[33m.[39m[34mtoBeDefined[39m()[33m;[39m

[31m[2mΓÄ»ΓÄ»ΓÄ»ΓÄ»ΓÄ»ΓÄ»ΓÄ»ΓÄ»ΓÄ»ΓÄ»ΓÄ»ΓÄ»ΓÄ»ΓÄ»ΓÄ»ΓÄ»ΓÄ»ΓÄ»ΓÄ»ΓÄ»ΓÄ»ΓÄ»[2/165]ΓÄ»[22m[39m

[31m[1m[7m FAIL [27m[22m[39m server/__tests__/export-manager.test.js[2m > [22mexport-manager[2m > 
[22mcreateExport[2m > [22mshould create an export with individual slide files
[31m[1mAssertionError[22m: expected null not to be null[39m
[36m [2mΓ¥»[22m server/__tests__/export-manager.test.js:[2m128:26[22m[39m
    [90m126| [39m      [35mconst[39m result [33m=[39m [34mcreateExport[39m(chainId[33m,[39m 
roundId[33m,[39m outputFile)[33m;[39m
    [90m127| [39m
    [90m128| [39m      [34mexpect[39m(result)[33m.[39mnot[33m.[39m[34mtoBeNull[39m()[33m;[39m
    [90m   | [39m                         [31m^[39m
    [90m129| [39m      
[34mexpect[39m(result[33m.[39mexportId)[33m.[39m[34mtoBe[39m([32m'export-1'[39m)[33m;[39m
    [90m130| [39m      
[34mexpect[39m(result[33m.[39mexportNumber)[33m.[39m[34mtoBe[39m([34m1[39m)[33m;[39m

[31m[2mΓÄ»ΓÄ»ΓÄ»ΓÄ»ΓÄ»ΓÄ»ΓÄ»ΓÄ»ΓÄ»ΓÄ»ΓÄ»ΓÄ»ΓÄ»ΓÄ»ΓÄ»ΓÄ»ΓÄ»ΓÄ»ΓÄ»ΓÄ»ΓÄ»ΓÄ»[3/165]ΓÄ»[22m[39m

[31m[1m[7m FAIL [27m[22m[39m server/__tests__/export-manager.test.js[2m > [22mexport-manager[2m > 
[22mcreateExport[2m > [22mshould create export directory with correct files
[31m[1mAssertionError[22m: expected false to be true // Object.is equality[39m

[32m- Expected[39m
[31m+ Received[39m

[32m- true[39m
[31m+ false[39m

[36m [2mΓ¥»[22m server/__tests__/export-manager.test.js:[2m142:40[22m[39m
    [90m140| [39m
    [90m141| [39m      [35mconst[39m exportDir [33m=[39m 
path[33m.[39m[34mjoin[39m([33mTEST_CHAINS_DIR[39m[33m,[39m chainId[33m,[39m [32m'exports'[39m[33m,[39mΓÇª
    [90m142| [39m      
[34mexpect[39m(fs[33m.[39m[34mexistsSync[39m(exportDir))[33m.[39m[34mtoBe[39m([35mtrue[39m)[33m;[39m
    [90m   | [39m                                       [31m^[39m
    [90m143| [39m      
[34mexpect[39m(fs[33m.[39m[34mexistsSync[39m(path[33m.[39m[34mjoin[39m(exportDir[33m,[39m 
[32m'export.json'[39m)))[33m.[39m[34mtoBe[39m(ΓÇª
    [90m144| [39m      
[34mexpect[39m(fs[33m.[39m[34mexistsSync[39m(path[33m.[39m[34mjoin[39m(exportDir[33m,[39m 
[32m'project.json'[39m)))[33m.[39m[34mtoBe[39mΓÇª

[31m[2mΓÄ»ΓÄ»ΓÄ»ΓÄ»ΓÄ»ΓÄ»ΓÄ»ΓÄ»ΓÄ»ΓÄ»ΓÄ»ΓÄ»ΓÄ»ΓÄ»ΓÄ»ΓÄ»ΓÄ»ΓÄ»ΓÄ»ΓÄ»ΓÄ»ΓÄ»[4/165]ΓÄ»[22m[39m

[31m[1m[7m FAIL [27m[22m[39m server/__tests__/export-manager.test.js[2m > [22mexport-manager[2m > 
[22mcreateExport[2m > [22mshould write valid export.json
[31m[1mError[22m: ENOENT: no such file or directory, open 
'C:\source\SOLON\test-chains-export\chain-test-exportjson\exports\export-1\export.json'[39m
[36m [2mΓ¥»[22m server/__tests__/export-manager.test.js:[2m156:40[22m[39m
    [90m154| [39m
    [90m155| [39m      [35mconst[39m exportJsonPath [33m=[39m 
path[33m.[39m[34mjoin[39m([33mTEST_CHAINS_DIR[39m[33m,[39m chainId[33m,[39m [32m'expo[39mΓÇª
    [90m156| [39m      [35mconst[39m exportData [33m=[39m 
[33mJSON[39m[33m.[39m[34mparse[39m(fs[33m.[39m[34mreadFileSync[39m(exportJsonPath[33m,[39m [32m'u[39mΓÇª
    [90m   | [39m                                       [31m^[39m
    [90m157| [39m
    [90m158| [39m      
[34mexpect[39m(exportData[33m.[39mexportId)[33m.[39m[34mtoBe[39m([32m'export-1'[39m)[33m;[39m

[31m[2mΓÄ»ΓÄ»ΓÄ»ΓÄ»ΓÄ»ΓÄ»ΓÄ»ΓÄ»ΓÄ»ΓÄ»ΓÄ»ΓÄ»ΓÄ»ΓÄ»ΓÄ»ΓÄ»ΓÄ»ΓÄ»ΓÄ»ΓÄ»ΓÄ»ΓÄ»ΓÄ»ΓÄ»ΓÄ»ΓÄ»ΓÄ»ΓÄ»ΓÄ»ΓÄ»[22m[39m
[31m[1mSerialized Error:[22m[39m [90m{ errno: -4058, code: 'ENOENT', syscall: 'open', path: 
'C:\source\SOLON\test-chains-export\chain-test-exportjson\exports\export-1\export.json' }[39m
[31m[2mΓÄ»ΓÄ»ΓÄ»ΓÄ»ΓÄ»ΓÄ»ΓÄ»ΓÄ»ΓÄ»ΓÄ»ΓÄ»ΓÄ»ΓÄ»ΓÄ»ΓÄ»ΓÄ»ΓÄ»ΓÄ»ΓÄ»ΓÄ»ΓÄ»ΓÄ»[5/165]ΓÄ»[22m[39m

[31m[1m[7m FAIL [27m[22m[39m server/__tests__/export-manager.test.js[2m > [22mexport-manager[2m > 
[22mcreateExport[2m > [22mshould write valid project.json slide index
[31m[1mError[22m: ENOENT: no such file or directory, open 
'C:\source\SOLON\test-chains-export\chain-test-projectjson\exports\export-1\project.json'[39m
[36m [2mΓ¥»[22m server/__tests__/export-manager.test.js:[2m174:41[22m[39m
    [90m172| [39m
    [90m173| [39m      [35mconst[39m projectJsonPath [33m=[39m 
path[33m.[39m[34mjoin[39m([33mTEST_CHAINS_DIR[39m[33m,[39m chainId[33m,[39m [32m'exp[39mΓÇª
    [90m174| [39m      [35mconst[39m projectData [33m=[39m 
[33mJSON[39m[33m.[39m[34mparse[39m(fs[33m.[39m[34mreadFileSync[39m(projectJsonPath[33m,[39m ΓÇª
    [90m   | [39m                                        [31m^[39m
    [90m175| [39m
    [90m176| [39m      
[34mexpect[39m(projectData[33m.[39mexportId)[33m.[39m[34mtoBe[39m([32m'export-1'[39m)[33m;[39m

[31m[2mΓÄ»ΓÄ»ΓÄ»ΓÄ»ΓÄ»ΓÄ»ΓÄ»ΓÄ»ΓÄ»ΓÄ»ΓÄ»ΓÄ»ΓÄ»ΓÄ»ΓÄ»ΓÄ»ΓÄ»ΓÄ»ΓÄ»ΓÄ»ΓÄ»ΓÄ»ΓÄ»ΓÄ»ΓÄ»ΓÄ»ΓÄ»ΓÄ»ΓÄ»ΓÄ»[22m[39m
[31m[1mSerialized Error:[22m[39m [90m{ errno: -4058, code: 'ENOENT', syscall: 'open', path: 
'C:\source\SOLON\test-chains-export\chain-test-projectjson\exports\export-1\project.json' }[39m
[31m[2mΓÄ»ΓÄ»ΓÄ»ΓÄ»ΓÄ»ΓÄ»ΓÄ»ΓÄ»ΓÄ»ΓÄ»ΓÄ»ΓÄ»ΓÄ»ΓÄ»ΓÄ»ΓÄ»ΓÄ»ΓÄ»ΓÄ»ΓÄ»ΓÄ»ΓÄ»[6/165]ΓÄ»[22m[39m

[31m[1m[7m FAIL [27m[22m[39m server/__tests__/export-manager.test.js[2m > [22mexport-manager[2m > 
[22mcreateExport[2m > [22mshould create self-contained slide HTML with head content
[31m[1mError[22m: ENOENT: no such file or directory, open 
'C:\source\SOLON\test-chains-export\chain-test-slidehtml\exports\export-1\slide-1.html'[39m
[36m [2mΓ¥»[22m server/__tests__/export-manager.test.js:[2m192:28[22m[39m
    [90m190| [39m
    [90m191| [39m      [35mconst[39m slide1Path [33m=[39m 
path[33m.[39m[34mjoin[39m([33mTEST_CHAINS_DIR[39m[33m,[39m chainId[33m,[39m [32m'exports'[39mΓÇª
    [90m192| [39m      [35mconst[39m slideHtml [33m=[39m 
fs[33m.[39m[34mreadFileSync[39m(slide1Path[33m,[39m [32m'utf8'[39m)[33m;[39m
    [90m   | [39m                           [31m^[39m
    [90m193| [39m
    [90m194| [39m      [90m// Should be a complete HTML document[39m

[31m[2mΓÄ»ΓÄ»ΓÄ»ΓÄ»ΓÄ»ΓÄ»ΓÄ»ΓÄ»ΓÄ»ΓÄ»ΓÄ»ΓÄ»ΓÄ»ΓÄ»ΓÄ»ΓÄ»ΓÄ»ΓÄ»ΓÄ»ΓÄ»ΓÄ»ΓÄ»ΓÄ»ΓÄ»ΓÄ»ΓÄ»ΓÄ»ΓÄ»ΓÄ»ΓÄ»[22m[39m
[31m[1mSerialized Error:[22m[39m [90m{ errno: -4058, code: 'ENOENT', syscall: 'open', path: 
'C:\source\SOLON\test-chains-export\chain-test-slidehtml\exports\export-1\slide-1.html' }[39m
[31m[2mΓÄ»ΓÄ»ΓÄ»ΓÄ»ΓÄ»ΓÄ»ΓÄ»ΓÄ»ΓÄ»ΓÄ»ΓÄ»ΓÄ»ΓÄ»ΓÄ»ΓÄ»ΓÄ»ΓÄ»ΓÄ»ΓÄ»ΓÄ»ΓÄ»ΓÄ»[7/165]ΓÄ»[22m[39m

[31m[1m[7m FAIL [27m[22m[39m server/__tests__/export-manager.test.js[2m > [22mexport-manager[2m > 
[22mcreateExport[2m > [22mshould extract slide title from h1 heading
[31m[1mError[22m: ENOENT: no such file or directory, open 
'C:\source\SOLON\test-chains-export\chain-test-title\exports\export-1\export.json'[39m
[36m [2mΓ¥»[22m server/__tests__/export-manager.test.js:[2m212:40[22m[39m
    [90m210| [39m
    [90m211| [39m      [35mconst[39m exportJsonPath [33m=[39m 
path[33m.[39m[34mjoin[39m([33mTEST_CHAINS_DIR[39m[33m,[39m chainId[33m,[39m [32m'expo[39mΓÇª
    [90m212| [39m      [35mconst[39m exportData [33m=[39m 
[33mJSON[39m[33m.[39m[34mparse[39m(fs[33m.[39m[34mreadFileSync[39m(exportJsonPath[33m,[39m [32m'u[39mΓÇª
    [90m   | [39m                                       [31m^[39m
    [90m213| [39m
    [90m214| [39m      [34mexpect[39m(exportData[33m.[39mcontent[33m.[39mslides[[34m0[39m][33m.[39mtitle)[
33m.[39m[34mtoBe[39m([32m'Registration In[39mΓÇª

[31m[2mΓÄ»ΓÄ»ΓÄ»ΓÄ»ΓÄ»ΓÄ»ΓÄ»ΓÄ»ΓÄ»ΓÄ»ΓÄ»ΓÄ»ΓÄ»ΓÄ»ΓÄ»ΓÄ»ΓÄ»ΓÄ»ΓÄ»ΓÄ»ΓÄ»ΓÄ»ΓÄ»ΓÄ»ΓÄ»ΓÄ»ΓÄ»ΓÄ»ΓÄ»ΓÄ»[22m[39m
[31m[1mSerialized Error:[22m[39m [90m{ errno: -4058, code: 'ENOENT', syscall: 'open', path: 
'C:\source\SOLON\test-chains-export\chain-test-title\exports\export-1\export.json' }[39m
[31m[2mΓÄ»ΓÄ»ΓÄ»ΓÄ»ΓÄ»ΓÄ»ΓÄ»ΓÄ»ΓÄ»ΓÄ»ΓÄ»ΓÄ»ΓÄ»ΓÄ»ΓÄ»ΓÄ»ΓÄ»ΓÄ»ΓÄ»ΓÄ»ΓÄ»ΓÄ»[8/165]ΓÄ»[22m[39m

[31m[1m[7m FAIL [27m[22m[39m server/__tests__/export-manager.test.js[2m > [22mexport-manager[2m > 
[22mcreateExport[2m > [22mshould use provided slide metadata when given
[31m[1mError[22m: ENOENT: no such file or directory, open 
'C:\source\SOLON\test-chains-export\chain-test-metadata\exports\export-1\export.json'[39m
[36m [2mΓ¥»[22m server/__tests__/export-manager.test.js:[2m229:40[22m[39m
    [90m227| [39m
    [90m228| [39m      [35mconst[39m exportJsonPath [33m=[39m 
path[33m.[39m[34mjoin[39m([33mTEST_CHAINS_DIR[39m[33m,[39m chainId[33m,[39m [32m'expo[39mΓÇª
    [90m229| [39m      [35mconst[39m exportData [33m=[39m 
[33mJSON[39m[33m.[39m[34mparse[39m(fs[33m.[39m[34mreadFileSync[39m(exportJsonPath[33m,[39m [32m'u[39mΓÇª
    [90m   | [39m                                       [31m^[39m
    [90m230| [39m
    [90m231| [39m      [34mexpect[39m(exportData[33m.[39mcontent[33m.[39mslides[[34m0[39m][33m.[39mslideId)
[33m.[39m[34mtoBe[39m([32m'reg-initiativ[39mΓÇª

[31m[2mΓÄ»ΓÄ»ΓÄ»ΓÄ»ΓÄ»ΓÄ»ΓÄ»ΓÄ»ΓÄ»ΓÄ»ΓÄ»ΓÄ»ΓÄ»ΓÄ»ΓÄ»ΓÄ»ΓÄ»ΓÄ»ΓÄ»ΓÄ»ΓÄ»ΓÄ»ΓÄ»ΓÄ»ΓÄ»ΓÄ»ΓÄ»ΓÄ»ΓÄ»ΓÄ»[22m[39m
[31m[1mSerialized Error:[22m[39m [90m{ errno: -4058, code: 'ENOENT', syscall: 'open', path: 
'C:\source\SOLON\test-chains-export\chain-test-metadata\exports\export-1\export.json' }[39m
[31m[2mΓÄ»ΓÄ»ΓÄ»ΓÄ»ΓÄ»ΓÄ»ΓÄ»ΓÄ»ΓÄ»ΓÄ»ΓÄ»ΓÄ»ΓÄ»ΓÄ»ΓÄ»ΓÄ»ΓÄ»ΓÄ»ΓÄ»ΓÄ»ΓÄ»ΓÄ»[9/165]ΓÄ»[22m[39m

[31m[1m[7m FAIL [27m[22m[39m server/__tests__/export-manager.test.js[2m > [22mexport-manager[2m > 
[22mcreateExport[2m > [22mshould update chain.json with export entry
[31m[1mAssertionError[22m: expected [] to have a length of 1 but got +0[39m

[32m- Expected[39m
[31m+ Received[39m

[32m- 1[39m
[31m+ 0[39m

[36m [2mΓ¥»[22m server/__tests__/export-manager.test.js:[2m246:29[22m[39m
    [90m244| [39m      [35mconst[39m chain [33m=[39m 
[33mJSON[39m[33m.[39m[34mparse[39m(fs[33m.[39m[34mreadFileSync[39m(chainPath[33m,[39m 
[32m'utf8'[39m))[33m;[39m
    [90m245| [39m
    [90m246| [39m      
[34mexpect[39m(chain[33m.[39mexports)[33m.[39m[34mtoHaveLength[39m([34m1[39m)[33m;[39m
    [90m   | [39m                            [31m^[39m
    [90m247| [39m      [34mexpect[39m(chain[33m.[39mexports[[34m0[39m][33m.[39mexportId)[33m.[39m[34mtoBe
[39m([32m'export-1'[39m)[33m;[39m
    [90m248| [39m      
[34mexpect[39m(chain[33m.[39mexports[[34m0[39m][33m.[39mroundId)[33m.[39m[34mtoBe[39m(roundId)[33m;[39m

[31m[2mΓÄ»ΓÄ»ΓÄ»ΓÄ»ΓÄ»ΓÄ»ΓÄ»ΓÄ»ΓÄ»ΓÄ»ΓÄ»ΓÄ»ΓÄ»ΓÄ»ΓÄ»ΓÄ»ΓÄ»ΓÄ»ΓÄ»ΓÄ»ΓÄ»[10/165]ΓÄ»[22m[39m

[31m[1m[7m FAIL [27m[22m[39m server/__tests__/export-manager.test.js[2m > [22mexport-manager[2m > 
[22mcreateExport[2m > [22mshould increment export number for subsequent exports
[31m[1mTypeError[22m: Cannot read properties of null (reading 'exportId')[39m
[36m [2mΓ¥»[22m server/__tests__/export-manager.test.js:[2m260:22[22m[39m
    [90m258| [39m      [35mconst[39m result2 [33m=[39m [34mcreateExport[39m(chainId[33m,[39m 
roundId[33m,[39m outputFile)[33m;[39m
    [90m259| [39m
    [90m260| [39m      
[34mexpect[39m(result1[33m.[39mexportId)[33m.[39m[34mtoBe[39m([32m'export-1'[39m)[33m;[39m
    [90m   | [39m                     [31m^[39m
    [90m261| [39m      
[34mexpect[39m(result1[33m.[39mexportNumber)[33m.[39m[34mtoBe[39m([34m1[39m)[33m;[39m
    [90m262| [39m      
[34mexpect[39m(result2[33m.[39mexportId)[33m.[39m[34mtoBe[39m([32m'export-2'[39m)[33m;[39m

[31m[2mΓÄ»ΓÄ»ΓÄ»ΓÄ»ΓÄ»ΓÄ»ΓÄ»ΓÄ»ΓÄ»ΓÄ»ΓÄ»ΓÄ»ΓÄ»ΓÄ»ΓÄ»ΓÄ»ΓÄ»ΓÄ»ΓÄ»ΓÄ»ΓÄ»[11/165]ΓÄ»[22m[39m

[31m[1m[7m FAIL [27m[22m[39m server/__tests__/export-manager.test.js[2m > [22mexport-manager[2m > 
[22mcreateExport[2m > [22mshould handle single-slide HTML
[31m[1mAssertionError[22m: expected null not to be null[39m
[36m [2mΓ¥»[22m server/__tests__/export-manager.test.js:[2m323:26[22m[39m
    [90m321| [39m      [35mconst[39m result [33m=[39m [34mcreateExport[39m(chainId[33m,[39m 
roundId[33m,[39m outputFile)[33m;[39m
    [90m322| [39m
    [90m323| [39m      [34mexpect[39m(result)[33m.[39mnot[33m.[39m[34mtoBeNull[39m()[33m;[39m
    [90m   | [39m                         [31m^[39m
    [90m324| [39m      [34mexpect[39m(result[33m.[39mslideCount)[33m.[39m[34mtoBe[39m([34m1[39m)[33m;[39m
    [90m325| [39m

[31m[2mΓÄ»ΓÄ»ΓÄ»ΓÄ»ΓÄ»ΓÄ»ΓÄ»ΓÄ»ΓÄ»ΓÄ»ΓÄ»ΓÄ»ΓÄ»ΓÄ»ΓÄ»ΓÄ»ΓÄ»ΓÄ»ΓÄ»ΓÄ»ΓÄ»[12/165]ΓÄ»[22m[39m

[31m[1m[7m FAIL [27m[22m[39m server/__tests__/export-manager.test.js[2m > [22mexport-manager[2m > 
[22mlistExports[2m > [22mshould list exports newest first
[31m[1mAssertionError[22m: expected [] to have a length of 3 but got +0[39m

[32m- Expected[39m
[31m+ Received[39m

[32m- 3[39m
[31m+ 0[39m

[36m [2mΓ¥»[22m server/__tests__/export-manager.test.js:[2m352:23[22m[39m
    [90m350| [39m
    [90m351| [39m      [35mconst[39m exports [33m=[39m [34mlistExports[39m(chainId)[33m;[39m
    [90m352| [39m      [34mexpect[39m(exports)[33m.[39m[34mtoHaveLength[39m([34m3[39m)[33m;[39m
    [90m   | [39m                      [31m^[39m
    [90m353| [39m      [90m// Newest first: export-3, export-2, export-1[39m
    [90m354| [39m      
[34mexpect[39m(exports[[34m0[39m][33m.[39mexportId)[33m.[39m[34mtoBe[39m([32m'export-3'[39m)[33m;[39m

[31m[2mΓÄ»ΓÄ»ΓÄ»ΓÄ»ΓÄ»ΓÄ»ΓÄ»ΓÄ»ΓÄ»ΓÄ»ΓÄ»ΓÄ»ΓÄ»ΓÄ»ΓÄ»ΓÄ»ΓÄ»ΓÄ»ΓÄ»ΓÄ»ΓÄ»[13/165]ΓÄ»[22m[39m

[31m[1m[7m FAIL [27m[22m[39m server/__tests__/export-manager.test.js[2m > [22mexport-manager[2m > 
[22mgetExport[2m > [22mshould return export.json data for valid export
[31m[1mAssertionError[22m: expected null not to be null[39m
[36m [2mΓ¥»[22m server/__tests__/export-manager.test.js:[2m380:30[22m[39m
    [90m378| [39m      [35mconst[39m exportData [33m=[39m [34mgetExport[39m(chainId[33m,[39m 
[32m'export-1'[39m)[33m;[39m
    [90m379| [39m
    [90m380| [39m      [34mexpect[39m(exportData)[33m.[39mnot[33m.[39m[34mtoBeNull[39m()[33m;[39m
    [90m   | [39m                             [31m^[39m
    [90m381| [39m      
[34mexpect[39m(exportData[33m.[39mexportId)[33m.[39m[34mtoBe[39m([32m'export-1'[39m)[33m;[39m
    [90m382| [39m      
[34mexpect[39m(exportData[33m.[39mexportNumber)[33m.[39m[34mtoBe[39m([34m1[39m)[33m;[39m

[31m[2mΓÄ»ΓÄ»ΓÄ»ΓÄ»ΓÄ»ΓÄ»ΓÄ»ΓÄ»ΓÄ»ΓÄ»ΓÄ»ΓÄ»ΓÄ»ΓÄ»ΓÄ»ΓÄ»ΓÄ»ΓÄ»ΓÄ»ΓÄ»ΓÄ»[14/165]ΓÄ»[22m[39m

[31m[1m[7m FAIL [27m[22m[39m server/__tests__/export-manager.test.js[2m > [22mexport-manager[2m > 
[22mgetExportProjectIndex[2m > [22mshould return project.json data for valid export
[31m[1mAssertionError[22m: expected null not to be null[39m
[36m [2mΓ¥»[22m server/__tests__/export-manager.test.js:[2m418:32[22m[39m
    [90m416| [39m      [35mconst[39m projectIndex [33m=[39m [34mgetExportProjectIndex[39m(chainId[33m,[39m 
[32m'export-1'[39m)[33m;[39m
    [90m417| [39m
    [90m418| [39m      [34mexpect[39m(projectIndex)[33m.[39mnot[33m.[39m[34mtoBeNull[39m()[33m;[39m
    [90m   | [39m                               [31m^[39m
    [90m419| [39m      
[34mexpect[39m(projectIndex[33m.[39mexportId)[33m.[39m[34mtoBe[39m([32m'export-1'[39m)[33m;[39m
    [90m420| [39m      
[34mexpect[39m(projectIndex[33m.[39mslideCount)[33m.[39m[34mtoBe[39m([34m2[39m)[33m;[39m

[31m[2mΓÄ»ΓÄ»ΓÄ»ΓÄ»ΓÄ»ΓÄ»ΓÄ»ΓÄ»ΓÄ»ΓÄ»ΓÄ»ΓÄ»ΓÄ»ΓÄ»ΓÄ»ΓÄ»ΓÄ»ΓÄ»ΓÄ»ΓÄ»ΓÄ»[15/165]ΓÄ»[22m[39m

[31m[1m[7m FAIL [27m[22m[39m server/__tests__/export-manager.test.js[2m > [22mexport-manager[2m > 
[22mresolveSlideFilePath[2m > [22mshould return valid path for existing slide file
[31m[1mAssertionError[22m: expected null not to be null[39m
[36m [2mΓ¥»[22m server/__tests__/export-manager.test.js:[2m442:28[22m[39m
    [90m440| [39m
    [90m441| [39m      [35mconst[39m filePath [33m=[39m [34mresolveSlideFilePath[39m(chainId[33m,[39m 
[32m'export-1'[39m[33m,[39m [32m'slid[39mΓÇª
    [90m442| [39m      [34mexpect[39m(filePath)[33m.[39mnot[33m.[39m[34mtoBeNull[39m()[33m;[39m
    [90m   | [39m                           [31m^[39m
    [90m443| [39m      
[34mexpect[39m(fs[33m.[39m[34mexistsSync[39m(filePath))[33m.[39m[34mtoBe[39m([35mtrue[39m)[33m;[39m
    [90m444| [39m    })[33m;[39m

[31m[2mΓÄ»ΓÄ»ΓÄ»ΓÄ»ΓÄ»ΓÄ»ΓÄ»ΓÄ»ΓÄ»ΓÄ»ΓÄ»ΓÄ»ΓÄ»ΓÄ»ΓÄ»ΓÄ»ΓÄ»ΓÄ»ΓÄ»ΓÄ»ΓÄ»[16/165]ΓÄ»[22m[39m

[31m[1m[7m FAIL [27m[22m[39m server/__tests__/export-manager.test.js[2m > [22mexport-manager[2m > 
[22mgetExportCount[2m > [22mshould return correct count after creating exports
[31m[1mAssertionError[22m: expected +0 to be 1 // Object.is equality[39m

[32m- Expected[39m
[31m+ Received[39m

[32m- 1[39m
[31m+ 0[39m

[36m [2mΓ¥»[22m server/__tests__/export-manager.test.js:[2m495:39[22m[39m
    [90m493| [39m
    [90m494| [39m      [34mcreateExport[39m(chainId[33m,[39m roundId[33m,[39m outputFile)[33m;[39m
    [90m495| [39m      
[34mexpect[39m([34mgetExportCount[39m(chainId))[33m.[39m[34mtoBe[39m([34m1[39m)[33m;[39m
    [90m   | [39m                                      [31m^[39m
    [90m496| [39m
    [90m497| [39m      [34mcreateExport[39m(chainId[33m,[39m roundId[33m,[39m outputFile)[33m;[39m

[31m[2mΓÄ»ΓÄ»ΓÄ»ΓÄ»ΓÄ»ΓÄ»ΓÄ»ΓÄ»ΓÄ»ΓÄ»ΓÄ»ΓÄ»ΓÄ»ΓÄ»ΓÄ»ΓÄ»ΓÄ»ΓÄ»ΓÄ»ΓÄ»ΓÄ»[17/165]ΓÄ»[22m[39m

[31m[1m[7m FAIL [27m[22m[39m server/__tests__/export-manager.test.js[2m > [22mexport-manager[2m > 
[22mdeleteExport[2m > [22mshould delete export directory and update chain.json
[31m[1mAssertionError[22m: expected false to be true // Object.is equality[39m

[32m- Expected[39m
[31m+ Received[39m

[32m- true[39m
[31m+ false[39m

[36m [2mΓ¥»[22m server/__tests__/export-manager.test.js:[2m515:40[22m[39m
    [90m513| [39m
    [90m514| [39m      [35mconst[39m exportDir [33m=[39m 
path[33m.[39m[34mjoin[39m([33mTEST_CHAINS_DIR[39m[33m,[39m chainId[33m,[39m [32m'exports'[39m[33m,[39mΓÇª
    [90m515| [39m      
[34mexpect[39m(fs[33m.[39m[34mexistsSync[39m(exportDir))[33m.[39m[34mtoBe[39m([35mtrue[39m)[33m;[39m
    [90m   | [39m                                       [31m^[39m
    [90m516| [39m
    [90m517| [39m      [35mconst[39m success [33m=[39m [34mdeleteExport[39m(chainId[33m,[39m 
[32m'export-1'[39m)[33m;[39m

[31m[2mΓÄ»ΓÄ»ΓÄ»ΓÄ»ΓÄ»ΓÄ»ΓÄ»ΓÄ»ΓÄ»ΓÄ»ΓÄ»ΓÄ»ΓÄ»ΓÄ»ΓÄ»ΓÄ»ΓÄ»ΓÄ»ΓÄ»ΓÄ»ΓÄ»[18/165]ΓÄ»[22m[39m

[31m[1m[7m FAIL [27m[22m[39m server/__tests__/export-manager.test.js[2m > [22mexport-manager[2m > 
[22mdeleteExport[2m > [22mshould update lastExport to previous when deleting latest
[31m[1mAssertionError[22m: expected [] to have a length of 1 but got +0[39m

[32m- Expected[39m
[31m+ Received[39m

[32m- 1[39m
[31m+ 0[39m

[36m [2mΓ¥»[22m server/__tests__/export-manager.test.js:[2m537:29[22m[39m
    [90m535| [39m      [35mconst[39m chainPath [33m=[39m 
path[33m.[39m[34mjoin[39m([33mTEST_CHAINS_DIR[39m[33m,[39m chainId[33m,[39m [32m'chain.jso[39mΓÇª
    [90m536| [39m      [35mconst[39m chain [33m=[39m 
[33mJSON[39m[33m.[39m[34mparse[39m(fs[33m.[39m[34mreadFileSync[39m(chainPath[33m,[39m 
[32m'utf8'[39m))[33m;[39m
    [90m537| [39m      
[34mexpect[39m(chain[33m.[39mexports)[33m.[39m[34mtoHaveLength[39m([34m1[39m)[33m;[39m
    [90m   | [39m                            [31m^[39m
    [90m538| [39m      [34mexpect[39m(chain[33m.[39mlastExport[33m.[39mexportId)[33m.[39m[34mtoBe[39m([32m
'export-1'[39m)[33m;[39m
    [90m539| [39m    })[33m;[39m

[31m[2mΓÄ»ΓÄ»ΓÄ»ΓÄ»ΓÄ»ΓÄ»ΓÄ»ΓÄ»ΓÄ»ΓÄ»ΓÄ»ΓÄ»ΓÄ»ΓÄ»ΓÄ»ΓÄ»ΓÄ»ΓÄ»ΓÄ»ΓÄ»ΓÄ»[19/165]ΓÄ»[22m[39m

[31m[1m[7m FAIL [27m[22m[39m server/__tests__/export-manager.test.js[2m > [22mexport-manager[2m > 
[22mbuildExportZip[2m > [22mshould build a valid ZIP buffer
[31m[1mAssertionError[22m: expected null not to be null[39m
[36m [2mΓ¥»[22m server/__tests__/export-manager.test.js:[2m568:26[22m[39m
    [90m566| [39m      [35mconst[39m result [33m=[39m [34mbuildExportZip[39m(chainId[33m,[39m 
[32m'export-1'[39m)[33m;[39m
    [90m567| [39m
    [90m568| [39m      [34mexpect[39m(result)[33m.[39mnot[33m.[39m[34mtoBeNull[39m()[33m;[39m
    [90m   | [39m                         [31m^[39m
    [90m569| [39m      
[34mexpect[39m(result[33m.[39mbuffer)[33m.[39m[34mtoBeInstanceOf[39m([33mBuffer[39m)[33m;[39m
    [90m570| [39m      
[34mexpect[39m(result[33m.[39mbuffer[33m.[39mlength)[33m.[39m[34mtoBeGreaterThan[39m([34m0[39m)[33m;[39m

[31m[2mΓÄ»ΓÄ»ΓÄ»ΓÄ»ΓÄ»ΓÄ»ΓÄ»ΓÄ»ΓÄ»ΓÄ»ΓÄ»ΓÄ»ΓÄ»ΓÄ»ΓÄ»ΓÄ»ΓÄ»ΓÄ»ΓÄ»ΓÄ»ΓÄ»[20/165]ΓÄ»[22m[39m

[31m[1m[7m FAIL [27m[22m[39m server/__tests__/export-manager.test.js[2m > [22mexport-manager[2m > 
[22mbuildExportZip[2m > [22mshould produce a buffer with ZIP magic bytes (PK signature)
[31m[1mTypeError[22m: Cannot read properties of null (reading 'buffer')[39m
[36m [2mΓ¥»[22m server/__tests__/export-manager.test.js:[2m582:21[22m[39m
    [90m580| [39m
    [90m581| [39m      [90m// ZIP files start with PK (0x50 0x4B)[39m
    [90m582| [39m      
[34mexpect[39m(result[33m.[39mbuffer[[34m0[39m])[33m.[39m[34mtoBe[39m([34m0x50[39m)[33m;[39m
    [90m   | [39m                    [31m^[39m
    [90m583| [39m      
[34mexpect[39m(result[33m.[39mbuffer[[34m1[39m])[33m.[39m[34mtoBe[39m([34m0x4B[39m)[33m;[39m
    [90m584| [39m    })[33m;[39m

[31m[2mΓÄ»ΓÄ»ΓÄ»ΓÄ»ΓÄ»ΓÄ»ΓÄ»ΓÄ»ΓÄ»ΓÄ»ΓÄ»ΓÄ»ΓÄ»ΓÄ»ΓÄ»ΓÄ»ΓÄ»ΓÄ»ΓÄ»ΓÄ»ΓÄ»[21/165]ΓÄ»[22m[39m

[31m[1m[7m FAIL [27m[22m[39m server/__tests__/export-manager.test.js[2m > [22mexport-manager[2m > 
[22mbuildExportZip[2m > [22mshould include project name in zip filename
[31m[1mTypeError[22m: Cannot read properties of null (reading 'filename')[39m
[36m [2mΓ¥»[22m server/__tests__/export-manager.test.js:[2m593:21[22m[39m
    [90m591| [39m      [35mconst[39m result [33m=[39m [34mbuildExportZip[39m(chainId[33m,[39m 
[32m'export-1'[39m)[33m;[39m
    [90m592| [39m
    [90m593| [39m      
[34mexpect[39m(result[33m.[39mfilename)[33m.[39m[34mtoContain[39m([32m'test-project'[39m)[33m;[39m
    [90m   | [39m                    [31m^[39m
    [90m594| [39m      
[34mexpect[39m(result[33m.[39mfilename)[33m.[39m[34mtoContain[39m([32m'export-1'[39m)[33m;[39m
    [90m595| [39m    })[33m;[39m

[31m[2mΓÄ»ΓÄ»ΓÄ»ΓÄ»ΓÄ»ΓÄ»ΓÄ»ΓÄ»ΓÄ»ΓÄ»ΓÄ»ΓÄ»ΓÄ»ΓÄ»ΓÄ»ΓÄ»ΓÄ»ΓÄ»ΓÄ»ΓÄ»ΓÄ»[22/165]ΓÄ»[22m[39m

[31m[1m[7m FAIL [27m[22m[39m server/__tests__/export-routes.test.js[2m > [22mExport API Routes[2m > [22mPOST 
/api/html-flow/:chainId/exports[2m > [22mshould create an export and return exportId
[31m[1mAssertionError[22m: expected 400 to be 200 // Object.is equality[39m

[32m- Expected[39m
[31m+ Received[39m

[32m- 200[39m
[31m+ 400[39m

[36m [2mΓ¥»[22m createProjectWithOutput server/__tests__/export-routes.test.js:[2m77:27[22m[39m
    [90m 75| [39m    [33m.[39m[34mpost[39m([32m'/api/html-flow/apply-content'[39m)
    [90m 76| [39m    [33m.[39m[34msend[39m({ chainId[33m,[39m jsonString[33m:[39m sampleJsonResponse 
})[33m;[39m
    [90m 77| [39m  [34mexpect[39m(applyRes[33m.[39mstatus)[33m.[39m[34mtoBe[39m([34m200[39m)[33m;[39m
    [90m   | [39m                          [31m^[39m
    [90m 78| [39m  [35mconst[39m { roundId[33m,[39m outputFile } [33m=[39m applyRes[33m.[39mbody[33m;[39m
    [90m 79| [39m
[90m [2mΓ¥»[22m server/__tests__/export-routes.test.js:[2m99:48[22m[39m

[31m[2mΓÄ»ΓÄ»ΓÄ»ΓÄ»ΓÄ»ΓÄ»ΓÄ»ΓÄ»ΓÄ»ΓÄ»ΓÄ»ΓÄ»ΓÄ»ΓÄ»ΓÄ»ΓÄ»ΓÄ»ΓÄ»ΓÄ»ΓÄ»ΓÄ»[23/165]ΓÄ»[22m[39m

[31m[1m[7m FAIL [27m[22m[39m server/__tests__/export-routes.test.js[2m > [22mExport API Routes[2m > [22mPOST 
/api/html-flow/:chainId/exports[2m > [22mshould create export with slide metadata
[31m[1mAssertionError[22m: expected 400 to be 200 // Object.is equality[39m

[32m- Expected[39m
[31m+ Received[39m

[32m- 200[39m
[31m+ 400[39m

[36m [2mΓ¥»[22m createProjectWithOutput server/__tests__/export-routes.test.js:[2m77:27[22m[39m
    [90m 75| [39m    [33m.[39m[34mpost[39m([32m'/api/html-flow/apply-content'[39m)
    [90m 76| [39m    [33m.[39m[34msend[39m({ chainId[33m,[39m jsonString[33m:[39m sampleJsonResponse 
})[33m;[39m
    [90m 77| [39m  [34mexpect[39m(applyRes[33m.[39mstatus)[33m.[39m[34mtoBe[39m([34m200[39m)[33m;[39m
    [90m   | [39m                          [31m^[39m
    [90m 78| [39m  [35mconst[39m { roundId[33m,[39m outputFile } [33m=[39m applyRes[33m.[39mbody[33m;[39m
    [90m 79| [39m
[90m [2mΓ¥»[22m server/__tests__/export-routes.test.js:[2m114:48[22m[39m

[31m[2mΓÄ»ΓÄ»ΓÄ»ΓÄ»ΓÄ»ΓÄ»ΓÄ»ΓÄ»ΓÄ»ΓÄ»ΓÄ»ΓÄ»ΓÄ»ΓÄ»ΓÄ»ΓÄ»ΓÄ»ΓÄ»ΓÄ»ΓÄ»ΓÄ»[24/165]ΓÄ»[22m[39m

[31m[1m[7m FAIL [27m[22m[39m server/__tests__/export-routes.test.js[2m > [22mExport API Routes[2m > [22mPOST 
/api/html-flow/:chainId/exports[2m > [22mshould increment exportNumber for subsequent exports
[31m[1mAssertionError[22m: expected 400 to be 200 // Object.is equality[39m

[32m- Expected[39m
[31m+ Received[39m

[32m- 200[39m
[31m+ 400[39m

[36m [2mΓ¥»[22m createProjectWithOutput server/__tests__/export-routes.test.js:[2m77:27[22m[39m
    [90m 75| [39m    [33m.[39m[34mpost[39m([32m'/api/html-flow/apply-content'[39m)
    [90m 76| [39m    [33m.[39m[34msend[39m({ chainId[33m,[39m jsonString[33m:[39m sampleJsonResponse 
})[33m;[39m
    [90m 77| [39m  [34mexpect[39m(applyRes[33m.[39mstatus)[33m.[39m[34mtoBe[39m([34m200[39m)[33m;[39m
    [90m   | [39m                          [31m^[39m
    [90m 78| [39m  [35mconst[39m { roundId[33m,[39m outputFile } [33m=[39m applyRes[33m.[39mbody[33m;[39m
    [90m 79| [39m
[90m [2mΓ¥»[22m server/__tests__/export-routes.test.js:[2m131:48[22m[39m

[31m[2mΓÄ»ΓÄ»ΓÄ»ΓÄ»ΓÄ»ΓÄ»ΓÄ»ΓÄ»ΓÄ»ΓÄ»ΓÄ»ΓÄ»ΓÄ»ΓÄ»ΓÄ»ΓÄ»ΓÄ»ΓÄ»ΓÄ»ΓÄ»ΓÄ»[25/165]ΓÄ»[22m[39m

[31m[1m[7m FAIL [27m[22m[39m server/__tests__/export-routes.test.js[2m > [22mExport API Routes[2m > [22mPOST 
/api/html-flow/:chainId/exports[2m > [22mshould return 400 when roundId is missing
[31m[1mAssertionError[22m: expected 400 to be 200 // Object.is equality[39m

[32m- Expected[39m
[31m+ Received[39m

[32m- 200[39m
[31m+ 400[39m

[36m [2mΓ¥»[22m createProjectWithOutput server/__tests__/export-routes.test.js:[2m77:27[22m[39m
    [90m 75| [39m    [33m.[39m[34mpost[39m([32m'/api/html-flow/apply-content'[39m)
    [90m 76| [39m    [33m.[39m[34msend[39m({ chainId[33m,[39m jsonString[33m:[39m sampleJsonResponse 
})[33m;[39m
    [90m 77| [39m  [34mexpect[39m(applyRes[33m.[39mstatus)[33m.[39m[34mtoBe[39m([34m200[39m)[33m;[39m
    [90m   | [39m                          [31m^[39m
    [90m 78| [39m  [35mconst[39m { roundId[33m,[39m outputFile } [33m=[39m applyRes[33m.[39mbody[33m;[39m
    [90m 79| [39m
[90m [2mΓ¥»[22m server/__tests__/export-routes.test.js:[2m145:39[22m[39m

[31m[2mΓÄ»ΓÄ»ΓÄ»ΓÄ»ΓÄ»ΓÄ»ΓÄ»ΓÄ»ΓÄ»ΓÄ»ΓÄ»ΓÄ»ΓÄ»ΓÄ»ΓÄ»ΓÄ»ΓÄ»ΓÄ»ΓÄ»ΓÄ»ΓÄ»[26/165]ΓÄ»[22m[39m

[31m[1m[7m FAIL [27m[22m[39m server/__tests__/export-routes.test.js[2m > [22mExport API Routes[2m > [22mPOST 
/api/html-flow/:chainId/exports[2m > [22mshould return 400 when outputFile is missing
[31m[1mAssertionError[22m: expected 400 to be 200 // Object.is equality[39m

[32m- Expected[39m
[31m+ Received[39m

[32m- 200[39m
[31m+ 400[39m

[36m [2mΓ¥»[22m createProjectWithOutput server/__tests__/export-routes.test.js:[2m77:27[22m[39m
    [90m 75| [39m    [33m.[39m[34mpost[39m([32m'/api/html-flow/apply-content'[39m)
    [90m 76| [39m    [33m.[39m[34msend[39m({ chainId[33m,[39m jsonString[33m:[39m sampleJsonResponse 
})[33m;[39m
    [90m 77| [39m  [34mexpect[39m(applyRes[33m.[39mstatus)[33m.[39m[34mtoBe[39m([34m200[39m)[33m;[39m
    [90m   | [39m                          [31m^[39m
    [90m 78| [39m  [35mconst[39m { roundId[33m,[39m outputFile } [33m=[39m applyRes[33m.[39mbody[33m;[39m
    [90m 79| [39m
[90m [2mΓ¥»[22m server/__tests__/export-routes.test.js:[2m156:36[22m[39m

[31m[2mΓÄ»ΓÄ»ΓÄ»ΓÄ»ΓÄ»ΓÄ»ΓÄ»ΓÄ»ΓÄ»ΓÄ»ΓÄ»ΓÄ»ΓÄ»ΓÄ»ΓÄ»ΓÄ»ΓÄ»ΓÄ»ΓÄ»ΓÄ»ΓÄ»[27/165]ΓÄ»[22m[39m

[31m[1m[7m FAIL [27m[22m[39m server/__tests__/export-routes.test.js[2m > [22mExport API Routes[2m > [22mPOST 
/api/html-flow/:chainId/exports[2m > [22mshould return 400 when slideMetadata is not an array
[31m[1mAssertionError[22m: expected 400 to be 200 // Object.is equality[39m

[32m- Expected[39m
[31m+ Received[39m

[32m- 200[39m
[31m+ 400[39m

[36m [2mΓ¥»[22m createProjectWithOutput server/__tests__/export-routes.test.js:[2m77:27[22m[39m
    [90m 75| [39m    [33m.[39m[34mpost[39m([32m'/api/html-flow/apply-content'[39m)
    [90m 76| [39m    [33m.[39m[34msend[39m({ chainId[33m,[39m jsonString[33m:[39m sampleJsonResponse 
})[33m;[39m
    [90m 77| [39m  [34mexpect[39m(applyRes[33m.[39mstatus)[33m.[39m[34mtoBe[39m([34m200[39m)[33m;[39m
    [90m   | [39m                          [31m^[39m
    [90m 78| [39m  [35mconst[39m { roundId[33m,[39m outputFile } [33m=[39m applyRes[33m.[39mbody[33m;[39m
    [90m 79| [39m
[90m [2mΓ¥»[22m server/__tests__/export-routes.test.js:[2m178:48[22m[39m

[31m[2mΓÄ»ΓÄ»ΓÄ»ΓÄ»ΓÄ»ΓÄ»ΓÄ»ΓÄ»ΓÄ»ΓÄ»ΓÄ»ΓÄ»ΓÄ»ΓÄ»ΓÄ»ΓÄ»ΓÄ»ΓÄ»ΓÄ»ΓÄ»ΓÄ»[28/165]ΓÄ»[22m[39m

[31m[1m[7m FAIL [27m[22m[39m server/__tests__/export-routes.test.js[2m > [22mExport API Routes[2m > [22mGET 
/api/html-flow/:chainId/exports[2m > [22mshould return empty list when no exports exist
[31m[1mAssertionError[22m: expected 400 to be 200 // Object.is equality[39m

[32m- Expected[39m
[31m+ Received[39m

[32m- 200[39m
[31m+ 400[39m

[36m [2mΓ¥»[22m createProjectWithOutput server/__tests__/export-routes.test.js:[2m77:27[22m[39m
    [90m 75| [39m    [33m.[39m[34mpost[39m([32m'/api/html-flow/apply-content'[39m)
    [90m 76| [39m    [33m.[39m[34msend[39m({ chainId[33m,[39m jsonString[33m:[39m sampleJsonResponse 
})[33m;[39m
    [90m 77| [39m  [34mexpect[39m(applyRes[33m.[39mstatus)[33m.[39m[34mtoBe[39m([34m200[39m)[33m;[39m
    [90m   | [39m                          [31m^[39m
    [90m 78| [39m  [35mconst[39m { roundId[33m,[39m outputFile } [33m=[39m applyRes[33m.[39mbody[33m;[39m
    [90m 79| [39m
[90m [2mΓ¥»[22m server/__tests__/export-routes.test.js:[2m201:27[22m[39m

[31m[2mΓÄ»ΓÄ»ΓÄ»ΓÄ»ΓÄ»ΓÄ»ΓÄ»ΓÄ»ΓÄ»ΓÄ»ΓÄ»ΓÄ»ΓÄ»ΓÄ»ΓÄ»ΓÄ»ΓÄ»ΓÄ»ΓÄ»ΓÄ»ΓÄ»[29/165]ΓÄ»[22m[39m

[31m[1m[7m FAIL [27m[22m[39m server/__tests__/export-routes.test.js[2m > [22mExport API Routes[2m > [22mGET 
/api/html-flow/:chainId/exports[2m > [22mshould list exports after creation
[31m[1mAssertionError[22m: expected 400 to be 200 // Object.is equality[39m

[32m- Expected[39m
[31m+ Received[39m

[32m- 200[39m
[31m+ 400[39m

[36m [2mΓ¥»[22m createProjectWithOutput server/__tests__/export-routes.test.js:[2m77:27[22m[39m
    [90m 75| [39m    [33m.[39m[34mpost[39m([32m'/api/html-flow/apply-content'[39m)
    [90m 76| [39m    [33m.[39m[34msend[39m({ chainId[33m,[39m jsonString[33m:[39m sampleJsonResponse 
})[33m;[39m
    [90m 77| [39m  [34mexpect[39m(applyRes[33m.[39mstatus)[33m.[39m[34mtoBe[39m([34m200[39m)[33m;[39m
    [90m   | [39m                          [31m^[39m
    [90m 78| [39m  [35mconst[39m { roundId[33m,[39m outputFile } [33m=[39m applyRes[33m.[39mbody[33m;[39m
    [90m 79| [39m
[90m [2mΓ¥»[22m server/__tests__/export-routes.test.js:[2m212:48[22m[39m

[31m[2mΓÄ»ΓÄ»ΓÄ»ΓÄ»ΓÄ»ΓÄ»ΓÄ»ΓÄ»ΓÄ»ΓÄ»ΓÄ»ΓÄ»ΓÄ»ΓÄ»ΓÄ»ΓÄ»ΓÄ»ΓÄ»ΓÄ»ΓÄ»ΓÄ»[30/165]ΓÄ»[22m[39m

[31m[1m[7m FAIL [27m[22m[39m server/__tests__/export-routes.test.js[2m > [22mExport API Routes[2m > [22mGET 
/api/html-flow/:chainId/exports[2m > [22mshould list multiple exports newest first
[31m[1mAssertionError[22m: expected 400 to be 200 // Object.is equality[39m

[32m- Expected[39m
[31m+ Received[39m

[32m- 200[39m
[31m+ 400[39m

[36m [2mΓ¥»[22m createProjectWithOutput server/__tests__/export-routes.test.js:[2m77:27[22m[39m
    [90m 75| [39m    [33m.[39m[34mpost[39m([32m'/api/html-flow/apply-content'[39m)
    [90m 76| [39m    [33m.[39m[34msend[39m({ chainId[33m,[39m jsonString[33m:[39m sampleJsonResponse 
})[33m;[39m
    [90m 77| [39m  [34mexpect[39m(applyRes[33m.[39mstatus)[33m.[39m[34mtoBe[39m([34m200[39m)[33m;[39m
    [90m   | [39m                          [31m^[39m
    [90m 78| [39m  [35mconst[39m { roundId[33m,[39m outputFile } [33m=[39m applyRes[33m.[39mbody[33m;[39m
    [90m 79| [39m
[90m [2mΓ¥»[22m server/__tests__/export-routes.test.js:[2m228:48[22m[39m

[31m[2mΓÄ»ΓÄ»ΓÄ»ΓÄ»ΓÄ»ΓÄ»ΓÄ»ΓÄ»ΓÄ»ΓÄ»ΓÄ»ΓÄ»ΓÄ»ΓÄ»ΓÄ»ΓÄ»ΓÄ»ΓÄ»ΓÄ»ΓÄ»ΓÄ»[31/165]ΓÄ»[22m[39m

[31m[1m[7m FAIL [27m[22m[39m server/__tests__/export-routes.test.js[2m > [22mExport API Routes[2m > [22mGET 
/api/html-flow/:chainId/exports/:exportId[2m > [22mshould return export details
[31m[1mAssertionError[22m: expected 400 to be 200 // Object.is equality[39m

[32m- Expected[39m
[31m+ Received[39m

[32m- 200[39m
[31m+ 400[39m

[36m [2mΓ¥»[22m createProjectWithOutput server/__tests__/export-routes.test.js:[2m77:27[22m[39m
    [90m 75| [39m    [33m.[39m[34mpost[39m([32m'/api/html-flow/apply-content'[39m)
    [90m 76| [39m    [33m.[39m[34msend[39m({ chainId[33m,[39m jsonString[33m:[39m sampleJsonResponse 
})[33m;[39m
    [90m 77| [39m  [34mexpect[39m(applyRes[33m.[39mstatus)[33m.[39m[34mtoBe[39m([34m200[39m)[33m;[39m
    [90m   | [39m                          [31m^[39m
    [90m 78| [39m  [35mconst[39m { roundId[33m,[39m outputFile } [33m=[39m applyRes[33m.[39mbody[33m;[39m
    [90m 79| [39m
[90m [2mΓ¥»[22m server/__tests__/export-routes.test.js:[2m252:48[22m[39m

[31m[2mΓÄ»ΓÄ»ΓÄ»ΓÄ»ΓÄ»ΓÄ»ΓÄ»ΓÄ»ΓÄ»ΓÄ»ΓÄ»ΓÄ»ΓÄ»ΓÄ»ΓÄ»ΓÄ»ΓÄ»ΓÄ»ΓÄ»ΓÄ»ΓÄ»[32/165]ΓÄ»[22m[39m

[31m[1m[7m FAIL [27m[22m[39m server/__tests__/export-routes.test.js[2m > [22mExport API Routes[2m > [22mGET 
/api/html-flow/:chainId/exports/:exportId[2m > [22mshould return 404 for non-existent export
[31m[1mAssertionError[22m: expected 400 to be 200 // Object.is equality[39m

[32m- Expected[39m
[31m+ Received[39m

[32m- 200[39m
[31m+ 400[39m

[36m [2mΓ¥»[22m createProjectWithOutput server/__tests__/export-routes.test.js:[2m77:27[22m[39m
    [90m 75| [39m    [33m.[39m[34mpost[39m([32m'/api/html-flow/apply-content'[39m)
    [90m 76| [39m    [33m.[39m[34msend[39m({ chainId[33m,[39m jsonString[33m:[39m sampleJsonResponse 
})[33m;[39m
    [90m 77| [39m  [34mexpect[39m(applyRes[33m.[39mstatus)[33m.[39m[34mtoBe[39m([34m200[39m)[33m;[39m
    [90m   | [39m                          [31m^[39m
    [90m 78| [39m  [35mconst[39m { roundId[33m,[39m outputFile } [33m=[39m applyRes[33m.[39mbody[33m;[39m
    [90m 79| [39m
[90m [2mΓ¥»[22m server/__tests__/export-routes.test.js:[2m270:27[22m[39m

[31m[2mΓÄ»ΓÄ»ΓÄ»ΓÄ»ΓÄ»ΓÄ»ΓÄ»ΓÄ»ΓÄ»ΓÄ»ΓÄ»ΓÄ»ΓÄ»ΓÄ»ΓÄ»ΓÄ»ΓÄ»ΓÄ»ΓÄ»ΓÄ»ΓÄ»[33/165]ΓÄ»[22m[39m

[31m[1m[7m FAIL [27m[22m[39m server/__tests__/export-routes.test.js[2m > [22mExport API Routes[2m > [22mGET 
/api/html-flow/:chainId/exports/:exportId/project[2m > [22mshould return project.json slide index
[31m[1mAssertionError[22m: expected 400 to be 200 // Object.is equality[39m

[32m- Expected[39m
[31m+ Received[39m

[32m- 200[39m
[31m+ 400[39m

[36m [2mΓ¥»[22m createProjectWithOutput server/__tests__/export-routes.test.js:[2m77:27[22m[39m
    [90m 75| [39m    [33m.[39m[34mpost[39m([32m'/api/html-flow/apply-content'[39m)
    [90m 76| [39m    [33m.[39m[34msend[39m({ chainId[33m,[39m jsonString[33m:[39m sampleJsonResponse 
})[33m;[39m
    [90m 77| [39m  [34mexpect[39m(applyRes[33m.[39mstatus)[33m.[39m[34mtoBe[39m([34m200[39m)[33m;[39m
    [90m   | [39m                          [31m^[39m
    [90m 78| [39m  [35mconst[39m { roundId[33m,[39m outputFile } [33m=[39m applyRes[33m.[39mbody[33m;[39m
    [90m 79| [39m
[90m [2mΓ¥»[22m server/__tests__/export-routes.test.js:[2m288:48[22m[39m

[31m[2mΓÄ»ΓÄ»ΓÄ»ΓÄ»ΓÄ»ΓÄ»ΓÄ»ΓÄ»ΓÄ»ΓÄ»ΓÄ»ΓÄ»ΓÄ»ΓÄ»ΓÄ»ΓÄ»ΓÄ»ΓÄ»ΓÄ»ΓÄ»ΓÄ»[34/165]ΓÄ»[22m[39m

[31m[1m[7m FAIL [27m[22m[39m server/__tests__/export-routes.test.js[2m > [22mExport API Routes[2m > [22mGET 
/api/html-flow/:chainId/exports/:exportId/project[2m > [22mshould return 404 for non-existent export
[31m[1mAssertionError[22m: expected 400 to be 200 // Object.is equality[39m

[32m- Expected[39m
[31m+ Received[39m

[32m- 200[39m
[31m+ 400[39m

[36m [2mΓ¥»[22m createProjectWithOutput server/__tests__/export-routes.test.js:[2m77:27[22m[39m
    [90m 75| [39m    [33m.[39m[34mpost[39m([32m'/api/html-flow/apply-content'[39m)
    [90m 76| [39m    [33m.[39m[34msend[39m({ chainId[33m,[39m jsonString[33m:[39m sampleJsonResponse 
})[33m;[39m
    [90m 77| [39m  [34mexpect[39m(applyRes[33m.[39mstatus)[33m.[39m[34mtoBe[39m([34m200[39m)[33m;[39m
    [90m   | [39m                          [31m^[39m
    [90m 78| [39m  [35mconst[39m { roundId[33m,[39m outputFile } [33m=[39m applyRes[33m.[39mbody[33m;[39m
    [90m 79| [39m
[90m [2mΓ¥»[22m server/__tests__/export-routes.test.js:[2m305:27[22m[39m

[31m[2mΓÄ»ΓÄ»ΓÄ»ΓÄ»ΓÄ»ΓÄ»ΓÄ»ΓÄ»ΓÄ»ΓÄ»ΓÄ»ΓÄ»ΓÄ»ΓÄ»ΓÄ»ΓÄ»ΓÄ»ΓÄ»ΓÄ»ΓÄ»ΓÄ»[35/165]ΓÄ»[22m[39m

[31m[1m[7m FAIL [27m[22m[39m server/__tests__/export-routes.test.js[2m > [22mExport API Routes[2m > [22mGET 
/api/html-flow/:chainId/exports/:exportId/slides/:slideFile[2m > [22mshould download a slide HTML file
[31m[1mAssertionError[22m: expected 400 to be 200 // Object.is equality[39m

[32m- Expected[39m
[31m+ Received[39m

[32m- 200[39m
[31m+ 400[39m

[36m [2mΓ¥»[22m createProjectWithOutput server/__tests__/export-routes.test.js:[2m77:27[22m[39m
    [90m 75| [39m    [33m.[39m[34mpost[39m([32m'/api/html-flow/apply-content'[39m)
    [90m 76| [39m    [33m.[39m[34msend[39m({ chainId[33m,[39m jsonString[33m:[39m sampleJsonResponse 
})[33m;[39m
    [90m 77| [39m  [34mexpect[39m(applyRes[33m.[39mstatus)[33m.[39m[34mtoBe[39m([34m200[39m)[33m;[39m
    [90m   | [39m                          [31m^[39m
    [90m 78| [39m  [35mconst[39m { roundId[33m,[39m outputFile } [33m=[39m applyRes[33m.[39mbody[33m;[39m
    [90m 79| [39m
[90m [2mΓ¥»[22m server/__tests__/export-routes.test.js:[2m317:48[22m[39m

[31m[2mΓÄ»ΓÄ»ΓÄ»ΓÄ»ΓÄ»ΓÄ»ΓÄ»ΓÄ»ΓÄ»ΓÄ»ΓÄ»ΓÄ»ΓÄ»ΓÄ»ΓÄ»ΓÄ»ΓÄ»ΓÄ»ΓÄ»ΓÄ»ΓÄ»[36/165]ΓÄ»[22m[39m

[31m[1m[7m FAIL [27m[22m[39m server/__tests__/export-routes.test.js[2m > [22mExport API Routes[2m > [22mGET 
/api/html-flow/:chainId/exports/:exportId/slides/:slideFile[2m > [22mshould return 404 for non-existent slide
[31m[1mAssertionError[22m: expected 400 to be 200 // Object.is equality[39m

[32m- Expected[39m
[31m+ Received[39m

[32m- 200[39m
[31m+ 400[39m

[36m [2mΓ¥»[22m createProjectWithOutput server/__tests__/export-routes.test.js:[2m77:27[22m[39m
    [90m 75| [39m    [33m.[39m[34mpost[39m([32m'/api/html-flow/apply-content'[39m)
    [90m 76| [39m    [33m.[39m[34msend[39m({ chainId[33m,[39m jsonString[33m:[39m sampleJsonResponse 
})[33m;[39m
    [90m 77| [39m  [34mexpect[39m(applyRes[33m.[39mstatus)[33m.[39m[34mtoBe[39m([34m200[39m)[33m;[39m
    [90m   | [39m                          [31m^[39m
    [90m 78| [39m  [35mconst[39m { roundId[33m,[39m outputFile } [33m=[39m applyRes[33m.[39mbody[33m;[39m
    [90m 79| [39m
[90m [2mΓ¥»[22m server/__tests__/export-routes.test.js:[2m334:48[22m[39m

[31m[2mΓÄ»ΓÄ»ΓÄ»ΓÄ»ΓÄ»ΓÄ»ΓÄ»ΓÄ»ΓÄ»ΓÄ»ΓÄ»ΓÄ»ΓÄ»ΓÄ»ΓÄ»ΓÄ»ΓÄ»ΓÄ»ΓÄ»ΓÄ»ΓÄ»[37/165]ΓÄ»[22m[39m

[31m[1m[7m FAIL [27m[22m[39m server/__tests__/export-routes.test.js[2m > [22mExport API Routes[2m > [22mGET 
/api/html-flow/:chainId/exports/:exportId/slides/:slideFile[2m > [22mshould reject path traversal attempts in 
slideFile
[31m[1mAssertionError[22m: expected 400 to be 200 // Object.is equality[39m

[32m- Expected[39m
[31m+ Received[39m

[32m- 200[39m
[31m+ 400[39m

[36m [2mΓ¥»[22m createProjectWithOutput server/__tests__/export-routes.test.js:[2m77:27[22m[39m
    [90m 75| [39m    [33m.[39m[34mpost[39m([32m'/api/html-flow/apply-content'[39m)
    [90m 76| [39m    [33m.[39m[34msend[39m({ chainId[33m,[39m jsonString[33m:[39m sampleJsonResponse 
})[33m;[39m
    [90m 77| [39m  [34mexpect[39m(applyRes[33m.[39mstatus)[33m.[39m[34mtoBe[39m([34m200[39m)[33m;[39m
    [90m   | [39m                          [31m^[39m
    [90m 78| [39m  [35mconst[39m { roundId[33m,[39m outputFile } [33m=[39m applyRes[33m.[39mbody[33m;[39m
    [90m 79| [39m
[90m [2mΓ¥»[22m server/__tests__/export-routes.test.js:[2m347:48[22m[39m

[31m[2mΓÄ»ΓÄ»ΓÄ»ΓÄ»ΓÄ»ΓÄ»ΓÄ»ΓÄ»ΓÄ»ΓÄ»ΓÄ»ΓÄ»ΓÄ»ΓÄ»ΓÄ»ΓÄ»ΓÄ»ΓÄ»ΓÄ»ΓÄ»ΓÄ»[38/165]ΓÄ»[22m[39m

[31m[1m[7m FAIL [27m[22m[39m server/__tests__/export-routes.test.js[2m > [22mExport API Routes[2m > [22mGET 
/api/html-flow/:chainId/exports/:exportId/slides/:slideFile[2m > [22mshould reject invalid slide file names
[31m[1mAssertionError[22m: expected 400 to be 200 // Object.is equality[39m

[32m- Expected[39m
[31m+ Received[39m

[32m- 200[39m
[31m+ 400[39m

[36m [2mΓ¥»[22m createProjectWithOutput server/__tests__/export-routes.test.js:[2m77:27[22m[39m
    [90m 75| [39m    [33m.[39m[34mpost[39m([32m'/api/html-flow/apply-content'[39m)
    [90m 76| [39m    [33m.[39m[34msend[39m({ chainId[33m,[39m jsonString[33m:[39m sampleJsonResponse 
})[33m;[39m
    [90m 77| [39m  [34mexpect[39m(applyRes[33m.[39mstatus)[33m.[39m[34mtoBe[39m([34m200[39m)[33m;[39m
    [90m   | [39m                          [31m^[39m
    [90m 78| [39m  [35mconst[39m { roundId[33m,[39m outputFile } [33m=[39m applyRes[33m.[39mbody[33m;[39m
    [90m 79| [39m
[90m [2mΓ¥»[22m server/__tests__/export-routes.test.js:[2m360:48[22m[39m

[31m[2mΓÄ»ΓÄ»ΓÄ»ΓÄ»ΓÄ»ΓÄ»ΓÄ»ΓÄ»ΓÄ»ΓÄ»ΓÄ»ΓÄ»ΓÄ»ΓÄ»ΓÄ»ΓÄ»ΓÄ»ΓÄ»ΓÄ»ΓÄ»ΓÄ»[39/165]ΓÄ»[22m[39m

[31m[1m[7m FAIL [27m[22m[39m server/__tests__/export-routes.test.js[2m > [22mExport API Routes[2m > [22mGET 
/api/html-flow/:chainId/exports/:exportId/download[2m > [22mshould download ZIP archive
[31m[1mAssertionError[22m: expected 400 to be 200 // Object.is equality[39m

[32m- Expected[39m
[31m+ Received[39m

[32m- 200[39m
[31m+ 400[39m

[36m [2mΓ¥»[22m createProjectWithOutput server/__tests__/export-routes.test.js:[2m77:27[22m[39m
    [90m 75| [39m    [33m.[39m[34mpost[39m([32m'/api/html-flow/apply-content'[39m)
    [90m 76| [39m    [33m.[39m[34msend[39m({ chainId[33m,[39m jsonString[33m:[39m sampleJsonResponse 
})[33m;[39m
    [90m 77| [39m  [34mexpect[39m(applyRes[33m.[39mstatus)[33m.[39m[34mtoBe[39m([34m200[39m)[33m;[39m
    [90m   | [39m                          [31m^[39m
    [90m 78| [39m  [35mconst[39m { roundId[33m,[39m outputFile } [33m=[39m applyRes[33m.[39mbody[33m;[39m
    [90m 79| [39m
[90m [2mΓ¥»[22m server/__tests__/export-routes.test.js:[2m377:48[22m[39m

[31m[2mΓÄ»ΓÄ»ΓÄ»ΓÄ»ΓÄ»ΓÄ»ΓÄ»ΓÄ»ΓÄ»ΓÄ»ΓÄ»ΓÄ»ΓÄ»ΓÄ»ΓÄ»ΓÄ»ΓÄ»ΓÄ»ΓÄ»ΓÄ»ΓÄ»[40/165]ΓÄ»[22m[39m

[31m[1m[7m FAIL [27m[22m[39m server/__tests__/export-routes.test.js[2m > [22mExport API Routes[2m > [22mGET 
/api/html-flow/:chainId/exports/:exportId/download[2m > [22mshould return 404 for non-existent export
[31m[1mAssertionError[22m: expected 400 to be 200 // Object.is equality[39m

[32m- Expected[39m
[31m+ Received[39m

[32m- 200[39m
[31m+ 400[39m

[36m [2mΓ¥»[22m createProjectWithOutput server/__tests__/export-routes.test.js:[2m77:27[22m[39m
    [90m 75| [39m    [33m.[39m[34mpost[39m([32m'/api/html-flow/apply-content'[39m)
    [90m 76| [39m    [33m.[39m[34msend[39m({ chainId[33m,[39m jsonString[33m:[39m sampleJsonResponse 
})[33m;[39m
    [90m 77| [39m  [34mexpect[39m(applyRes[33m.[39mstatus)[33m.[39m[34mtoBe[39m([34m200[39m)[33m;[39m
    [90m   | [39m                          [31m^[39m
    [90m 78| [39m  [35mconst[39m { roundId[33m,[39m outputFile } [33m=[39m applyRes[33m.[39mbody[33m;[39m
    [90m 79| [39m
[90m [2mΓ¥»[22m server/__tests__/export-routes.test.js:[2m401:27[22m[39m

[31m[2mΓÄ»ΓÄ»ΓÄ»ΓÄ»ΓÄ»ΓÄ»ΓÄ»ΓÄ»ΓÄ»ΓÄ»ΓÄ»ΓÄ»ΓÄ»ΓÄ»ΓÄ»ΓÄ»ΓÄ»ΓÄ»ΓÄ»ΓÄ»ΓÄ»[41/165]ΓÄ»[22m[39m

[31m[1m[7m FAIL [27m[22m[39m server/__tests__/export-routes.test.js[2m > [22mExport API Routes[2m > 
[22mDELETE /api/html-flow/:chainId/exports/:exportId[2m > [22mshould delete an export
[31m[1mAssertionError[22m: expected 400 to be 200 // Object.is equality[39m

[32m- Expected[39m
[31m+ Received[39m

[32m- 200[39m
[31m+ 400[39m

[36m [2mΓ¥»[22m createProjectWithOutput server/__tests__/export-routes.test.js:[2m77:27[22m[39m
    [90m 75| [39m    [33m.[39m[34mpost[39m([32m'/api/html-flow/apply-content'[39m)
    [90m 76| [39m    [33m.[39m[34msend[39m({ chainId[33m,[39m jsonString[33m:[39m sampleJsonResponse 
})[33m;[39m
    [90m 77| [39m  [34mexpect[39m(applyRes[33m.[39mstatus)[33m.[39m[34mtoBe[39m([34m200[39m)[33m;[39m
    [90m   | [39m                          [31m^[39m
    [90m 78| [39m  [35mconst[39m { roundId[33m,[39m outputFile } [33m=[39m applyRes[33m.[39mbody[33m;[39m
    [90m 79| [39m
[90m [2mΓ¥»[22m server/__tests__/export-routes.test.js:[2m414:48[22m[39m

[31m[2mΓÄ»ΓÄ»ΓÄ»ΓÄ»ΓÄ»ΓÄ»ΓÄ»ΓÄ»ΓÄ»ΓÄ»ΓÄ»ΓÄ»ΓÄ»ΓÄ»ΓÄ»ΓÄ»ΓÄ»ΓÄ»ΓÄ»ΓÄ»ΓÄ»[42/165]ΓÄ»[22m[39m

[31m[1m[7m FAIL [27m[22m[39m server/__tests__/export-routes.test.js[2m > [22mExport API Routes[2m > 
[22mDELETE /api/html-flow/:chainId/exports/:exportId[2m > [22mshould return 404 for non-existent export
[31m[1mAssertionError[22m: expected 400 to be 200 // Object.is equality[39m

[32m- Expected[39m
[31m+ Received[39m

[32m- 200[39m
[31m+ 400[39m

[36m [2mΓ¥»[22m createProjectWithOutput server/__tests__/export-routes.test.js:[2m77:27[22m[39m
    [90m 75| [39m    [33m.[39m[34mpost[39m([32m'/api/html-flow/apply-content'[39m)
    [90m 76| [39m    [33m.[39m[34msend[39m({ chainId[33m,[39m jsonString[33m:[39m sampleJsonResponse 
})[33m;[39m
    [90m 77| [39m  [34mexpect[39m(applyRes[33m.[39mstatus)[33m.[39m[34mtoBe[39m([34m200[39m)[33m;[39m
    [90m   | [39m                          [31m^[39m
    [90m 78| [39m  [35mconst[39m { roundId[33m,[39m outputFile } [33m=[39m applyRes[33m.[39mbody[33m;[39m
    [90m 79| [39m
[90m [2mΓ¥»[22m server/__tests__/export-routes.test.js:[2m433:27[22m[39m

[31m[2mΓÄ»ΓÄ»ΓÄ»ΓÄ»ΓÄ»ΓÄ»ΓÄ»ΓÄ»ΓÄ»ΓÄ»ΓÄ»ΓÄ»ΓÄ»ΓÄ»ΓÄ»ΓÄ»ΓÄ»ΓÄ»ΓÄ»ΓÄ»ΓÄ»[43/165]ΓÄ»[22m[39m

[31m[1m[7m FAIL [27m[22m[39m server/__tests__/export-routes.test.js[2m > [22mExport API Routes[2m > [22mFull 
export workflow[2m > [22mshould support: create ΓåÆ list ΓåÆ get details ΓåÆ download ΓåÆ delete
[31m[1mAssertionError[22m: expected 400 to be 200 // Object.is equality[39m

[32m- Expected[39m
[31m+ Received[39m

[32m- 200[39m
[31m+ 400[39m

[36m [2mΓ¥»[22m createProjectWithOutput server/__tests__/export-routes.test.js:[2m77:27[22m[39m
    [90m 75| [39m    [33m.[39m[34mpost[39m([32m'/api/html-flow/apply-content'[39m)
    [90m 76| [39m    [33m.[39m[34msend[39m({ chainId[33m,[39m jsonString[33m:[39m sampleJsonResponse 
})[33m;[39m
    [90m 77| [39m  [34mexpect[39m(applyRes[33m.[39mstatus)[33m.[39m[34mtoBe[39m([34m200[39m)[33m;[39m
    [90m   | [39m                          [31m^[39m
    [90m 78| [39m  [35mconst[39m { roundId[33m,[39m outputFile } [33m=[39m applyRes[33m.[39mbody[33m;[39m
    [90m 79| [39m
[90m [2mΓ¥»[22m server/__tests__/export-routes.test.js:[2m454:48[22m[39m

[31m[2mΓÄ»ΓÄ»ΓÄ»ΓÄ»ΓÄ»ΓÄ»ΓÄ»ΓÄ»ΓÄ»ΓÄ»ΓÄ»ΓÄ»ΓÄ»ΓÄ»ΓÄ»ΓÄ»ΓÄ»ΓÄ»ΓÄ»ΓÄ»ΓÄ»[44/165]ΓÄ»[22m[39m

[31m[1m[7m FAIL [27m[22m[39m server/__tests__/export-routes.test.js[2m > [22mExport API Routes[2m > [22mFull 
export workflow[2m > [22mshould support multiple exports from the same round
[31m[1mAssertionError[22m: expected 400 to be 200 // Object.is equality[39m

[32m- Expected[39m
[31m+ Received[39m

[32m- 200[39m
[31m+ 400[39m

[36m [2mΓ¥»[22m createProjectWithOutput server/__tests__/export-routes.test.js:[2m77:27[22m[39m
    [90m 75| [39m    [33m.[39m[34mpost[39m([32m'/api/html-flow/apply-content'[39m)
    [90m 76| [39m    [33m.[39m[34msend[39m({ chainId[33m,[39m jsonString[33m:[39m sampleJsonResponse 
})[33m;[39m
    [90m 77| [39m  [34mexpect[39m(applyRes[33m.[39mstatus)[33m.[39m[34mtoBe[39m([34m200[39m)[33m;[39m
    [90m   | [39m                          [31m^[39m
    [90m 78| [39m  [35mconst[39m { roundId[33m,[39m outputFile } [33m=[39m applyRes[33m.[39mbody[33m;[39m
    [90m 79| [39m
[90m [2mΓ¥»[22m server/__tests__/export-routes.test.js:[2m504:48[22m[39m

[31m[2mΓÄ»ΓÄ»ΓÄ»ΓÄ»ΓÄ»ΓÄ»ΓÄ»ΓÄ»ΓÄ»ΓÄ»ΓÄ»ΓÄ»ΓÄ»ΓÄ»ΓÄ»ΓÄ»ΓÄ»ΓÄ»ΓÄ»ΓÄ»ΓÄ»[45/165]ΓÄ»[22m[39m

[31m[1m[7m FAIL [27m[22m[39m server/__tests__/full-browser-flow.test.js[2m > [22mFull Browser Flow 
Simulation[2m > [22mStep 2: Create project with selections
[31m[1mAssertionError[22m: expected undefined to be defined[39m
[36m [2mΓ¥»[22m server/__tests__/full-browser-flow.test.js:[2m193:30[22m[39m
    [90m191| [39m    [34mexpect[39m(res[33m.[39mstatus)[33m.[39m[34mtoBe[39m([34m200[39m)[33m;[39m
    [90m192| [39m    
[34mexpect[39m(res[33m.[39mbody[33m.[39mok)[33m.[39m[34mtoBe[39m([35mtrue[39m)[33m;[39m
    [90m193| [39m    
[34mexpect[39m(res[33m.[39mbody[33m.[39mchainId)[33m.[39m[34mtoBeDefined[39m()[33m;[39m
    [90m   | [39m                             [31m^[39m
    [90m194| [39m    [34mexpect[39m(res[33m.[39mbody[33m.[39mzones[33m.[39mlength)[33m.[39m[34mtoBeGreater
Than[39m([34m0[39m)[33m;[39m
    [90m195| [39m

[31m[2mΓÄ»ΓÄ»ΓÄ»ΓÄ»ΓÄ»ΓÄ»ΓÄ»ΓÄ»ΓÄ»ΓÄ»ΓÄ»ΓÄ»ΓÄ»ΓÄ»ΓÄ»ΓÄ»ΓÄ»ΓÄ»ΓÄ»ΓÄ»ΓÄ»[46/165]ΓÄ»[22m[39m

[31m[1m[7m FAIL [27m[22m[39m server/__tests__/full-browser-flow.test.js[2m > [22mFull Browser Flow 
Simulation[2m > [22mStep 3: Generate recipe
[31m[1mAssertionError[22m: expected 400 to be 200 // Object.is equality[39m

[32m- Expected[39m
[31m+ Received[39m

[32m- 200[39m
[31m+ 400[39m

[36m [2mΓ¥»[22m server/__tests__/full-browser-flow.test.js:[2m217:24[22m[39m
    [90m215| [39m    console[33m.[39m[34mlog[39m([32m`   Contains "ZONES_TO_PRESERVE": 
[39m[36m${[39mres[33m.[39mbody[33m.[39mrecipe[33m?.[39m[34mi[39mΓÇª
    [90m216| [39m
    [90m217| [39m    [34mexpect[39m(res[33m.[39mstatus)[33m.[39m[34mtoBe[39m([34m200[39m)[33m;[39m
    [90m   | [39m                       [31m^[39m
    [90m218| [39m    
[34mexpect[39m(res[33m.[39mbody[33m.[39mrecipe)[33m.[39m[34mtoBeDefined[39m()[33m;[39m
    [90m219| [39m    
[34mexpect[39m(res[33m.[39mbody[33m.[39mrecipe)[33m.[39m[34mtoContain[39m([32m'slide_1'[39m)[33m;[39m

[31m[2mΓÄ»ΓÄ»ΓÄ»ΓÄ»ΓÄ»ΓÄ»ΓÄ»ΓÄ»ΓÄ»ΓÄ»ΓÄ»ΓÄ»ΓÄ»ΓÄ»ΓÄ»ΓÄ»ΓÄ»ΓÄ»ΓÄ»ΓÄ»ΓÄ»[47/165]ΓÄ»[22m[39m

[31m[1m[7m FAIL [27m[22m[39m server/__tests__/full-browser-flow.test.js[2m > [22mFull Browser Flow 
Simulation[2m > [22mStep 4: Validate JSON (with 2 instances)
[31m[1mAssertionError[22m: expected 400 to be 200 // Object.is equality[39m

[32m- Expected[39m
[31m+ Received[39m

[32m- 200[39m
[31m+ 400[39m

[36m [2mΓ¥»[22m server/__tests__/full-browser-flow.test.js:[2m265:24[22m[39m
    [90m263| [39m    }
    [90m264| [39m
    [90m265| [39m    [34mexpect[39m(res[33m.[39mstatus)[33m.[39m[34mtoBe[39m([34m200[39m)[33m;[39m
    [90m   | [39m                       [31m^[39m
    [90m266| [39m    
[34mexpect[39m(res[33m.[39mbody[33m.[39mvalid)[33m.[39m[34mtoBe[39m([35mtrue[39m)[33m;[39m
    [90m267| [39m    
[34mexpect[39m(res[33m.[39mbody[33m.[39minstanceCount)[33m.[39m[34mtoBe[39m([34m2[39m)[33m;[39m

[31m[2mΓÄ»ΓÄ»ΓÄ»ΓÄ»ΓÄ»ΓÄ»ΓÄ»ΓÄ»ΓÄ»ΓÄ»ΓÄ»ΓÄ»ΓÄ»ΓÄ»ΓÄ»ΓÄ»ΓÄ»ΓÄ»ΓÄ»ΓÄ»ΓÄ»[48/165]ΓÄ»[22m[39m

[31m[1m[7m FAIL [27m[22m[39m server/__tests__/full-browser-flow.test.js[2m > [22mFull Browser Flow 
Simulation[2m > [22mStep 5: Apply content and generate preview
[31m[1mAssertionError[22m: expected 400 to be 200 // Object.is equality[39m

[32m- Expected[39m
[31m+ Received[39m

[32m- 200[39m
[31m+ 400[39m

[36m [2mΓ¥»[22m server/__tests__/full-browser-flow.test.js:[2m288:24[22m[39m
    [90m286| [39m    console[33m.[39m[34mlog[39m([32m`   Preview HTML Length: 
[39m[36m${[39mres[33m.[39mbody[33m.[39mpreviewHtml[33m?.[39mlengtΓÇª
    [90m287| [39m
    [90m288| [39m    [34mexpect[39m(res[33m.[39mstatus)[33m.[39m[34mtoBe[39m([34m200[39m)[33m;[39m
    [90m   | [39m                       [31m^[39m
    [90m289| [39m    
[34mexpect[39m(res[33m.[39mbody[33m.[39mok)[33m.[39m[34mtoBe[39m([35mtrue[39m)[33m;[39m
    [90m290| [39m    
[34mexpect[39m(res[33m.[39mbody[33m.[39moutputFile)[33m.[39m[34mtoBeDefined[39m()[33m;[39m

[31m[2mΓÄ»ΓÄ»ΓÄ»ΓÄ»ΓÄ»ΓÄ»ΓÄ»ΓÄ»ΓÄ»ΓÄ»ΓÄ»ΓÄ»ΓÄ»ΓÄ»ΓÄ»ΓÄ»ΓÄ»ΓÄ»ΓÄ»ΓÄ»ΓÄ»[49/165]ΓÄ»[22m[39m

[31m[1m[7m FAIL [27m[22m[39m server/__tests__/full-browser-flow.test.js[2m > [22mFull Browser Flow 
Simulation[2m > [22mStep 6: Download generated output
[31m[1mAssertionError[22m: expected 400 to be 200 // Object.is equality[39m

[32m- Expected[39m
[31m+ Received[39m

[32m- 200[39m
[31m+ 400[39m

[36m [2mΓ¥»[22m server/__tests__/full-browser-flow.test.js:[2m322:24[22m[39m
    [90m320| [39m    console[33m.[39m[34mlog[39m([32m`   Content Length: 
[39m[36m${[39mres[33m.[39mtext[33m?.[39mlength [33m||[39m [34m0[39m[36m}[39m[32m bytes`[39m)[33m;[39m
    [90m321| [39m
    [90m322| [39m    [34mexpect[39m(res[33m.[39mstatus)[33m.[39m[34mtoBe[39m([34m200[39m)[33m;[39m
    [90m   | [39m                       [31m^[39m
    [90m323| [39m    [34mexpect[39m(res[33m.[39mtext)[33m.[39m[34mtoContain[39m([32m'Initiative Group 
1'[39m)[33m;[39m
    [90m324| [39m    [34mexpect[39m(res[33m.[39mtext)[33m.[39m[34mtoContain[39m([32m'Initiative Group 
2'[39m)[33m;[39m

[31m[2mΓÄ»ΓÄ»ΓÄ»ΓÄ»ΓÄ»ΓÄ»ΓÄ»ΓÄ»ΓÄ»ΓÄ»ΓÄ»ΓÄ»ΓÄ»ΓÄ»ΓÄ»ΓÄ»ΓÄ»ΓÄ»ΓÄ»ΓÄ»ΓÄ»[50/165]ΓÄ»[22m[39m

[31m[1m[7m FAIL [27m[22m[39m server/__tests__/generation-history-routes.test.js[2m > [22mGeneration History 
API Routes[2m > [22mGET /api/html-flow/:chainId/generations[2m > [22mshould list all generations
[31m[1mAssertionError[22m: expected 400 to be 200 // Object.is equality[39m

[32m- Expected[39m
[31m+ Received[39m

[32m- 200[39m
[31m+ 400[39m

[36m [2mΓ¥»[22m server/__tests__/generation-history-routes.test.js:[2m95:32[22m[39m
    [90m 93| [39m        [33m.[39m[34msend[39m({ chainId[33m,[39m globalPrompt[33m:[39m [32m'test 
prompt'[39m })
    [90m 94| [39m
    [90m 95| [39m      [34mexpect[39m(recipeRes[33m.[39mstatus)[33m.[39m[34mtoBe[39m([34m200[39m)
    [90m   | [39m                               [31m^[39m
    [90m 96| [39m      
[34mexpect[39m(recipeRes[33m.[39mbody[33m.[39mok)[33m.[39m[34mtoBe[39m([35mtrue[39m)
    [90m 97| [39m

[31m[2mΓÄ»ΓÄ»ΓÄ»ΓÄ»ΓÄ»ΓÄ»ΓÄ»ΓÄ»ΓÄ»ΓÄ»ΓÄ»ΓÄ»ΓÄ»ΓÄ»ΓÄ»ΓÄ»ΓÄ»ΓÄ»ΓÄ»ΓÄ»ΓÄ»[51/165]ΓÄ»[22m[39m

[31m[1m[7m FAIL [27m[22m[39m server/__tests__/generation-history-routes.test.js[2m > [22mGeneration History 
API Routes[2m > [22mGET /api/html-flow/:chainId/generations[2m > [22mshould filter by type
[31m[1mAssertionError[22m: expected [] to have a length of 1 but got +0[39m

[32m- Expected[39m
[31m+ Received[39m

[32m- 1[39m
[31m+ 0[39m

[36m [2mΓ¥»[22m server/__tests__/generation-history-routes.test.js:[2m133:42[22m[39m
    [90m131| [39m      [35mconst[39m roundRes [33m=[39m [35mawait[39m 
[34mrequest[39m(app)[33m.[39m[35mget[39m([32m`/api/html-flow/[39m[36m${[39mchainIΓÇª
    [90m132| [39m
    [90m133| [39m      
[34mexpect[39m(recipeRes[33m.[39mbody[33m.[39mgenerations)[33m.[39m[34mtoHaveLength[39m([34m1[39m)
    [90m   | [39m                                         [31m^[39m
    [90m134| [39m      [34mexpect[39m(recipeRes[33m.[39mbody[33m.[39mgenerations[[34m0[39m][33m.[39mtype)[
33m.[39m[34mtoBe[39m([32m'recipe'[39m)
    [90m135| [39m

[31m[2mΓÄ»ΓÄ»ΓÄ»ΓÄ»ΓÄ»ΓÄ»ΓÄ»ΓÄ»ΓÄ»ΓÄ»ΓÄ»ΓÄ»ΓÄ»ΓÄ»ΓÄ»ΓÄ»ΓÄ»ΓÄ»ΓÄ»ΓÄ»ΓÄ»[52/165]ΓÄ»[22m[39m

[31m[1m[7m FAIL [27m[22m[39m server/__tests__/generation-history-routes.test.js[2m > [22mGeneration History 
API Routes[2m > [22mGET /api/html-flow/:chainId/generations[2m > [22mshould support pagination
[31m[1mAssertionError[22m: expected [] to have a length of 2 but got +0[39m

[32m- Expected[39m
[31m+ Received[39m

[32m- 2[39m
[31m+ 0[39m

[36m [2mΓ¥»[22m server/__tests__/generation-history-routes.test.js:[2m163:38[22m[39m
    [90m161| [39m      [35mconst[39m page2 [33m=[39m [35mawait[39m 
[34mrequest[39m(app)[33m.[39m[35mget[39m([32m`/api/html-flow/[39m[36m${[39mchainId[36m}[39m[32m/[39mΓÇª
    [90m162| [39m
    [90m163| [39m      
[34mexpect[39m(page1[33m.[39mbody[33m.[39mgenerations)[33m.[39m[34mtoHaveLength[39m([34m2[39m)
    [90m   | [39m                                     [31m^[39m
    [90m164| [39m      
[34mexpect[39m(page2[33m.[39mbody[33m.[39mgenerations)[33m.[39m[34mtoHaveLength[39m([34m1[39m)
    [90m165| [39m    })

[31m[2mΓÄ»ΓÄ»ΓÄ»ΓÄ»ΓÄ»ΓÄ»ΓÄ»ΓÄ»ΓÄ»ΓÄ»ΓÄ»ΓÄ»ΓÄ»ΓÄ»ΓÄ»ΓÄ»ΓÄ»ΓÄ»ΓÄ»ΓÄ»ΓÄ»[53/165]ΓÄ»[22m[39m

[31m[1m[7m FAIL [27m[22m[39m server/__tests__/generation-history-routes.test.js[2m > [22mGeneration History 
API Routes[2m > [22mGET /api/html-flow/:chainId/generations/:generationId[2m > [22mshould get single generation 
details
[31m[1mAssertionError[22m: expected 400 to be 200 // Object.is equality[39m

[32m- Expected[39m
[31m+ Received[39m

[32m- 200[39m
[31m+ 400[39m

[36m [2mΓ¥»[22m server/__tests__/generation-history-routes.test.js:[2m193:32[22m[39m
    [90m191| [39m        [33m.[39m[34msend[39m({ chainId[33m,[39m globalPrompt[33m:[39m [32m'test'[39m })
    [90m192| [39m
    [90m193| [39m      [34mexpect[39m(recipeRes[33m.[39mstatus)[33m.[39m[34mtoBe[39m([34m200[39m)
    [90m   | [39m                               [31m^[39m
    [90m194| [39m      
[34mexpect[39m(recipeRes[33m.[39mbody[33m.[39mok)[33m.[39m[34mtoBe[39m([35mtrue[39m)
    [90m195| [39m

[31m[2mΓÄ»ΓÄ»ΓÄ»ΓÄ»ΓÄ»ΓÄ»ΓÄ»ΓÄ»ΓÄ»ΓÄ»ΓÄ»ΓÄ»ΓÄ»ΓÄ»ΓÄ»ΓÄ»ΓÄ»ΓÄ»ΓÄ»ΓÄ»ΓÄ»[54/165]ΓÄ»[22m[39m

[31m[1m[7m FAIL [27m[22m[39m server/__tests__/generation-history-routes.test.js[2m > [22mGeneration History 
API Routes[2m > [22mDELETE /api/html-flow/:chainId/generations/:generationId[2m > [22mshould delete a generation
[31m[1mAssertionError[22m: expected 404 to be 200 // Object.is equality[39m

[32m- Expected[39m
[31m+ Received[39m

[32m- 200[39m
[31m+ 404[39m

[36m [2mΓ¥»[22m server/__tests__/generation-history-routes.test.js:[2m250:32[22m[39m
    [90m248| [39m      [35mconst[39m deleteRes [33m=[39m [35mawait[39m 
[34mrequest[39m(app)[33m.[39m[35mdelete[39m([32m`/api/html-flow/[39m[36m${[39mchΓÇª
    [90m249| [39m
    [90m250| [39m      [34mexpect[39m(deleteRes[33m.[39mstatus)[33m.[39m[34mtoBe[39m([34m200[39m)
    [90m   | [39m                               [31m^[39m
    [90m251| [39m      
[34mexpect[39m(deleteRes[33m.[39mbody[33m.[39mok)[33m.[39m[34mtoBe[39m([35mtrue[39m)
    [90m252| [39m

[31m[2mΓÄ»ΓÄ»ΓÄ»ΓÄ»ΓÄ»ΓÄ»ΓÄ»ΓÄ»ΓÄ»ΓÄ»ΓÄ»ΓÄ»ΓÄ»ΓÄ»ΓÄ»ΓÄ»ΓÄ»ΓÄ»ΓÄ»ΓÄ»ΓÄ»[55/165]ΓÄ»[22m[39m

[31m[1m[7m FAIL [27m[22m[39m server/__tests__/generation-history-routes.test.js[2m > [22mGeneration History 
API Routes[2m > [22mGET /api/html-flow/:chainId/generations-stats[2m > [22mshould return generation statistics
[31m[1mAssertionError[22m: expected +0 to be 2 // Object.is equality[39m

[32m- Expected[39m
[31m+ Received[39m

[32m- 2[39m
[31m+ 0[39m

[36m [2mΓ¥»[22m server/__tests__/generation-history-routes.test.js:[2m306:41[22m[39m
    [90m304| [39m      [34mexpect[39m(res[33m.[39mbody[33m.[39mok)[33m.[39m[34mtoBe[39m([35mtrue[39m)
    [90m305| [39m      [34mexpect[39m(res[33m.[39mbody[33m.[39mstats)[33m.[39m[34mtoBeDefined[39m()
    [90m306| [39m      
[34mexpect[39m(res[33m.[39mbody[33m.[39mstats[33m.[39mtotalCount)[33m.[39m[34mtoBe[39m([34m2[39m)
    [90m   | [39m                                        [31m^[39m
    [90m307| [39m      [34mexpect[39m(res[33m.[39mbody[33m.[39mstats[33m.[39mbyType[33m.[39mrecipe)[33m.[
39m[34mtoBe[39m([34m1[39m)
    [90m308| [39m      [34mexpect[39m(res[33m.[39mbody[33m.[39mstats[33m.[39mbyType[33m.[39mround)[33m.[3
9m[34mtoBe[39m([34m1[39m)

[31m[2mΓÄ»ΓÄ»ΓÄ»ΓÄ»ΓÄ»ΓÄ»ΓÄ»ΓÄ»ΓÄ»ΓÄ»ΓÄ»ΓÄ»ΓÄ»ΓÄ»ΓÄ»ΓÄ»ΓÄ»ΓÄ»ΓÄ»ΓÄ»ΓÄ»[56/165]ΓÄ»[22m[39m

[31m[1m[7m FAIL [27m[22m[39m server/__tests__/generation-history-routes.test.js[2m > [22mGeneration History 
API Routes[2m > [22mPOST /api/html-flow/:chainId/generations/:generationId/replay[2m > [22mshould replay a 
previous generation
[31m[1mAssertionError[22m: expected 404 to be 200 // Object.is equality[39m

[32m- Expected[39m
[31m+ Received[39m

[32m- 200[39m
[31m+ 404[39m

[36m [2mΓ¥»[22m server/__tests__/generation-history-routes.test.js:[2m337:32[22m[39m
    [90m335| [39m        [33m.[39m[34mpost[39m([32m`/api/html-flow/[39m[36m${[39mchainId[36m}[39m[32m/gene
rations/[39m[36m${[39mgenerationId[36m}[39m[32m/r[39mΓÇª
    [90m336| [39m
    [90m337| [39m      [34mexpect[39m(replayRes[33m.[39mstatus)[33m.[39m[34mtoBe[39m([34m200[39m)
    [90m   | [39m                               [31m^[39m
    [90m338| [39m      
[34mexpect[39m(replayRes[33m.[39mbody[33m.[39mok)[33m.[39m[34mtoBe[39m([35mtrue[39m)
    [90m339| [39m      [34mexpect[39m(replayRes[33m.[39mbody[33m.[39mroundId)[33m.[39m[34mtoBeDefined[39m()

[31m[2mΓÄ»ΓÄ»ΓÄ»ΓÄ»ΓÄ»ΓÄ»ΓÄ»ΓÄ»ΓÄ»ΓÄ»ΓÄ»ΓÄ»ΓÄ»ΓÄ»ΓÄ»ΓÄ»ΓÄ»ΓÄ»ΓÄ»ΓÄ»ΓÄ»[57/165]ΓÄ»[22m[39m

[31m[1m[7m FAIL [27m[22m[39m server/__tests__/generation-history-routes.test.js[2m > [22mGeneration History 
API Routes[2m > [22mGET /api/html-flow/:chainId/generations-export[2m > [22mshould export all generations as JSON 
file
[31m[1mAssertionError[22m: expected 404 to be 200 // Object.is equality[39m

[32m- Expected[39m
[31m+ Received[39m

[32m- 200[39m
[31m+ 404[39m

[36m [2mΓ¥»[22m server/__tests__/generation-history-routes.test.js:[2m394:26[22m[39m
    [90m392| [39m      [35mconst[39m res [33m=[39m [35mawait[39m 
[34mrequest[39m(app)[33m.[39m[35mget[39m([32m`/api/html-flow/[39m[36m${[39mchainId[36m}[39m[32m/ge[39mΓÇª
    [90m393| [39m
    [90m394| [39m      [34mexpect[39m(res[33m.[39mstatus)[33m.[39m[34mtoBe[39m([34m200[39m)
    [90m   | [39m                         [31m^[39m
    [90m395| [39m      [34mexpect[39m(res[33m.[39mtype)[33m.[39m[34mtoMatch[39m([32m'application/json'[39m)
    [90m396| [39m

[31m[2mΓÄ»ΓÄ»ΓÄ»ΓÄ»ΓÄ»ΓÄ»ΓÄ»ΓÄ»ΓÄ»ΓÄ»ΓÄ»ΓÄ»ΓÄ»ΓÄ»ΓÄ»ΓÄ»ΓÄ»ΓÄ»ΓÄ»ΓÄ»ΓÄ»[58/165]ΓÄ»[22m[39m

[31m[1m[7m FAIL [27m[22m[39m server/__tests__/generation-history-routes.test.js[2m > [22mGeneration History 
API Routes[2m > [22mIntegration: Full generation lifecycle[2m > [22mshould track complete generation lifecycle
[31m[1mAssertionError[22m: expected 400 to be 200 // Object.is equality[39m

[32m- Expected[39m
[31m+ Received[39m

[32m- 200[39m
[31m+ 400[39m

[36m [2mΓ¥»[22m server/__tests__/generation-history-routes.test.js:[2m434:32[22m[39m
    [90m432| [39m        [33m.[39m[34msend[39m({ chainId[33m,[39m globalPrompt[33m:[39m [32m'Create 
engaging content'[39m })
    [90m433| [39m
    [90m434| [39m      [34mexpect[39m(recipeRes[33m.[39mstatus)[33m.[39m[34mtoBe[39m([34m200[39m)
    [90m   | [39m                               [31m^[39m
    [90m435| [39m      
[34mexpect[39m(recipeRes[33m.[39mbody[33m.[39mok)[33m.[39m[34mtoBe[39m([35mtrue[39m)
    [90m436| [39m

[31m[2mΓÄ»ΓÄ»ΓÄ»ΓÄ»ΓÄ»ΓÄ»ΓÄ»ΓÄ»ΓÄ»ΓÄ»ΓÄ»ΓÄ»ΓÄ»ΓÄ»ΓÄ»ΓÄ»ΓÄ»ΓÄ»ΓÄ»ΓÄ»ΓÄ»[59/165]ΓÄ»[22m[39m

[31m[1m[7m FAIL [27m[22m[39m server/__tests__/html-flow-e2e.test.js[2m > [22mHTML Flow E2E Tests[2m > 
[22mStep 4: Validate JSON[2m > [22mshould validate JSON response against zones
[31m[1mAssertionError[22m: expected false to be true // Object.is equality[39m

[32m- Expected[39m
[31m+ Received[39m

[32m- true[39m
[31m+ false[39m

[36m [2mΓ¥»[22m server/__tests__/html-flow-e2e.test.js:[2m207:35[22m[39m
    [90m205| [39m      [34mexpect[39m(response[33m.[39mstatus)[33m.[39m[34mtoBe[39m([34m200[39m)[33m;[39m
    [90m206| [39m      
[34mexpect[39m(response[33m.[39mdata[33m.[39mok)[33m.[39m[34mtoBe[39m([35mtrue[39m)[33m;[39m
    [90m207| [39m      
[34mexpect[39m(response[33m.[39mdata[33m.[39mvalid)[33m.[39m[34mtoBe[39m([35mtrue[39m)[33m;[39m
    [90m   | [39m                                  [31m^[39m
    [90m208| [39m    })[33m;[39m
    [90m209| [39m  })[33m;[39m

[31m[2mΓÄ»ΓÄ»ΓÄ»ΓÄ»ΓÄ»ΓÄ»ΓÄ»ΓÄ»ΓÄ»ΓÄ»ΓÄ»ΓÄ»ΓÄ»ΓÄ»ΓÄ»ΓÄ»ΓÄ»ΓÄ»ΓÄ»ΓÄ»ΓÄ»[60/165]ΓÄ»[22m[39m

[31m[1m[7m FAIL [27m[22m[39m server/__tests__/html-flow-e2e.test.js[2m > [22mHTML Flow E2E Tests[2m > 
[22mStep 5: Apply Content[2m > [22mshould apply content and save output file to flow directory
[31m[1mAssertionError[22m: expected 422 to be 200 // Object.is equality[39m

[32m- Expected[39m
[31m+ Received[39m

[32m- 200[39m
[31m+ 422[39m

[36m [2mΓ¥»[22m server/__tests__/html-flow-e2e.test.js:[2m219:31[22m[39m
    [90m217| [39m      })[33m;[39m
    [90m218| [39m
    [90m219| [39m      [34mexpect[39m(response[33m.[39mstatus)[33m.[39m[34mtoBe[39m([34m200[39m)[33m;[39m
    [90m   | [39m                              [31m^[39m
    [90m220| [39m      
[34mexpect[39m(response[33m.[39mdata[33m.[39mok)[33m.[39m[34mtoBe[39m([35mtrue[39m)[33m;[39m
    [90m221| [39m      
[34mexpect[39m(response[33m.[39mdata[33m.[39moutputFile)[33m.[39m[34mtoBeDefined[39m()[33m;[39m

[31m[2mΓÄ»ΓÄ»ΓÄ»ΓÄ»ΓÄ»ΓÄ»ΓÄ»ΓÄ»ΓÄ»ΓÄ»ΓÄ»ΓÄ»ΓÄ»ΓÄ»ΓÄ»ΓÄ»ΓÄ»ΓÄ»ΓÄ»ΓÄ»ΓÄ»[61/165]ΓÄ»[22m[39m

[31m[1m[7m FAIL [27m[22m[39m server/__tests__/html-flow-e2e.test.js[2m > [22mHTML Flow E2E Tests[2m > 
[22mStep 5: Apply Content[2m > [22mshould save output HTML file to flow directory
[31m[1mTypeError[22m: The "path" argument must be of type string. Received undefined[39m
[36m [2mΓ¥»[22m server/__tests__/html-flow-e2e.test.js:[2m230:31[22m[39m
    [90m228| [39m
    [90m229| [39m    [34mit[39m([32m'should save output HTML file to flow directory'[39m[33m,[39m () 
[33m=>[39m {
    [90m230| [39m      [35mconst[39m outputPath [33m=[39m path[33m.[39m[34mjoin[39m(
    [90m   | [39m                              [31m^[39m
    [90m231| [39m        [33mPROJECT_ROOT[39m[33m,[39m
    [90m232| [39m        [32m'server/projects'[39m[33m,[39m

[31m[2mΓÄ»ΓÄ»ΓÄ»ΓÄ»ΓÄ»ΓÄ»ΓÄ»ΓÄ»ΓÄ»ΓÄ»ΓÄ»ΓÄ»ΓÄ»ΓÄ»ΓÄ»ΓÄ»ΓÄ»ΓÄ»ΓÄ»ΓÄ»ΓÄ»ΓÄ»ΓÄ»ΓÄ»ΓÄ»ΓÄ»ΓÄ»ΓÄ»ΓÄ»ΓÄ»[22m[39m
[31m[1mSerialized Error:[22m[39m [90m{ code: 'ERR_INVALID_ARG_TYPE' }[39m
[31m[2mΓÄ»ΓÄ»ΓÄ»ΓÄ»ΓÄ»ΓÄ»ΓÄ»ΓÄ»ΓÄ»ΓÄ»ΓÄ»ΓÄ»ΓÄ»ΓÄ»ΓÄ»ΓÄ»ΓÄ»ΓÄ»ΓÄ»ΓÄ»ΓÄ»[62/165]ΓÄ»[22m[39m

[31m[1m[7m FAIL [27m[22m[39m server/__tests__/html-flow-e2e.test.js[2m > [22mHTML Flow E2E Tests[2m > 
[22mStep 5: Apply Content[2m > [22mshould update flow.json with generation record
[31m[1mAssertionError[22m: expected 0 to be greater than 0[39m
[36m [2mΓ¥»[22m server/__tests__/html-flow-e2e.test.js:[2m260:43[22m[39m
    [90m258| [39m      [35mconst[39m flowData [33m=[39m 
[33mJSON[39m[33m.[39m[34mparse[39m(fs[33m.[39m[34mreadFileSync[39m(flowJsonPath[33m,[39m 
[32m'utf8'[39mΓÇª
    [90m259| [39m      [34mexpect[39m(flowData[33m.[39mgenerations)[33m.[39m[34mtoBeDefined[39m()[33m;[39m
    [90m260| [39m      [34mexpect[39m(flowData[33m.[39mgenerations[33m.[39mlength)[33m.[39m[34mtoBeGreaterTh
an[39m([34m0[39m)[33m;[39m
    [90m   | [39m                                          [31m^[39m
    [90m261| [39m
    [90m262| [39m      [35mconst[39m latestGen [33m=[39m 
flowData[33m.[39mgenerations[flowData[33m.[39mgenerations[33m.[39mlengΓÇª

[31m[2mΓÄ»ΓÄ»ΓÄ»ΓÄ»ΓÄ»ΓÄ»ΓÄ»ΓÄ»ΓÄ»ΓÄ»ΓÄ»ΓÄ»ΓÄ»ΓÄ»ΓÄ»ΓÄ»ΓÄ»ΓÄ»ΓÄ»ΓÄ»ΓÄ»[63/165]ΓÄ»[22m[39m

[31m[1m[7m FAIL [27m[22m[39m server/__tests__/html-flow-e2e.test.js[2m > [22mHTML Flow E2E Tests[2m > 
[22mStep 6: Create Export[2m > [22mshould create export and save to projects/flows/exports directory
[31m[1mAssertionError[22m: expected 400 to be 200 // Object.is equality[39m

[32m- Expected[39m
[31m+ Received[39m

[32m- 200[39m
[31m+ 400[39m

[36m [2mΓ¥»[22m server/__tests__/html-flow-e2e.test.js:[2m283:31[22m[39m
    [90m281| [39m      )[33m;[39m
    [90m282| [39m
    [90m283| [39m      [34mexpect[39m(response[33m.[39mstatus)[33m.[39m[34mtoBe[39m([34m200[39m)[33m;[39m
    [90m   | [39m                              [31m^[39m
    [90m284| [39m      
[34mexpect[39m(response[33m.[39mdata[33m.[39mok)[33m.[39m[34mtoBe[39m([35mtrue[39m)[33m;[39m
    [90m285| [39m      
[34mexpect[39m(response[33m.[39mdata[33m.[39mexportId)[33m.[39m[34mtoBeDefined[39m()[33m;[39m

[31m[2mΓÄ»ΓÄ»ΓÄ»ΓÄ»ΓÄ»ΓÄ»ΓÄ»ΓÄ»ΓÄ»ΓÄ»ΓÄ»ΓÄ»ΓÄ»ΓÄ»ΓÄ»ΓÄ»ΓÄ»ΓÄ»ΓÄ»ΓÄ»ΓÄ»[64/165]ΓÄ»[22m[39m

[31m[1m[7m FAIL [27m[22m[39m server/__tests__/html-flow-e2e.test.js[2m > [22mHTML Flow E2E Tests[2m > 
[22mStep 6: Create Export[2m > [22mshould create export directory with correct structure
[31m[1mTypeError[22m: The "path" argument must be of type string. Received undefined[39m
[36m [2mΓ¥»[22m server/__tests__/html-flow-e2e.test.js:[2m292:30[22m[39m
    [90m290| [39m
    [90m291| [39m    [34mit[39m([32m'should create export directory with correct structure'[39m[33m,[39m () 
[33m=>[39m {
    [90m292| [39m      [35mconst[39m exportDir [33m=[39m path[33m.[39m[34mjoin[39m(
    [90m   | [39m                             [31m^[39m
    [90m293| [39m        [33mPROJECT_ROOT[39m[33m,[39m
    [90m294| [39m        [32m'server/projects'[39m[33m,[39m

[31m[2mΓÄ»ΓÄ»ΓÄ»ΓÄ»ΓÄ»ΓÄ»ΓÄ»ΓÄ»ΓÄ»ΓÄ»ΓÄ»ΓÄ»ΓÄ»ΓÄ»ΓÄ»ΓÄ»ΓÄ»ΓÄ»ΓÄ»ΓÄ»ΓÄ»ΓÄ»ΓÄ»ΓÄ»ΓÄ»ΓÄ»ΓÄ»ΓÄ»ΓÄ»ΓÄ»[22m[39m
[31m[1mSerialized Error:[22m[39m [90m{ code: 'ERR_INVALID_ARG_TYPE' }[39m
[31m[2mΓÄ»ΓÄ»ΓÄ»ΓÄ»ΓÄ»ΓÄ»ΓÄ»ΓÄ»ΓÄ»ΓÄ»ΓÄ»ΓÄ»ΓÄ»ΓÄ»ΓÄ»ΓÄ»ΓÄ»ΓÄ»ΓÄ»ΓÄ»ΓÄ»[65/165]ΓÄ»[22m[39m

[31m[1m[7m FAIL [27m[22m[39m server/__tests__/html-flow-e2e.test.js[2m > [22mHTML Flow E2E Tests[2m > 
[22mStep 6: Create Export[2m > [22mshould save individual slide HTMLs in export directory
[31m[1mTypeError[22m: The "path" argument must be of type string. Received undefined[39m
[36m [2mΓ¥»[22m server/__tests__/html-flow-e2e.test.js:[2m313:30[22m[39m
    [90m311| [39m
    [90m312| [39m    [34mit[39m([32m'should save individual slide HTMLs in export directory'[39m[33m,[39m () 
[33m=>[39mΓÇª
    [90m313| [39m      [35mconst[39m exportDir [33m=[39m path[33m.[39m[34mjoin[39m(
    [90m   | [39m                             [31m^[39m
    [90m314| [39m        [33mPROJECT_ROOT[39m[33m,[39m
    [90m315| [39m        [32m'server/projects'[39m[33m,[39m

[31m[2mΓÄ»ΓÄ»ΓÄ»ΓÄ»ΓÄ»ΓÄ»ΓÄ»ΓÄ»ΓÄ»ΓÄ»ΓÄ»ΓÄ»ΓÄ»ΓÄ»ΓÄ»ΓÄ»ΓÄ»ΓÄ»ΓÄ»ΓÄ»ΓÄ»ΓÄ»ΓÄ»ΓÄ»ΓÄ»ΓÄ»ΓÄ»ΓÄ»ΓÄ»ΓÄ»[22m[39m
[31m[1mSerialized Error:[22m[39m [90m{ code: 'ERR_INVALID_ARG_TYPE' }[39m
[31m[2mΓÄ»ΓÄ»ΓÄ»ΓÄ»ΓÄ»ΓÄ»ΓÄ»ΓÄ»ΓÄ»ΓÄ»ΓÄ»ΓÄ»ΓÄ»ΓÄ»ΓÄ»ΓÄ»ΓÄ»ΓÄ»ΓÄ»ΓÄ»ΓÄ»[66/165]ΓÄ»[22m[39m

[31m[1m[7m FAIL [27m[22m[39m server/__tests__/html-flow-e2e.test.js[2m > [22mHTML Flow E2E Tests[2m > 
[22mStep 6: Create Export[2m > [22mshould contain valid export.json metadata
[31m[1mTypeError[22m: The "path" argument must be of type string. Received undefined[39m
[36m [2mΓ¥»[22m server/__tests__/html-flow-e2e.test.js:[2m337:35[22m[39m
    [90m335| [39m
    [90m336| [39m    [34mit[39m([32m'should contain valid export.json metadata'[39m[33m,[39m () [33m=>[39m {
    [90m337| [39m      [35mconst[39m exportJsonPath [33m=[39m path[33m.[39m[34mjoin[39m(
    [90m   | [39m                                  [31m^[39m
    [90m338| [39m        [33mPROJECT_ROOT[39m[33m,[39m
    [90m339| [39m        [32m'server/projects'[39m[33m,[39m

[31m[2mΓÄ»ΓÄ»ΓÄ»ΓÄ»ΓÄ»ΓÄ»ΓÄ»ΓÄ»ΓÄ»ΓÄ»ΓÄ»ΓÄ»ΓÄ»ΓÄ»ΓÄ»ΓÄ»ΓÄ»ΓÄ»ΓÄ»ΓÄ»ΓÄ»ΓÄ»ΓÄ»ΓÄ»ΓÄ»ΓÄ»ΓÄ»ΓÄ»ΓÄ»ΓÄ»[22m[39m
[31m[1mSerialized Error:[22m[39m [90m{ code: 'ERR_INVALID_ARG_TYPE' }[39m
[31m[2mΓÄ»ΓÄ»ΓÄ»ΓÄ»ΓÄ»ΓÄ»ΓÄ»ΓÄ»ΓÄ»ΓÄ»ΓÄ»ΓÄ»ΓÄ»ΓÄ»ΓÄ»ΓÄ»ΓÄ»ΓÄ»ΓÄ»ΓÄ»ΓÄ»[67/165]ΓÄ»[22m[39m

[31m[1m[7m FAIL [27m[22m[39m server/__tests__/html-flow-e2e.test.js[2m > [22mHTML Flow E2E Tests[2m > 
[22mStep 7: Verify Directory Structure[2m > [22mshould have correct full directory structure
[31m[1mTypeError[22m: The "path" argument must be of type string. Received undefined[39m
[36m [2mΓ¥»[22m server/__tests__/html-flow-e2e.test.js:[2m367:30[22m[39m
    [90m365| [39m      [35mconst[39m flowDir [33m=[39m path[33m.[39m[34mjoin[39m(projectDir[33m,[39m 
[32m'flows'[39m[33m,[39m flowId)[33m;[39m
    [90m366| [39m      [35mconst[39m exportsDir [33m=[39m path[33m.[39m[34mjoin[39m(flowDir[33m,[39m 
[32m'exports'[39m)[33m;[39m
    [90m367| [39m      [35mconst[39m exportDir [33m=[39m path[33m.[39m[34mjoin[39m(exportsDir[33m,[39m 
exportId)[33m;[39m
    [90m   | [39m                             [31m^[39m
    [90m368| [39m
    [90m369| [39m      
[34mexpect[39m(fs[33m.[39m[34mexistsSync[39m(projectDir))[33m.[39m[34mtoBe[39m([35mtrue[39m)[33m;[39m

[31m[2mΓÄ»ΓÄ»ΓÄ»ΓÄ»ΓÄ»ΓÄ»ΓÄ»ΓÄ»ΓÄ»ΓÄ»ΓÄ»ΓÄ»ΓÄ»ΓÄ»ΓÄ»ΓÄ»ΓÄ»ΓÄ»ΓÄ»ΓÄ»ΓÄ»ΓÄ»ΓÄ»ΓÄ»ΓÄ»ΓÄ»ΓÄ»ΓÄ»ΓÄ»ΓÄ»[22m[39m
[31m[1mSerialized Error:[22m[39m [90m{ code: 'ERR_INVALID_ARG_TYPE' }[39m
[31m[2mΓÄ»ΓÄ»ΓÄ»ΓÄ»ΓÄ»ΓÄ»ΓÄ»ΓÄ»ΓÄ»ΓÄ»ΓÄ»ΓÄ»ΓÄ»ΓÄ»ΓÄ»ΓÄ»ΓÄ»ΓÄ»ΓÄ»ΓÄ»ΓÄ»[68/165]ΓÄ»[22m[39m

[31m[1m[7m FAIL [27m[22m[39m server/__tests__/html-flow-e2e.test.js[2m > [22mHTML Flow E2E Tests[2m > 
[22mStep 7: Verify Directory Structure[2m > [22mshould update flow.json with export entry
[31m[1mAssertionError[22m: expected 0 to be greater than 0[39m
[36m [2mΓ¥»[22m server/__tests__/html-flow-e2e.test.js:[2m402:39[22m[39m
    [90m400| [39m      [35mconst[39m flowData [33m=[39m 
[33mJSON[39m[33m.[39m[34mparse[39m(fs[33m.[39m[34mreadFileSync[39m(flowJsonPath[33m,[39m 
[32m'utf8'[39mΓÇª
    [90m401| [39m      [34mexpect[39m(flowData[33m.[39mexports)[33m.[39m[34mtoBeDefined[39m()[33m;[39m
    [90m402| [39m      [34mexpect[39m(flowData[33m.[39mexports[33m.[39mlength)[33m.[39m[34mtoBeGreaterThan[
39m([34m0[39m)[33m;[39m
    [90m   | [39m                                      [31m^[39m
    [90m403| [39m
    [90m404| [39m      [35mconst[39m exportEntry [33m=[39m 
flowData[33m.[39mexports[33m.[39m[34mfind[39m((e) [33m=>[39m e[33m.[39mexportId [33m===[39m ΓÇª

[31m[2mΓÄ»ΓÄ»ΓÄ»ΓÄ»ΓÄ»ΓÄ»ΓÄ»ΓÄ»ΓÄ»ΓÄ»ΓÄ»ΓÄ»ΓÄ»ΓÄ»ΓÄ»ΓÄ»ΓÄ»ΓÄ»ΓÄ»ΓÄ»ΓÄ»[69/165]ΓÄ»[22m[39m

[31m[1m[7m FAIL [27m[22m[39m server/__tests__/html-flow-e2e.test.js[2m > [22mHTML Flow E2E Tests[2m > 
[22mComplete Flow Summary[2m > [22mshould complete entire flow without errors
[31m[1mAssertionError[22m: expected undefined to be defined[39m
[36m [2mΓ¥»[22m server/__tests__/html-flow-e2e.test.js:[2m417:26[22m[39m
    [90m415| [39m      [34mexpect[39m(projectName)[33m.[39m[34mtoBe[39m([33mPROJECT_NAME[39m)[33m;[39m
    [90m416| [39m      [34mexpect[39m(flowId)[33m.[39m[34mtoBeDefined[39m()[33m;[39m
    [90m417| [39m      [34mexpect[39m(outputFile)[33m.[39m[34mtoBeDefined[39m()[33m;[39m
    [90m   | [39m                         [31m^[39m
    [90m418| [39m      [34mexpect[39m(roundId)[33m.[39m[34mtoBeDefined[39m()[33m;[39m
    [90m419| [39m      [34mexpect[39m(exportId)[33m.[39m[34mtoBeDefined[39m()[33m;[39m

[31m[2mΓÄ»ΓÄ»ΓÄ»ΓÄ»ΓÄ»ΓÄ»ΓÄ»ΓÄ»ΓÄ»ΓÄ»ΓÄ»ΓÄ»ΓÄ»ΓÄ»ΓÄ»ΓÄ»ΓÄ»ΓÄ»ΓÄ»ΓÄ»ΓÄ»[70/165]ΓÄ»[22m[39m

[31m[1m[7m FAIL [27m[22m[39m server/__tests__/html-flow.test.js[2m > [22mPOST 
/api/html-flow/create-project[2m > [22mreturns ok:true with chainId
[31m[1mTypeError[22m: .toMatch() expects to receive a string, but got undefined[39m
[36m [2mΓ¥»[22m server/__tests__/html-flow.test.js:[2m272:25[22m[39m
    [90m270| [39m  [34mit[39m([32m'returns ok:true with chainId'[39m[33m,[39m [35masync[39m () [33m=>[39m {
    [90m271| [39m    [35mconst[39m res [33m=[39m [35mawait[39m 
[34mcreateProject[39m([33mLEAF_HTML[39m)[33m;[39m
    [90m272| [39m    
[34mexpect[39m(res[33m.[39mchainId)[33m.[39m[34mtoMatch[39m([36m/^chain-/[39m)[33m;[39m
    [90m   | [39m                        [31m^[39m
    [90m273| [39m  })[33m;[39m
    [90m274| [39m

[31m[2mΓÄ»ΓÄ»ΓÄ»ΓÄ»ΓÄ»ΓÄ»ΓÄ»ΓÄ»ΓÄ»ΓÄ»ΓÄ»ΓÄ»ΓÄ»ΓÄ»ΓÄ»ΓÄ»ΓÄ»ΓÄ»ΓÄ»ΓÄ»ΓÄ»[71/165]ΓÄ»[22m[39m

[31m[1m[7m FAIL [27m[22m[39m server/__tests__/html-flow.test.js[2m > [22mPOST 
/api/html-flow/create-project[2m > [22mwrites zones to chain.json on disk
[31m[1mTypeError[22m: The "path" argument must be of type string. Received undefined[39m
[36m [2mΓ¥»[22m server/__tests__/html-flow.test.js:[2m285:12[22m[39m
    [90m283| [39m    [35mconst[39m { chainId } [33m=[39m [35mawait[39m 
[34mcreateProject[39m([33mLEAF_HTML[39m)[33m;[39m
    [90m284| [39m    [35mconst[39m chain [33m=[39m 
[33mJSON[39m[33m.[39m[34mparse[39m(fs[33m.[39m[34mreadFileSync[39m(
    [90m285| [39m      path[33m.[39m[34mjoin[39m(process[33m.[39menv[33m.[39m[33mCHAINS_DIR[39m[33m,[39m 
chainId[33m,[39m [32m'chain.json'[39m)[33m,[39m [32m'utf8'[39m
    [90m   | [39m           [31m^[39m
    [90m286| [39m    ))[33m;[39m
    [90m287| [39m    [34mexpect[39m([33mArray[39m[33m.[39m[34misArray[39m(chain[33m.[39mzones))[33m.[39m
[34mtoBe[39m([35mtrue[39m)[33m;[39m

[31m[2mΓÄ»ΓÄ»ΓÄ»ΓÄ»ΓÄ»ΓÄ»ΓÄ»ΓÄ»ΓÄ»ΓÄ»ΓÄ»ΓÄ»ΓÄ»ΓÄ»ΓÄ»ΓÄ»ΓÄ»ΓÄ»ΓÄ»ΓÄ»ΓÄ»ΓÄ»ΓÄ»ΓÄ»ΓÄ»ΓÄ»ΓÄ»ΓÄ»ΓÄ»ΓÄ»[22m[39m
[31m[1mSerialized Error:[22m[39m [90m{ code: 'ERR_INVALID_ARG_TYPE' }[39m
[31m[2mΓÄ»ΓÄ»ΓÄ»ΓÄ»ΓÄ»ΓÄ»ΓÄ»ΓÄ»ΓÄ»ΓÄ»ΓÄ»ΓÄ»ΓÄ»ΓÄ»ΓÄ»ΓÄ»ΓÄ»ΓÄ»ΓÄ»ΓÄ»ΓÄ»[72/165]ΓÄ»[22m[39m

[31m[1m[7m FAIL [27m[22m[39m server/__tests__/html-flow.test.js[2m > [22mPOST 
/api/html-flow/create-project[2m > [22mpersists selections alongside zones in chain.json
[31m[1mTypeError[22m: The "path" argument must be of type string. Received undefined[39m
[36m [2mΓ¥»[22m server/__tests__/html-flow.test.js:[2m294:12[22m[39m
    [90m292| [39m    [35mconst[39m { chainId } [33m=[39m [35mawait[39m 
[34mcreateProject[39m([33mLEAF_HTML[39m)[33m;[39m
    [90m293| [39m    [35mconst[39m chain [33m=[39m 
[33mJSON[39m[33m.[39m[34mparse[39m(fs[33m.[39m[34mreadFileSync[39m(
    [90m294| [39m      path[33m.[39m[34mjoin[39m(process[33m.[39menv[33m.[39m[33mCHAINS_DIR[39m[33m,[39m 
chainId[33m,[39m [32m'chain.json'[39m)[33m,[39m [32m'utf8'[39m
    [90m   | [39m           [31m^[39m
    [90m295| [39m    ))[33m;[39m
    [90m296| [39m    [34mexpect[39m([33mArray[39m[33m.[39m[34misArray[39m(chain[33m.[39mselections))[33m.
[39m[34mtoBe[39m([35mtrue[39m)[33m;[39m

[31m[2mΓÄ»ΓÄ»ΓÄ»ΓÄ»ΓÄ»ΓÄ»ΓÄ»ΓÄ»ΓÄ»ΓÄ»ΓÄ»ΓÄ»ΓÄ»ΓÄ»ΓÄ»ΓÄ»ΓÄ»ΓÄ»ΓÄ»ΓÄ»ΓÄ»ΓÄ»ΓÄ»ΓÄ»ΓÄ»ΓÄ»ΓÄ»ΓÄ»ΓÄ»ΓÄ»[22m[39m
[31m[1mSerialized Error:[22m[39m [90m{ code: 'ERR_INVALID_ARG_TYPE' }[39m
[31m[2mΓÄ»ΓÄ»ΓÄ»ΓÄ»ΓÄ»ΓÄ»ΓÄ»ΓÄ»ΓÄ»ΓÄ»ΓÄ»ΓÄ»ΓÄ»ΓÄ»ΓÄ»ΓÄ»ΓÄ»ΓÄ»ΓÄ»ΓÄ»ΓÄ»[73/165]ΓÄ»[22m[39m

[31m[1m[7m FAIL [27m[22m[39m server/__tests__/html-flow.test.js[2m > [22mPOST 
/api/html-flow/create-project[2m > [22maccepts and persists repeatableSlides in chain.json
[31m[1mTypeError[22m: The "path" argument must be of type string. Received undefined[39m
[36m [2mΓ¥»[22m server/__tests__/html-flow.test.js:[2m357:12[22m[39m
    [90m355| [39m    [34mexpect[39m(res[33m.[39mstatus)[33m.[39m[34mtoBe[39m([34m200[39m)[33m;[39m
    [90m356| [39m    [35mconst[39m chain [33m=[39m 
[33mJSON[39m[33m.[39m[34mparse[39m(fs[33m.[39m[34mreadFileSync[39m(
    [90m357| [39m      path[33m.[39m[34mjoin[39m(process[33m.[39menv[33m.[39m[33mCHAINS_DIR[39m[33m,[39m 
res[33m.[39mbody[33m.[39mchainId[33m,[39m [32m'chain.json'[39mΓÇª
    [90m   | [39m           [31m^[39m
    [90m358| [39m    ))[33m;[39m
    [90m359| [39m    
[34mexpect[39m(chain[33m.[39mrepeatableSlides)[33m.[39m[34mtoHaveLength[39m([34m1[39m)[33m;[39m

[31m[2mΓÄ»ΓÄ»ΓÄ»ΓÄ»ΓÄ»ΓÄ»ΓÄ»ΓÄ»ΓÄ»ΓÄ»ΓÄ»ΓÄ»ΓÄ»ΓÄ»ΓÄ»ΓÄ»ΓÄ»ΓÄ»ΓÄ»ΓÄ»ΓÄ»ΓÄ»ΓÄ»ΓÄ»ΓÄ»ΓÄ»ΓÄ»ΓÄ»ΓÄ»ΓÄ»[22m[39m
[31m[1mSerialized Error:[22m[39m [90m{ code: 'ERR_INVALID_ARG_TYPE' }[39m
[31m[2mΓÄ»ΓÄ»ΓÄ»ΓÄ»ΓÄ»ΓÄ»ΓÄ»ΓÄ»ΓÄ»ΓÄ»ΓÄ»ΓÄ»ΓÄ»ΓÄ»ΓÄ»ΓÄ»ΓÄ»ΓÄ»ΓÄ»ΓÄ»ΓÄ»[74/165]ΓÄ»[22m[39m

[31m[1m[7m FAIL [27m[22m[39m server/__tests__/html-flow.test.js[2m > [22mPOST 
/api/html-flow/create-project[2m > [22mdefaults missing repeatableSlides to empty array
[31m[1mTypeError[22m: The "path" argument must be of type string. Received undefined[39m
[36m [2mΓ¥»[22m server/__tests__/html-flow.test.js:[2m391:12[22m[39m
    [90m389| [39m    [35mconst[39m { chainId } [33m=[39m [35mawait[39m 
[34mcreateProject[39m([33mLEAF_HTML[39m)[33m;[39m
    [90m390| [39m    [35mconst[39m chain [33m=[39m 
[33mJSON[39m[33m.[39m[34mparse[39m(fs[33m.[39m[34mreadFileSync[39m(
    [90m391| [39m      path[33m.[39m[34mjoin[39m(process[33m.[39menv[33m.[39m[33mCHAINS_DIR[39m[33m,[39m 
chainId[33m,[39m [32m'chain.json'[39m)[33m,[39m [32m'utf8'[39m
    [90m   | [39m           [31m^[39m
    [90m392| [39m    ))[33m;[39m
    [90m393| [39m    [34mexpect[39m(chain[33m.[39mrepeatableSlides)[33m.[39m[34mtoEqual[39m([])[33m;[39m

[31m[2mΓÄ»ΓÄ»ΓÄ»ΓÄ»ΓÄ»ΓÄ»ΓÄ»ΓÄ»ΓÄ»ΓÄ»ΓÄ»ΓÄ»ΓÄ»ΓÄ»ΓÄ»ΓÄ»ΓÄ»ΓÄ»ΓÄ»ΓÄ»ΓÄ»ΓÄ»ΓÄ»ΓÄ»ΓÄ»ΓÄ»ΓÄ»ΓÄ»ΓÄ»ΓÄ»[22m[39m
[31m[1mSerialized Error:[22m[39m [90m{ code: 'ERR_INVALID_ARG_TYPE' }[39m
[31m[2mΓÄ»ΓÄ»ΓÄ»ΓÄ»ΓÄ»ΓÄ»ΓÄ»ΓÄ»ΓÄ»ΓÄ»ΓÄ»ΓÄ»ΓÄ»ΓÄ»ΓÄ»ΓÄ»ΓÄ»ΓÄ»ΓÄ»ΓÄ»ΓÄ»[75/165]ΓÄ»[22m[39m

[31m[1m[7m FAIL [27m[22m[39m server/__tests__/html-flow.test.js[2m > [22mPOST 
/api/html-flow/generate-recipe[2m > [22mreturns a recipe string for a leaf project (now block zones)
[31m[1mAssertionError[22m: expected 400 to be 200 // Object.is equality[39m

[32m- Expected[39m
[31m+ Received[39m

[32m- 200[39m
[31m+ 400[39m

[36m [2mΓ¥»[22m server/__tests__/html-flow.test.js:[2m407:24[22m[39m
    [90m405| [39m      [33m.[39m[34mpost[39m([32m'/api/html-flow/generate-recipe'[39m)
    [90m406| [39m      [33m.[39m[34msend[39m({ chainId })[33m;[39m
    [90m407| [39m    [34mexpect[39m(res[33m.[39mstatus)[33m.[39m[34mtoBe[39m([34m200[39m)[33m;[39m
    [90m   | [39m                       [31m^[39m
    [90m408| [39m    
[34mexpect[39m(res[33m.[39mbody[33m.[39mok)[33m.[39m[34mtoBe[39m([35mtrue[39m)[33m;[39m
    [90m409| [39m    [34mexpect[39m([35mtypeof[39m 
res[33m.[39mbody[33m.[39mrecipe)[33m.[39m[34mtoBe[39m([32m'string'[39m)[33m;[39m

[31m[2mΓÄ»ΓÄ»ΓÄ»ΓÄ»ΓÄ»ΓÄ»ΓÄ»ΓÄ»ΓÄ»ΓÄ»ΓÄ»ΓÄ»ΓÄ»ΓÄ»ΓÄ»ΓÄ»ΓÄ»ΓÄ»ΓÄ»ΓÄ»ΓÄ»[76/165]ΓÄ»[22m[39m

[31m[1m[7m FAIL [27m[22m[39m server/__tests__/html-flow.test.js[2m > [22mPOST 
/api/html-flow/generate-recipe[2m > [22mincludes BLOCK ZONES section for a project with block zones
[31m[1mAssertionError[22m: expected 400 to be 200 // Object.is equality[39m

[32m- Expected[39m
[31m+ Received[39m

[32m- 200[39m
[31m+ 400[39m

[36m [2mΓ¥»[22m server/__tests__/html-flow.test.js:[2m418:24[22m[39m
    [90m416| [39m      [33m.[39m[34mpost[39m([32m'/api/html-flow/generate-recipe'[39m)
    [90m417| [39m      [33m.[39m[34msend[39m({ chainId })[33m;[39m
    [90m418| [39m    [34mexpect[39m(res[33m.[39mstatus)[33m.[39m[34mtoBe[39m([34m200[39m)[33m;[39m
    [90m   | [39m                       [31m^[39m
    [90m419| [39m    [34mexpect[39m(res[33m.[39mbody[33m.[39mrecipe)[33m.[39m[34mtoContain[39m([32m'BLOCK 
ZONES'[39m)[33m;[39m
    [90m420| [39m  })[33m;[39m

[31m[2mΓÄ»ΓÄ»ΓÄ»ΓÄ»ΓÄ»ΓÄ»ΓÄ»ΓÄ»ΓÄ»ΓÄ»ΓÄ»ΓÄ»ΓÄ»ΓÄ»ΓÄ»ΓÄ»ΓÄ»ΓÄ»ΓÄ»ΓÄ»ΓÄ»[77/165]ΓÄ»[22m[39m

[31m[1m[7m FAIL [27m[22m[39m server/__tests__/html-flow.test.js[2m > [22mPOST 
/api/html-flow/generate-recipe[2m > [22mprepends global guidance when provided
[31m[1mAssertionError[22m: the given combination of arguments (undefined and string) is invalid for this assertion. 
You can use an array, a map, an object, a set, a string, or a weakset instead of a string[39m
[36m [2mΓ¥»[22m server/__tests__/html-flow.test.js:[2m427:29[22m[39m
    [90m425| [39m      [33m.[39m[34mpost[39m([32m'/api/html-flow/generate-recipe'[39m)
    [90m426| [39m      [33m.[39m[34msend[39m({ chainId[33m,[39m globalPrompt[33m:[39m [32m'Use formal 
language'[39m })[33m;[39m
    [90m427| [39m    [34mexpect[39m(res[33m.[39mbody[33m.[39mrecipe)[33m.[39m[34mtoContain[39m([32m'Use 
formal language'[39m)[33m;[39m
    [90m   | [39m                            [31m^[39m
    [90m428| [39m  })[33m;[39m
    [90m429| [39m

[31m[2mΓÄ»ΓÄ»ΓÄ»ΓÄ»ΓÄ»ΓÄ»ΓÄ»ΓÄ»ΓÄ»ΓÄ»ΓÄ»ΓÄ»ΓÄ»ΓÄ»ΓÄ»ΓÄ»ΓÄ»ΓÄ»ΓÄ»ΓÄ»ΓÄ»[78/165]ΓÄ»[22m[39m

[31m[1m[7m FAIL [27m[22m[39m server/__tests__/html-flow.test.js[2m > [22mPOST /api/html-flow/validate-json[2m 
> [22mreturns valid:true for correct leaf JSON
[31m[1mAssertionError[22m: expected 400 to be 200 // Object.is equality[39m

[32m- Expected[39m
[31m+ Received[39m

[32m- 200[39m
[31m+ 400[39m

[36m [2mΓ¥»[22m server/__tests__/html-flow.test.js:[2m456:24[22m[39m
    [90m454| [39m      [33m.[39m[34mpost[39m([32m'/api/html-flow/validate-json'[39m)
    [90m455| [39m      [33m.[39m[34msend[39m({ chainId[33m,[39m jsonString[33m:[39m json })[33m;[39m
    [90m456| [39m    [34mexpect[39m(res[33m.[39mstatus)[33m.[39m[34mtoBe[39m([34m200[39m)[33m;[39m
    [90m   | [39m                       [31m^[39m
    [90m457| [39m    
[34mexpect[39m(res[33m.[39mbody[33m.[39mvalid)[33m.[39m[34mtoBe[39m([35mtrue[39m)[33m;[39m
    [90m458| [39m  })[33m;[39m

[31m[2mΓÄ»ΓÄ»ΓÄ»ΓÄ»ΓÄ»ΓÄ»ΓÄ»ΓÄ»ΓÄ»ΓÄ»ΓÄ»ΓÄ»ΓÄ»ΓÄ»ΓÄ»ΓÄ»ΓÄ»ΓÄ»ΓÄ»ΓÄ»ΓÄ»[79/165]ΓÄ»[22m[39m

[31m[1m[7m FAIL [27m[22m[39m server/__tests__/html-flow.test.js[2m > [22mPOST /api/html-flow/validate-json[2m 
> [22mreturns valid:false for missing fields
[31m[1mAssertionError[22m: expected undefined to be false // Object.is equality[39m

[32m- Expected:[39m 
false

[31m+ Received:[39m 
undefined

[36m [2mΓ¥»[22m server/__tests__/html-flow.test.js:[2m466:28[22m[39m
    [90m464| [39m      [33m.[39m[34mpost[39m([32m'/api/html-flow/validate-json'[39m)
    [90m465| [39m      [33m.[39m[34msend[39m({ chainId[33m,[39m jsonString[33m:[39m json })[33m;[39m
    [90m466| [39m    
[34mexpect[39m(res[33m.[39mbody[33m.[39mvalid)[33m.[39m[34mtoBe[39m([35mfalse[39m)[33m;[39m
    [90m   | [39m                           [31m^[39m
    [90m467| [39m    [34mexpect[39m(res[33m.[39mbody[33m.[39mmissingFields[33m.[39m[34msome[39m(f 
[33m=>[39m f[33m.[39m[34mincludes[39m([32m'body'[39m)))[33m.[39m[34mtoBe[39m(ΓÇª
    [90m468| [39m  })[33m;[39m

[31m[2mΓÄ»ΓÄ»ΓÄ»ΓÄ»ΓÄ»ΓÄ»ΓÄ»ΓÄ»ΓÄ»ΓÄ»ΓÄ»ΓÄ»ΓÄ»ΓÄ»ΓÄ»ΓÄ»ΓÄ»ΓÄ»ΓÄ»ΓÄ»ΓÄ»[80/165]ΓÄ»[22m[39m

[31m[1m[7m FAIL [27m[22m[39m server/__tests__/html-flow.test.js[2m > [22mPOST /api/html-flow/validate-json[2m 
> [22mreturns valid:false for invalid JSON syntax
[31m[1mAssertionError[22m: expected undefined to be false // Object.is equality[39m

[32m- Expected:[39m 
false

[31m+ Received:[39m 
undefined

[36m [2mΓ¥»[22m server/__tests__/html-flow.test.js:[2m475:28[22m[39m
    [90m473| [39m      [33m.[39m[34mpost[39m([32m'/api/html-flow/validate-json'[39m)
    [90m474| [39m      [33m.[39m[34msend[39m({ chainId[33m,[39m jsonString[33m:[39m [32m'{bad json'[39m 
})[33m;[39m
    [90m475| [39m    
[34mexpect[39m(res[33m.[39mbody[33m.[39mvalid)[33m.[39m[34mtoBe[39m([35mfalse[39m)[33m;[39m
    [90m   | [39m                           [31m^[39m
    [90m476| [39m  })[33m;[39m
    [90m477| [39m

[31m[2mΓÄ»ΓÄ»ΓÄ»ΓÄ»ΓÄ»ΓÄ»ΓÄ»ΓÄ»ΓÄ»ΓÄ»ΓÄ»ΓÄ»ΓÄ»ΓÄ»ΓÄ»ΓÄ»ΓÄ»ΓÄ»ΓÄ»ΓÄ»ΓÄ»[81/165]ΓÄ»[22m[39m

[31m[1m[7m FAIL [27m[22m[39m server/__tests__/html-flow.test.js[2m > [22mPOST /api/html-flow/apply-content[2m 
> [22mapplies leaf content and returns ok:true with outputFile
[31m[1mAssertionError[22m: expected 400 to be 200 // Object.is equality[39m

[32m- Expected[39m
[31m+ Received[39m

[32m- 200[39m
[31m+ 400[39m

[36m [2mΓ¥»[22m server/__tests__/html-flow.test.js:[2m497:24[22m[39m
    [90m495| [39m      [33m.[39m[34mpost[39m([32m'/api/html-flow/apply-content'[39m)
    [90m496| [39m      [33m.[39m[34msend[39m({ chainId[33m,[39m jsonString[33m:[39m json })[33m;[39m
    [90m497| [39m    [34mexpect[39m(res[33m.[39mstatus)[33m.[39m[34mtoBe[39m([34m200[39m)[33m;[39m
    [90m   | [39m                       [31m^[39m
    [90m498| [39m    
[34mexpect[39m(res[33m.[39mbody[33m.[39mok)[33m.[39m[34mtoBe[39m([35mtrue[39m)[33m;[39m
    [90m499| [39m    
[34mexpect[39m(res[33m.[39mbody[33m.[39moutputFile)[33m.[39m[34mtoMatch[39m([36m/\.html$/[39m)[33m;[39m

[31m[2mΓÄ»ΓÄ»ΓÄ»ΓÄ»ΓÄ»ΓÄ»ΓÄ»ΓÄ»ΓÄ»ΓÄ»ΓÄ»ΓÄ»ΓÄ»ΓÄ»ΓÄ»ΓÄ»ΓÄ»ΓÄ»ΓÄ»ΓÄ»ΓÄ»[82/165]ΓÄ»[22m[39m

[31m[1m[7m FAIL [27m[22m[39m server/__tests__/html-flow.test.js[2m > [22mPOST /api/html-flow/apply-content[2m 
> [22mpatched output contains AI values
[31m[1mAssertionError[22m: the given combination of arguments (undefined and string) is invalid for this assertion. 
You can use an array, a map, an object, a set, a string, or a weakset instead of a string[39m
[36m [2mΓ¥»[22m server/__tests__/html-flow.test.js:[2m508:34[22m[39m
    [90m506| [39m      [33m.[39m[34mpost[39m([32m'/api/html-flow/apply-content'[39m)
    [90m507| [39m      [33m.[39m[34msend[39m({ chainId[33m,[39m jsonString[33m:[39m json })[33m;[39m
    [90m508| [39m    
[34mexpect[39m(res[33m.[39mbody[33m.[39mpreviewHtml)[33m.[39m[34mtoContain[39m([32m'Q3 
Report'[39m)[33m;[39m
    [90m   | [39m                                 [31m^[39m
    [90m509| [39m  })[33m;[39m
    [90m510| [39m

[31m[2mΓÄ»ΓÄ»ΓÄ»ΓÄ»ΓÄ»ΓÄ»ΓÄ»ΓÄ»ΓÄ»ΓÄ»ΓÄ»ΓÄ»ΓÄ»ΓÄ»ΓÄ»ΓÄ»ΓÄ»ΓÄ»ΓÄ»ΓÄ»ΓÄ»[83/165]ΓÄ»[22m[39m

[31m[1m[7m FAIL [27m[22m[39m server/__tests__/html-flow.test.js[2m > [22mPOST /api/html-flow/apply-content[2m 
> [22mpatched output strips data-block attributes
[31m[1mAssertionError[22m: the given combination of arguments (undefined and string) is invalid for this assertion. 
You can use an array, a map, an object, a set, a string, or a weakset instead of a string[39m
[36m [2mΓ¥»[22m server/__tests__/html-flow.test.js:[2m517:38[22m[39m
    [90m515| [39m      [33m.[39m[34mpost[39m([32m'/api/html-flow/apply-content'[39m)
    [90m516| [39m      [33m.[39m[34msend[39m({ chainId[33m,[39m jsonString[33m:[39m json })[33m;[39m
    [90m517| [39m    [34mexpect[39m(res[33m.[39mbody[33m.[39mpreviewHtml)[33m.[39mnot[33m.[39m[34mtoContai
n[39m([32m'data-block'[39m)[33m;[39m
    [90m   | [39m                                     [31m^[39m
    [90m518| [39m  })[33m;[39m
    [90m519| [39m

[31m[2mΓÄ»ΓÄ»ΓÄ»ΓÄ»ΓÄ»ΓÄ»ΓÄ»ΓÄ»ΓÄ»ΓÄ»ΓÄ»ΓÄ»ΓÄ»ΓÄ»ΓÄ»ΓÄ»ΓÄ»ΓÄ»ΓÄ»ΓÄ»ΓÄ»[84/165]ΓÄ»[22m[39m

[31m[1m[7m FAIL [27m[22m[39m server/__tests__/html-flow.test.js[2m > [22mPOST /api/html-flow/apply-content[2m 
> [22mwrites output file to disk
[31m[1mTypeError[22m: The "path" argument must be of type string. Received undefined[39m
[36m [2mΓ¥»[22m server/__tests__/html-flow.test.js:[2m526:27[22m[39m
    [90m524| [39m      [33m.[39m[34mpost[39m([32m'/api/html-flow/apply-content'[39m)
    [90m525| [39m      [33m.[39m[34msend[39m({ chainId[33m,[39m jsonString[33m:[39m json })[33m;[39m
    [90m526| [39m    [35mconst[39m filePath [33m=[39m 
path[33m.[39m[34mjoin[39m(process[33m.[39menv[33m.[39m[33mCHAINS_DIR[39m[33m,[39m chainId[33m,[39m 
res[33m.[39mboΓÇª
    [90m   | [39m                          [31m^[39m
    [90m527| [39m    
[34mexpect[39m(fs[33m.[39m[34mexistsSync[39m(filePath))[33m.[39m[34mtoBe[39m([35mtrue[39m)[33m;[39m
    [90m528| [39m  })[33m;[39m

[31m[2mΓÄ»ΓÄ»ΓÄ»ΓÄ»ΓÄ»ΓÄ»ΓÄ»ΓÄ»ΓÄ»ΓÄ»ΓÄ»ΓÄ»ΓÄ»ΓÄ»ΓÄ»ΓÄ»ΓÄ»ΓÄ»ΓÄ»ΓÄ»ΓÄ»ΓÄ»ΓÄ»ΓÄ»ΓÄ»ΓÄ»ΓÄ»ΓÄ»ΓÄ»ΓÄ»[22m[39m
[31m[1mSerialized Error:[22m[39m [90m{ code: 'ERR_INVALID_ARG_TYPE' }[39m
[31m[2mΓÄ»ΓÄ»ΓÄ»ΓÄ»ΓÄ»ΓÄ»ΓÄ»ΓÄ»ΓÄ»ΓÄ»ΓÄ»ΓÄ»ΓÄ»ΓÄ»ΓÄ»ΓÄ»ΓÄ»ΓÄ»ΓÄ»ΓÄ»ΓÄ»[85/165]ΓÄ»[22m[39m

[31m[1m[7m FAIL [27m[22m[39m server/__tests__/html-flow.test.js[2m > [22mPOST /api/html-flow/apply-content[2m 
> [22mrecords the round in chain.json
[31m[1mTypeError[22m: The "path" argument must be of type string. Received undefined[39m
[36m [2mΓ¥»[22m server/__tests__/html-flow.test.js:[2m537:12[22m[39m
    [90m535| [39m      [33m.[39m[34msend[39m({ chainId[33m,[39m jsonString[33m:[39m json })[33m;[39m
    [90m536| [39m    [35mconst[39m chain [33m=[39m 
[33mJSON[39m[33m.[39m[34mparse[39m(fs[33m.[39m[34mreadFileSync[39m(
    [90m537| [39m      path[33m.[39m[34mjoin[39m(process[33m.[39menv[33m.[39m[33mCHAINS_DIR[39m[33m,[39m 
chainId[33m,[39m [32m'chain.json'[39m)[33m,[39m [32m'utf8'[39m
    [90m   | [39m           [31m^[39m
    [90m538| [39m    ))[33m;[39m
    [90m539| [39m    
[34mexpect[39m(chain[33m.[39mrounds)[33m.[39m[34mtoHaveLength[39m([34m1[39m)[33m;[39m

[31m[2mΓÄ»ΓÄ»ΓÄ»ΓÄ»ΓÄ»ΓÄ»ΓÄ»ΓÄ»ΓÄ»ΓÄ»ΓÄ»ΓÄ»ΓÄ»ΓÄ»ΓÄ»ΓÄ»ΓÄ»ΓÄ»ΓÄ»ΓÄ»ΓÄ»ΓÄ»ΓÄ»ΓÄ»ΓÄ»ΓÄ»ΓÄ»ΓÄ»ΓÄ»ΓÄ»[22m[39m
[31m[1mSerialized Error:[22m[39m [90m{ code: 'ERR_INVALID_ARG_TYPE' }[39m
[31m[2mΓÄ»ΓÄ»ΓÄ»ΓÄ»ΓÄ»ΓÄ»ΓÄ»ΓÄ»ΓÄ»ΓÄ»ΓÄ»ΓÄ»ΓÄ»ΓÄ»ΓÄ»ΓÄ»ΓÄ»ΓÄ»ΓÄ»ΓÄ»ΓÄ»[86/165]ΓÄ»[22m[39m

[31m[1m[7m FAIL [27m[22m[39m server/__tests__/html-flow.test.js[2m > [22mPOST /api/html-flow/apply-content[2m 
> [22mreturns 422 for invalid JSON
[31m[1mAssertionError[22m: expected 400 to be 422 // Object.is equality[39m

[32m- Expected[39m
[31m+ Received[39m

[32m- 422[39m
[31m+ 400[39m

[36m [2mΓ¥»[22m server/__tests__/html-flow.test.js:[2m548:24[22m[39m
    [90m546| [39m      [33m.[39m[34mpost[39m([32m'/api/html-flow/apply-content'[39m)
    [90m547| [39m      [33m.[39m[34msend[39m({ chainId[33m,[39m jsonString[33m:[39m json })[33m;[39m
    [90m548| [39m    [34mexpect[39m(res[33m.[39mstatus)[33m.[39m[34mtoBe[39m([34m422[39m)[33m;[39m
    [90m   | [39m                       [31m^[39m
    [90m549| [39m  })[33m;[39m
    [90m550| [39m

[31m[2mΓÄ»ΓÄ»ΓÄ»ΓÄ»ΓÄ»ΓÄ»ΓÄ»ΓÄ»ΓÄ»ΓÄ»ΓÄ»ΓÄ»ΓÄ»ΓÄ»ΓÄ»ΓÄ»ΓÄ»ΓÄ»ΓÄ»ΓÄ»ΓÄ»[87/165]ΓÄ»[22m[39m

[31m[1m[7m FAIL [27m[22m[39m server/__tests__/html-flow.test.js[2m > [22mGET 
/api/html-flow/download/:chainId/:file[2m > [22mserves the output file as a download
[31m[1mAssertionError[22m: expected 400 to be 200 // Object.is equality[39m

[32m- Expected[39m
[31m+ Received[39m

[32m- 200[39m
[31m+ 400[39m

[36m [2mΓ¥»[22m server/__tests__/html-flow.test.js:[2m573:24[22m[39m
    [90m571| [39m    [35mconst[39m res [33m=[39m [35mawait[39m [34mrequest[39m(app)
    [90m572| [39m      [33m.[39m[35mget[39m([32m`/api/html-flow/download/[39m[36m${[39mchainId[36m}[39m[32
m/[39m[36m${[39moutputFile[36m}[39m[32m`[39m)[33m;[39m
    [90m573| [39m    [34mexpect[39m(res[33m.[39mstatus)[33m.[39m[34mtoBe[39m([34m200[39m)[33m;[39m
    [90m   | [39m                       [31m^[39m
    [90m574| [39m    [34mexpect[39m(res[33m.[39mheaders[[32m'content-type'[39m])[33m.[39m[34mtoMatch[39m([
36m/text\/html/[39m)[33m;[39m
    [90m575| [39m    [34mexpect[39m(res[33m.[39mheaders[[32m'content-disposition'[39m])[33m.[39m[34mtoContai
n[39m(outputFile)[33m;[39m

[31m[2mΓÄ»ΓÄ»ΓÄ»ΓÄ»ΓÄ»ΓÄ»ΓÄ»ΓÄ»ΓÄ»ΓÄ»ΓÄ»ΓÄ»ΓÄ»ΓÄ»ΓÄ»ΓÄ»ΓÄ»ΓÄ»ΓÄ»ΓÄ»ΓÄ»[88/165]ΓÄ»[22m[39m

[31m[1m[7m FAIL [27m[22m[39m server/__tests__/html-flow.test.js[2m > [22mSecurity ΓÇö chainId path 
traversal[2m > [22mapply-content does not leak outputPath in response
[31m[1mAssertionError[22m: expected undefined to be truthy[39m

[32m- Expected:[39m 
true

[31m+ Received:[39m 
undefined

[36m [2mΓ¥»[22m server/__tests__/html-flow.test.js:[2m656:33[22m[39m
    [90m654| [39m      [33m.[39m[34msend[39m({ chainId[33m,[39m jsonString[33m:[39m json })[33m;[39m
    [90m655| [39m    
[34mexpect[39m(res[33m.[39mbody[33m.[39moutputPath)[33m.[39m[34mtoBeUndefined[39m()[33m;[39m
    [90m656| [39m    
[34mexpect[39m(res[33m.[39mbody[33m.[39moutputFile)[33m.[39m[34mtoBeTruthy[39m()[33m;[39m [90m// filename 
only is fine[39m
    [90m   | [39m                                [31m^[39m
    [90m657| [39m  })[33m;[39m
    [90m658| [39m})[33m;[39m

[31m[2mΓÄ»ΓÄ»ΓÄ»ΓÄ»ΓÄ»ΓÄ»ΓÄ»ΓÄ»ΓÄ»ΓÄ»ΓÄ»ΓÄ»ΓÄ»ΓÄ»ΓÄ»ΓÄ»ΓÄ»ΓÄ»ΓÄ»ΓÄ»ΓÄ»[89/165]ΓÄ»[22m[39m

[31m[1m[7m FAIL [27m[22m[39m server/__tests__/package-manager.test.js[2m > [22mPackageManager[2m > 
[22mcreatePackage[2m > [22mshould create a new package
[31m[1mAssertionError[22m: expected null to be truthy[39m

[32m- Expected:[39m 
true

[31m+ Received:[39m 
null

[36m [2mΓ¥»[22m server/__tests__/package-manager.test.js:[2m41:25[22m[39m
    [90m 39| [39m      [90m// Create a structure first[39m
    [90m 40| [39m      [35mconst[39m structure [33m=[39m 
[33mStructureManager[39m[33m.[39m[34mcreateStructure[39m([33mTEST_CHAIN_ID[39mΓÇª
    [90m 41| [39m      [34mexpect[39m(structure)[33m.[39m[34mtoBeTruthy[39m()[33m;[39m
    [90m   | [39m                        [31m^[39m
    [90m 42| [39m
    [90m 43| [39m      [90m// Create a package[39m

[31m[2mΓÄ»ΓÄ»ΓÄ»ΓÄ»ΓÄ»ΓÄ»ΓÄ»ΓÄ»ΓÄ»ΓÄ»ΓÄ»ΓÄ»ΓÄ»ΓÄ»ΓÄ»ΓÄ»ΓÄ»ΓÄ»ΓÄ»ΓÄ»ΓÄ»[90/165]ΓÄ»[22m[39m

[31m[1m[7m FAIL [27m[22m[39m server/__tests__/package-manager.test.js[2m > [22mPackageManager[2m > 
[22mcreatePackage[2m > [22mshould return null if name is missing
[31m[1mTypeError[22m: Cannot read properties of null (reading 'structureId')[39m
[36m [2mΓ¥»[22m server/__tests__/package-manager.test.js:[2m65:85[22m[39m
    [90m 63| [39m    [34mit[39m([32m'should return null if name is missing'[39m[33m,[39m () [33m=>[39m {
    [90m 64| [39m      [35mconst[39m structure [33m=[39m 
[33mStructureManager[39m[33m.[39m[34mcreateStructure[39m([33mTEST_CHAIN_ID[39mΓÇª
    [90m 65| [39m      [35mconst[39m pkg [33m=[39m 
[33mPackageManager[39m[33m.[39m[34mcreatePackage[39m([33mTEST_CHAIN_ID[39m[33m,[39m [32m''[39m[33m,[39m 
[32m'Des[39mΓÇª
    [90m   | [39m                                                                                    [31m^[39m
    [90m 66| [39m      [34mexpect[39m(pkg)[33m.[39m[34mtoBeNull[39m()[33m;[39m
    [90m 67| [39m    })[33m;[39m

[31m[2mΓÄ»ΓÄ»ΓÄ»ΓÄ»ΓÄ»ΓÄ»ΓÄ»ΓÄ»ΓÄ»ΓÄ»ΓÄ»ΓÄ»ΓÄ»ΓÄ»ΓÄ»ΓÄ»ΓÄ»ΓÄ»ΓÄ»ΓÄ»ΓÄ»[91/165]ΓÄ»[22m[39m

[31m[1m[7m FAIL [27m[22m[39m server/__tests__/package-manager.test.js[2m > [22mPackageManager[2m > 
[22mlistPackages[2m > [22mshould list all packages for a chain
[31m[1mTypeError[22m: Cannot read properties of null (reading 'structureId')[39m
[36m [2mΓ¥»[22m server/__tests__/package-manager.test.js:[2m79:97[22m[39m
    [90m 77| [39m      [35mconst[39m structure [33m=[39m 
[33mStructureManager[39m[33m.[39m[34mcreateStructure[39m([33mTEST_CHAIN_ID[39mΓÇª
    [90m 78| [39m      
    [90m 79| [39m      [35mconst[39m pkg1 [33m=[39m 
[33mPackageManager[39m[33m.[39m[34mcreatePackage[39m([33mTEST_CHAIN_ID[39m[33m,[39m [32m'Packag[39mΓÇª
    [90m   | [39m                                                                                                
[31m^[39m
    [90m 80| [39m      [35mconst[39m pkg2 [33m=[39m 
[33mPackageManager[39m[33m.[39m[34mcreatePackage[39m([33mTEST_CHAIN_ID[39m[33m,[39m [32m'Packag[39mΓÇª
    [90m 81| [39m

[31m[2mΓÄ»ΓÄ»ΓÄ»ΓÄ»ΓÄ»ΓÄ»ΓÄ»ΓÄ»ΓÄ»ΓÄ»ΓÄ»ΓÄ»ΓÄ»ΓÄ»ΓÄ»ΓÄ»ΓÄ»ΓÄ»ΓÄ»ΓÄ»ΓÄ»[92/165]ΓÄ»[22m[39m

[31m[1m[7m FAIL [27m[22m[39m server/__tests__/package-manager.test.js[2m > [22mPackageManager[2m > 
[22mgetPackage[2m > [22mshould retrieve a package by ID
[31m[1mTypeError[22m: Cannot read properties of null (reading 'structureId')[39m
[36m [2mΓ¥»[22m server/__tests__/package-manager.test.js:[2m96:101[22m[39m
    [90m 94| [39m    [34mit[39m([32m'should retrieve a package by ID'[39m[33m,[39m () [33m=>[39m {
    [90m 95| [39m      [35mconst[39m structure [33m=[39m 
[33mStructureManager[39m[33m.[39m[34mcreateStructure[39m([33mTEST_CHAIN_ID[39mΓÇª
    [90m 96| [39m      [35mconst[39m created [33m=[39m 
[33mPackageManager[39m[33m.[39m[34mcreatePackage[39m([33mTEST_CHAIN_ID[39m[33m,[39m [32m'Tes[39mΓÇª
    [90m   | [39m                                                                                                    
[31m^[39m
    [90m 97| [39m
    [90m 98| [39m      [35mconst[39m retrieved [33m=[39m 
[33mPackageManager[39m[33m.[39m[34mgetPackage[39m([33mTEST_CHAIN_ID[39m[33m,[39m creatΓÇª

[31m[2mΓÄ»ΓÄ»ΓÄ»ΓÄ»ΓÄ»ΓÄ»ΓÄ»ΓÄ»ΓÄ»ΓÄ»ΓÄ»ΓÄ»ΓÄ»ΓÄ»ΓÄ»ΓÄ»ΓÄ»ΓÄ»ΓÄ»ΓÄ»ΓÄ»[93/165]ΓÄ»[22m[39m

[31m[1m[7m FAIL [27m[22m[39m server/__tests__/package-manager.test.js[2m > [22mPackageManager[2m > 
[22mupdatePackage[2m > [22mshould update package metadata
[31m[1mTypeError[22m: Cannot read properties of null (reading 'structureId')[39m
[36m [2mΓ¥»[22m server/__tests__/package-manager.test.js:[2m118:89[22m[39m
    [90m116| [39m    [34mit[39m([32m'should update package metadata'[39m[33m,[39m () [33m=>[39m {
    [90m117| [39m      [35mconst[39m structure [33m=[39m 
[33mStructureManager[39m[33m.[39m[34mcreateStructure[39m([33mTEST_CHAIN_ID[39mΓÇª
    [90m118| [39m      [35mconst[39m pkg [33m=[39m 
[33mPackageManager[39m[33m.[39m[34mcreatePackage[39m([33mTEST_CHAIN_ID[39m[33m,[39m 
[32m'Test'[39m[33m,[39m ΓÇª
    [90m   | [39m                                                                                        [31m^[39m
    [90m119| [39m
    [90m120| [39m      [35mconst[39m updated [33m=[39m 
[33mPackageManager[39m[33m.[39m[34mupdatePackage[39m([33mTEST_CHAIN_ID[39m[33m,[39m pkg[33m.[39mΓÇª

[31m[2mΓÄ»ΓÄ»ΓÄ»ΓÄ»ΓÄ»ΓÄ»ΓÄ»ΓÄ»ΓÄ»ΓÄ»ΓÄ»ΓÄ»ΓÄ»ΓÄ»ΓÄ»ΓÄ»ΓÄ»ΓÄ»ΓÄ»ΓÄ»ΓÄ»[94/165]ΓÄ»[22m[39m

[31m[1m[7m FAIL [27m[22m[39m server/__tests__/package-manager.test.js[2m > [22mPackageManager[2m > 
[22mupdatePackage[2m > [22mshould not allow changing packageId
[31m[1mTypeError[22m: Cannot read properties of null (reading 'structureId')[39m
[36m [2mΓ¥»[22m server/__tests__/package-manager.test.js:[2m139:89[22m[39m
    [90m137| [39m    [34mit[39m([32m'should not allow changing packageId'[39m[33m,[39m () [33m=>[39m {
    [90m138| [39m      [35mconst[39m structure [33m=[39m 
[33mStructureManager[39m[33m.[39m[34mcreateStructure[39m([33mTEST_CHAIN_ID[39mΓÇª
    [90m139| [39m      [35mconst[39m pkg [33m=[39m 
[33mPackageManager[39m[33m.[39m[34mcreatePackage[39m([33mTEST_CHAIN_ID[39m[33m,[39m 
[32m'Test'[39m[33m,[39m ΓÇª
    [90m   | [39m                                                                                        [31m^[39m
    [90m140| [39m
    [90m141| [39m      [35mconst[39m updated [33m=[39m 
[33mPackageManager[39m[33m.[39m[34mupdatePackage[39m([33mTEST_CHAIN_ID[39m[33m,[39m pkg[33m.[39mΓÇª

[31m[2mΓÄ»ΓÄ»ΓÄ»ΓÄ»ΓÄ»ΓÄ»ΓÄ»ΓÄ»ΓÄ»ΓÄ»ΓÄ»ΓÄ»ΓÄ»ΓÄ»ΓÄ»ΓÄ»ΓÄ»ΓÄ»ΓÄ»ΓÄ»ΓÄ»[95/165]ΓÄ»[22m[39m

[31m[1m[7m FAIL [27m[22m[39m server/__tests__/package-manager.test.js[2m > [22mPackageManager[2m > 
[22mdeletePackage[2m > [22mshould delete a package
[31m[1mTypeError[22m: Cannot read properties of null (reading 'structureId')[39m
[36m [2mΓ¥»[22m server/__tests__/package-manager.test.js:[2m157:89[22m[39m
    [90m155| [39m    [34mit[39m([32m'should delete a package'[39m[33m,[39m () [33m=>[39m {
    [90m156| [39m      [35mconst[39m structure [33m=[39m 
[33mStructureManager[39m[33m.[39m[34mcreateStructure[39m([33mTEST_CHAIN_ID[39mΓÇª
    [90m157| [39m      [35mconst[39m pkg [33m=[39m 
[33mPackageManager[39m[33m.[39m[34mcreatePackage[39m([33mTEST_CHAIN_ID[39m[33m,[39m 
[32m'Test'[39m[33m,[39m ΓÇª
    [90m   | [39m                                                                                        [31m^[39m
    [90m158| [39m
    [90m159| [39m      [35mconst[39m success [33m=[39m 
[33mPackageManager[39m[33m.[39m[34mdeletePackage[39m([33mTEST_CHAIN_ID[39m[33m,[39m pkg[33m.[39mΓÇª

[31m[2mΓÄ»ΓÄ»ΓÄ»ΓÄ»ΓÄ»ΓÄ»ΓÄ»ΓÄ»ΓÄ»ΓÄ»ΓÄ»ΓÄ»ΓÄ»ΓÄ»ΓÄ»ΓÄ»ΓÄ»ΓÄ»ΓÄ»ΓÄ»ΓÄ»[96/165]ΓÄ»[22m[39m

[31m[1m[7m FAIL [27m[22m[39m server/__tests__/package-manager.test.js[2m > [22mPackageManager[2m > 
[22mbuildPackageStructure[2m > [22mshould build package directory structure
[31m[1mTypeError[22m: Cannot read properties of null (reading 'structureId')[39m
[36m [2mΓ¥»[22m server/__tests__/package-manager.test.js:[2m180:82[22m[39m
    [90m178| [39m    [34mit[39m([32m'should build package directory structure'[39m[33m,[39m () [33m=>[39m {
    [90m179| [39m      [35mconst[39m structure [33m=[39m 
[33mStructureManager[39m[33m.[39m[34mcreateStructure[39m([33mTEST_CHAIN_ID[39mΓÇª
    [90m180| [39m      [35mconst[39m node1 [33m=[39m 
[33mStructureManager[39m[33m.[39m[34maddNodeToStructure[39m([33mTEST_CHAIN_ID[39m[33m,[39mΓÇª
    [90m   | [39m                                                                                 [31m^[39m
    [90m181| [39m      [35mconst[39m node2 [33m=[39m 
[33mStructureManager[39m[33m.[39m[34maddNodeToStructure[39m([33mTEST_CHAIN_ID[39m[33m,[39mΓÇª
    [90m182| [39m

[31m[2mΓÄ»ΓÄ»ΓÄ»ΓÄ»ΓÄ»ΓÄ»ΓÄ»ΓÄ»ΓÄ»ΓÄ»ΓÄ»ΓÄ»ΓÄ»ΓÄ»ΓÄ»ΓÄ»ΓÄ»ΓÄ»ΓÄ»ΓÄ»ΓÄ»[97/165]ΓÄ»[22m[39m

[31m[1m[7m FAIL [27m[22m[39m server/__tests__/package-manager.test.js[2m > [22mPackageManager[2m > 
[22mgenerateManifest[2m > [22mshould generate manifest.json
[31m[1mTypeError[22m: Cannot read properties of null (reading 'structureId')[39m
[36m [2mΓ¥»[22m server/__tests__/package-manager.test.js:[2m207:82[22m[39m
    [90m205| [39m    [34mit[39m([32m'should generate manifest.json'[39m[33m,[39m () [33m=>[39m {
    [90m206| [39m      [35mconst[39m structure [33m=[39m 
[33mStructureManager[39m[33m.[39m[34mcreateStructure[39m([33mTEST_CHAIN_ID[39mΓÇª
    [90m207| [39m      [35mconst[39m node1 [33m=[39m 
[33mStructureManager[39m[33m.[39m[34maddNodeToStructure[39m([33mTEST_CHAIN_ID[39m[33m,[39mΓÇª
    [90m   | [39m                                                                                 [31m^[39m
    [90m208| [39m
    [90m209| [39m      [35mconst[39m pkg [33m=[39m 
[33mPackageManager[39m[33m.[39m[34mcreatePackage[39m([33mTEST_CHAIN_ID[39m[33m,[39m 
[32m'Test'[39m[33m,[39m ΓÇª

[31m[2mΓÄ»ΓÄ»ΓÄ»ΓÄ»ΓÄ»ΓÄ»ΓÄ»ΓÄ»ΓÄ»ΓÄ»ΓÄ»ΓÄ»ΓÄ»ΓÄ»ΓÄ»ΓÄ»ΓÄ»ΓÄ»ΓÄ»ΓÄ»ΓÄ»[98/165]ΓÄ»[22m[39m

[31m[1m[7m FAIL [27m[22m[39m server/__tests__/package-manager.test.js[2m > [22mPackageManager[2m > 
[22mgenerateReadme[2m > [22mshould generate README.md
[31m[1mTypeError[22m: Cannot read properties of null (reading 'structureId')[39m
[36m [2mΓ¥»[22m server/__tests__/package-manager.test.js:[2m234:82[22m[39m
    [90m232| [39m    [34mit[39m([32m'should generate README.md'[39m[33m,[39m () [33m=>[39m {
    [90m233| [39m      [35mconst[39m structure [33m=[39m 
[33mStructureManager[39m[33m.[39m[34mcreateStructure[39m([33mTEST_CHAIN_ID[39mΓÇª
    [90m234| [39m      [35mconst[39m node1 [33m=[39m 
[33mStructureManager[39m[33m.[39m[34maddNodeToStructure[39m([33mTEST_CHAIN_ID[39m[33m,[39mΓÇª
    [90m   | [39m                                                                                 [31m^[39m
    [90m235| [39m
    [90m236| [39m      [35mconst[39m pkg [33m=[39m 
[33mPackageManager[39m[33m.[39m[34mcreatePackage[39m([33mTEST_CHAIN_ID[39m[33m,[39m [32m'Test Pa[39mΓÇª

[31m[2mΓÄ»ΓÄ»ΓÄ»ΓÄ»ΓÄ»ΓÄ»ΓÄ»ΓÄ»ΓÄ»ΓÄ»ΓÄ»ΓÄ»ΓÄ»ΓÄ»ΓÄ»ΓÄ»ΓÄ»ΓÄ»ΓÄ»ΓÄ»ΓÄ»[99/165]ΓÄ»[22m[39m

[31m[1m[7m FAIL [27m[22m[39m server/__tests__/package-manager.test.js[2m > [22mPackageManager[2m > 
[22mgetPackageFiles[2m > [22mshould list package files
[31m[1mTypeError[22m: Cannot read properties of null (reading 'structureId')[39m
[36m [2mΓ¥»[22m server/__tests__/package-manager.test.js:[2m260:82[22m[39m
    [90m258| [39m    [34mit[39m([32m'should list package files'[39m[33m,[39m () [33m=>[39m {
    [90m259| [39m      [35mconst[39m structure [33m=[39m 
[33mStructureManager[39m[33m.[39m[34mcreateStructure[39m([33mTEST_CHAIN_ID[39mΓÇª
    [90m260| [39m      [35mconst[39m node1 [33m=[39m 
[33mStructureManager[39m[33m.[39m[34maddNodeToStructure[39m([33mTEST_CHAIN_ID[39m[33m,[39mΓÇª
    [90m   | [39m                                                                                 [31m^[39m
    [90m261| [39m
    [90m262| [39m      [35mconst[39m pkg [33m=[39m 
[33mPackageManager[39m[33m.[39m[34mcreatePackage[39m([33mTEST_CHAIN_ID[39m[33m,[39m 
[32m'Test'[39m[33m,[39m ΓÇª

[31m[2mΓÄ»ΓÄ»ΓÄ»ΓÄ»ΓÄ»ΓÄ»ΓÄ»ΓÄ»ΓÄ»ΓÄ»ΓÄ»ΓÄ»ΓÄ»ΓÄ»ΓÄ»ΓÄ»ΓÄ»ΓÄ»ΓÄ»ΓÄ»[100/165]ΓÄ»[22m[39m

[31m[1m[7m FAIL [27m[22m[39m server/__tests__/package-manager.test.js[2m > [22mPackageManager[2m > 
[22mvalidatePackage[2m > [22mshould validate a complete package
[31m[1mTypeError[22m: Cannot read properties of null (reading 'structureId')[39m
[36m [2mΓ¥»[22m server/__tests__/package-manager.test.js:[2m287:82[22m[39m
    [90m285| [39m    [34mit[39m([32m'should validate a complete package'[39m[33m,[39m () [33m=>[39m {
    [90m286| [39m      [35mconst[39m structure [33m=[39m 
[33mStructureManager[39m[33m.[39m[34mcreateStructure[39m([33mTEST_CHAIN_ID[39mΓÇª
    [90m287| [39m      [35mconst[39m node1 [33m=[39m 
[33mStructureManager[39m[33m.[39m[34maddNodeToStructure[39m([33mTEST_CHAIN_ID[39m[33m,[39mΓÇª
    [90m   | [39m                                                                                 [31m^[39m
    [90m288| [39m
    [90m289| [39m      [35mconst[39m pkg [33m=[39m 
[33mPackageManager[39m[33m.[39m[34mcreatePackage[39m([33mTEST_CHAIN_ID[39m[33m,[39m 
[32m'Test'[39m[33m,[39m ΓÇª

[31m[2mΓÄ»ΓÄ»ΓÄ»ΓÄ»ΓÄ»ΓÄ»ΓÄ»ΓÄ»ΓÄ»ΓÄ»ΓÄ»ΓÄ»ΓÄ»ΓÄ»ΓÄ»ΓÄ»ΓÄ»ΓÄ»ΓÄ»ΓÄ»[101/165]ΓÄ»[22m[39m

[31m[1m[7m FAIL [27m[22m[39m server/__tests__/package-manager.test.js[2m > [22mPackageManager[2m > 
[22mvalidatePackage[2m > [22mshould detect missing manifest
[31m[1mTypeError[22m: Cannot read properties of null (reading 'structureId')[39m
[36m [2mΓ¥»[22m server/__tests__/package-manager.test.js:[2m301:89[22m[39m
    [90m299| [39m    [34mit[39m([32m'should detect missing manifest'[39m[33m,[39m () [33m=>[39m {
    [90m300| [39m      [35mconst[39m structure [33m=[39m 
[33mStructureManager[39m[33m.[39m[34mcreateStructure[39m([33mTEST_CHAIN_ID[39mΓÇª
    [90m301| [39m      [35mconst[39m pkg [33m=[39m 
[33mPackageManager[39m[33m.[39m[34mcreatePackage[39m([33mTEST_CHAIN_ID[39m[33m,[39m 
[32m'Test'[39m[33m,[39m ΓÇª
    [90m   | [39m                                                                                        [31m^[39m
    [90m302| [39m      
[33mPackageManager[39m[33m.[39m[34mbuildPackageStructure[39m([33mTEST_CHAIN_ID[39m[33m,[39m 
pkg[33m.[39mpackageIΓÇª
    [90m303| [39m      
[33mPackageManager[39m[33m.[39m[34mgenerateReadme[39m([33mTEST_CHAIN_ID[39m[33m,[39m 
pkg[33m.[39mpackageId[33m,[39m [32m'Tit[39mΓÇª

[31m[2mΓÄ»ΓÄ»ΓÄ»ΓÄ»ΓÄ»ΓÄ»ΓÄ»ΓÄ»ΓÄ»ΓÄ»ΓÄ»ΓÄ»ΓÄ»ΓÄ»ΓÄ»ΓÄ»ΓÄ»ΓÄ»ΓÄ»ΓÄ»[102/165]ΓÄ»[22m[39m

[31m[1m[7m FAIL [27m[22m[39m server/__tests__/package-manager.test.js[2m > [22mPackageManager[2m > 
[22mcalculatePackageSize[2m > [22mshould calculate package size
[31m[1mTypeError[22m: Cannot read properties of null (reading 'structureId')[39m
[36m [2mΓ¥»[22m server/__tests__/package-manager.test.js:[2m320:82[22m[39m
    [90m318| [39m    [34mit[39m([32m'should calculate package size'[39m[33m,[39m () [33m=>[39m {
    [90m319| [39m      [35mconst[39m structure [33m=[39m 
[33mStructureManager[39m[33m.[39m[34mcreateStructure[39m([33mTEST_CHAIN_ID[39mΓÇª
    [90m320| [39m      [35mconst[39m node1 [33m=[39m 
[33mStructureManager[39m[33m.[39m[34maddNodeToStructure[39m([33mTEST_CHAIN_ID[39m[33m,[39mΓÇª
    [90m   | [39m                                                                                 [31m^[39m
    [90m321| [39m
    [90m322| [39m      [35mconst[39m pkg [33m=[39m 
[33mPackageManager[39m[33m.[39m[34mcreatePackage[39m([33mTEST_CHAIN_ID[39m[33m,[39m 
[32m'Test'[39m[33m,[39m ΓÇª

[31m[2mΓÄ»ΓÄ»ΓÄ»ΓÄ»ΓÄ»ΓÄ»ΓÄ»ΓÄ»ΓÄ»ΓÄ»ΓÄ»ΓÄ»ΓÄ»ΓÄ»ΓÄ»ΓÄ»ΓÄ»ΓÄ»ΓÄ»ΓÄ»[103/165]ΓÄ»[22m[39m

[31m[1m[7m FAIL [27m[22m[39m server/__tests__/package-manager.test.js[2m > [22mPackageManager[2m > 
[22mgetPackageStats[2m > [22mshould return comprehensive package statistics
[31m[1mTypeError[22m: Cannot read properties of null (reading 'structureId')[39m
[36m [2mΓ¥»[22m server/__tests__/package-manager.test.js:[2m339:82[22m[39m
    [90m337| [39m    [34mit[39m([32m'should return comprehensive package statistics'[39m[33m,[39m () 
[33m=>[39m {
    [90m338| [39m      [35mconst[39m structure [33m=[39m 
[33mStructureManager[39m[33m.[39m[34mcreateStructure[39m([33mTEST_CHAIN_ID[39mΓÇª
    [90m339| [39m      [35mconst[39m node1 [33m=[39m 
[33mStructureManager[39m[33m.[39m[34maddNodeToStructure[39m([33mTEST_CHAIN_ID[39m[33m,[39mΓÇª
    [90m   | [39m                                                                                 [31m^[39m
    [90m340| [39m      [35mconst[39m node2 [33m=[39m 
[33mStructureManager[39m[33m.[39m[34maddNodeToStructure[39m([33mTEST_CHAIN_ID[39m[33m,[39mΓÇª
    [90m341| [39m

[31m[2mΓÄ»ΓÄ»ΓÄ»ΓÄ»ΓÄ»ΓÄ»ΓÄ»ΓÄ»ΓÄ»ΓÄ»ΓÄ»ΓÄ»ΓÄ»ΓÄ»ΓÄ»ΓÄ»ΓÄ»ΓÄ»ΓÄ»ΓÄ»[104/165]ΓÄ»[22m[39m

[31m[1m[7m FAIL [27m[22m[39m server/__tests__/package-manager.test.js[2m > [22mPackageManager[2m > 
[22mIntegration: Full workflow[2m > [22mshould complete full package creation workflow
[31m[1mTypeError[22m: Cannot read properties of null (reading 'structureId')[39m
[36m [2mΓ¥»[22m server/__tests__/package-manager.test.js:[2m368:82[22m[39m
    [90m366| [39m      
    [90m367| [39m      [90m// Add nodes[39m
    [90m368| [39m      [35mconst[39m intro [33m=[39m 
[33mStructureManager[39m[33m.[39m[34maddNodeToStructure[39m([33mTEST_CHAIN_ID[39m[33m,[39mΓÇª
    [90m   | [39m                                                                                 [31m^[39m
    [90m369| [39m      [35mconst[39m content [33m=[39m 
[33mStructureManager[39m[33m.[39m[34maddNodeToStructure[39m([33mTEST_CHAIN_I[39mΓÇª
    [90m370| [39m      [35mconst[39m subsection [33m=[39m 
[33mStructureManager[39m[33m.[39m[34maddNodeToStructure[39m([33mTEST_CHAI[39mΓÇª

[31m[2mΓÄ»ΓÄ»ΓÄ»ΓÄ»ΓÄ»ΓÄ»ΓÄ»ΓÄ»ΓÄ»ΓÄ»ΓÄ»ΓÄ»ΓÄ»ΓÄ»ΓÄ»ΓÄ»ΓÄ»ΓÄ»ΓÄ»ΓÄ»[105/165]ΓÄ»[22m[39m

[31m[1m[7m FAIL [27m[22m[39m server/__tests__/package-routes.test.js[2m > [22mPackage API Endpoints[2m > 
[22mPOST /api/html-flow/:chainId/packages[2m > [22mshould create a new package
[31m[1mTypeError[22m: Cannot read properties of null (reading 'structureId')[39m
[36m [2mΓ¥»[22m server/__tests__/package-routes.test.js:[2m53:34[22m[39m
    [90m 51| [39m          name[33m:[39m [32m'Test Package'[39m[33m,[39m
    [90m 52| [39m          description[33m:[39m [32m'A test package'[39m[33m,[39m
    [90m 53| [39m          structureId[33m:[39m structure[33m.[39mstructureId[33m,[39m
    [90m   | [39m                                 [31m^[39m
    [90m 54| [39m          options[33m:[39m {
    [90m 55| [39m            includeMetadata[33m:[39m [35mtrue[39m[33m,[39m

[31m[2mΓÄ»ΓÄ»ΓÄ»ΓÄ»ΓÄ»ΓÄ»ΓÄ»ΓÄ»ΓÄ»ΓÄ»ΓÄ»ΓÄ»ΓÄ»ΓÄ»ΓÄ»ΓÄ»ΓÄ»ΓÄ»ΓÄ»ΓÄ»[106/165]ΓÄ»[22m[39m

[31m[1m[7m FAIL [27m[22m[39m server/__tests__/package-routes.test.js[2m > [22mPackage API Endpoints[2m > 
[22mPOST /api/html-flow/:chainId/packages[2m > [22mshould return 400 for missing name
[31m[1mTypeError[22m: Cannot read properties of null (reading 'structureId')[39m
[36m [2mΓ¥»[22m server/__tests__/package-routes.test.js:[2m75:34[22m[39m
    [90m 73| [39m        [33m.[39m[34msend[39m({
    [90m 74| [39m          description[33m:[39m [32m'A test package'[39m[33m,[39m
    [90m 75| [39m          structureId[33m:[39m structure[33m.[39mstructureId
    [90m   | [39m                                 [31m^[39m
    [90m 76| [39m        })[33m;[39m
    [90m 77| [39m

[31m[2mΓÄ»ΓÄ»ΓÄ»ΓÄ»ΓÄ»ΓÄ»ΓÄ»ΓÄ»ΓÄ»ΓÄ»ΓÄ»ΓÄ»ΓÄ»ΓÄ»ΓÄ»ΓÄ»ΓÄ»ΓÄ»ΓÄ»ΓÄ»[107/165]ΓÄ»[22m[39m

[31m[1m[7m FAIL [27m[22m[39m server/__tests__/package-routes.test.js[2m > [22mPackage API Endpoints[2m > 
[22mGET /api/html-flow/:chainId/packages[2m > [22mshould list all packages
[31m[1mTypeError[22m: Cannot read properties of null (reading 'structureId')[39m
[36m [2mΓ¥»[22m server/__tests__/package-routes.test.js:[2m116:34[22m[39m
    [90m114| [39m        [33m.[39m[34msend[39m({
    [90m115| [39m          name[33m:[39m [32m'Package 1'[39m[33m,[39m
    [90m116| [39m          structureId[33m:[39m structure[33m.[39mstructureId
    [90m   | [39m                                 [31m^[39m
    [90m117| [39m        })[33m;[39m
    [90m118| [39m

[31m[2mΓÄ»ΓÄ»ΓÄ»ΓÄ»ΓÄ»ΓÄ»ΓÄ»ΓÄ»ΓÄ»ΓÄ»ΓÄ»ΓÄ»ΓÄ»ΓÄ»ΓÄ»ΓÄ»ΓÄ»ΓÄ»ΓÄ»ΓÄ»[108/165]ΓÄ»[22m[39m

[31m[1m[7m FAIL [27m[22m[39m server/__tests__/package-routes.test.js[2m > [22mPackage API Endpoints[2m > 
[22mGET /api/html-flow/:chainId/packages[2m > [22mshould return 400 for invalid chainId
[31m[1mAssertionError[22m: expected 200 to be 400 // Object.is equality[39m

[32m- Expected[39m
[31m+ Received[39m

[32m- 400[39m
[31m+ 200[39m

[36m [2mΓ¥»[22m server/__tests__/package-routes.test.js:[2m148:26[22m[39m
    [90m146| [39m        [33m.[39m[35mget[39m([32m`/api/html-flow/invalid/packages`[39m)[33m;[39m
    [90m147| [39m
    [90m148| [39m      [34mexpect[39m(res[33m.[39mstatus)[33m.[39m[34mtoBe[39m([34m400[39m)[33m;[39m
    [90m   | [39m                         [31m^[39m
    [90m149| [39m      
[34mexpect[39m(res[33m.[39mbody[33m.[39mok)[33m.[39m[34mtoBe[39m([35mfalse[39m)[33m;[39m
    [90m150| [39m    })[33m;[39m

[31m[2mΓÄ»ΓÄ»ΓÄ»ΓÄ»ΓÄ»ΓÄ»ΓÄ»ΓÄ»ΓÄ»ΓÄ»ΓÄ»ΓÄ»ΓÄ»ΓÄ»ΓÄ»ΓÄ»ΓÄ»ΓÄ»ΓÄ»ΓÄ»[109/165]ΓÄ»[22m[39m

[31m[1m[7m FAIL [27m[22m[39m server/__tests__/package-routes.test.js[2m > [22mPackage API Endpoints[2m > 
[22mGET /api/html-flow/:chainId/packages/:id[2m > [22mshould get a specific package
[31m[1mTypeError[22m: Cannot read properties of null (reading 'structureId')[39m
[36m [2mΓ¥»[22m server/__tests__/package-routes.test.js:[2m161:34[22m[39m
    [90m159| [39m        [33m.[39m[34msend[39m({
    [90m160| [39m          name[33m:[39m [32m'Test Package'[39m[33m,[39m
    [90m161| [39m          structureId[33m:[39m structure[33m.[39mstructureId
    [90m   | [39m                                 [31m^[39m
    [90m162| [39m        })[33m;[39m
    [90m163| [39m

[31m[2mΓÄ»ΓÄ»ΓÄ»ΓÄ»ΓÄ»ΓÄ»ΓÄ»ΓÄ»ΓÄ»ΓÄ»ΓÄ»ΓÄ»ΓÄ»ΓÄ»ΓÄ»ΓÄ»ΓÄ»ΓÄ»ΓÄ»ΓÄ»[110/165]ΓÄ»[22m[39m

[31m[1m[7m FAIL [27m[22m[39m server/__tests__/package-routes.test.js[2m > [22mPackage API Endpoints[2m > 
[22mGET /api/html-flow/:chainId/packages/:id[2m > [22mshould return 400 for invalid chainId
[31m[1mAssertionError[22m: expected 404 to be 400 // Object.is equality[39m

[32m- Expected[39m
[31m+ Received[39m

[32m- 400[39m
[31m+ 404[39m

[36m [2mΓ¥»[22m server/__tests__/package-routes.test.js:[2m187:26[22m[39m
    [90m185| [39m        [33m.[39m[35mget[39m([32m`/api/html-flow/invalid/packages/package-1`[39m)[33m;[39m
    [90m186| [39m
    [90m187| [39m      [34mexpect[39m(res[33m.[39mstatus)[33m.[39m[34mtoBe[39m([34m400[39m)[33m;[39m
    [90m   | [39m                         [31m^[39m
    [90m188| [39m      
[34mexpect[39m(res[33m.[39mbody[33m.[39mok)[33m.[39m[34mtoBe[39m([35mfalse[39m)[33m;[39m
    [90m189| [39m    })[33m;[39m

[31m[2mΓÄ»ΓÄ»ΓÄ»ΓÄ»ΓÄ»ΓÄ»ΓÄ»ΓÄ»ΓÄ»ΓÄ»ΓÄ»ΓÄ»ΓÄ»ΓÄ»ΓÄ»ΓÄ»ΓÄ»ΓÄ»ΓÄ»ΓÄ»[111/165]ΓÄ»[22m[39m

[31m[1m[7m FAIL [27m[22m[39m server/__tests__/package-routes.test.js[2m > [22mPackage API Endpoints[2m > 
[22mPUT /api/html-flow/:chainId/packages/:id[2m > [22mshould update package metadata
[31m[1mTypeError[22m: Cannot read properties of null (reading 'structureId')[39m
[36m [2mΓ¥»[22m server/__tests__/package-routes.test.js:[2m200:34[22m[39m
    [90m198| [39m        [33m.[39m[34msend[39m({
    [90m199| [39m          name[33m:[39m [32m'Test Package'[39m[33m,[39m
    [90m200| [39m          structureId[33m:[39m structure[33m.[39mstructureId
    [90m   | [39m                                 [31m^[39m
    [90m201| [39m        })[33m;[39m
    [90m202| [39m

[31m[2mΓÄ»ΓÄ»ΓÄ»ΓÄ»ΓÄ»ΓÄ»ΓÄ»ΓÄ»ΓÄ»ΓÄ»ΓÄ»ΓÄ»ΓÄ»ΓÄ»ΓÄ»ΓÄ»ΓÄ»ΓÄ»ΓÄ»ΓÄ»[112/165]ΓÄ»[22m[39m

[31m[1m[7m FAIL [27m[22m[39m server/__tests__/package-routes.test.js[2m > [22mPackage API Endpoints[2m > 
[22mDELETE /api/html-flow/:chainId/packages/:id[2m > [22mshould delete a package
[31m[1mTypeError[22m: Cannot read properties of null (reading 'structureId')[39m
[36m [2mΓ¥»[22m server/__tests__/package-routes.test.js:[2m241:34[22m[39m
    [90m239| [39m        [33m.[39m[34msend[39m({
    [90m240| [39m          name[33m:[39m [32m'Test Package'[39m[33m,[39m
    [90m241| [39m          structureId[33m:[39m structure[33m.[39mstructureId
    [90m   | [39m                                 [31m^[39m
    [90m242| [39m        })[33m;[39m
    [90m243| [39m

[31m[2mΓÄ»ΓÄ»ΓÄ»ΓÄ»ΓÄ»ΓÄ»ΓÄ»ΓÄ»ΓÄ»ΓÄ»ΓÄ»ΓÄ»ΓÄ»ΓÄ»ΓÄ»ΓÄ»ΓÄ»ΓÄ»ΓÄ»ΓÄ»[113/165]ΓÄ»[22m[39m

[31m[1m[7m FAIL [27m[22m[39m server/__tests__/package-routes.test.js[2m > [22mPackage API Endpoints[2m > 
[22mGET /api/html-flow/:chainId/packages/:id/validate[2m > [22mshould validate a package
[31m[1mTypeError[22m: Cannot read properties of null (reading 'structureId')[39m
[36m [2mΓ¥»[22m server/__tests__/package-routes.test.js:[2m276:34[22m[39m
    [90m274| [39m        [33m.[39m[34msend[39m({
    [90m275| [39m          name[33m:[39m [32m'Test Package'[39m[33m,[39m
    [90m276| [39m          structureId[33m:[39m structure[33m.[39mstructureId
    [90m   | [39m                                 [31m^[39m
    [90m277| [39m        })[33m;[39m
    [90m278| [39m

[31m[2mΓÄ»ΓÄ»ΓÄ»ΓÄ»ΓÄ»ΓÄ»ΓÄ»ΓÄ»ΓÄ»ΓÄ»ΓÄ»ΓÄ»ΓÄ»ΓÄ»ΓÄ»ΓÄ»ΓÄ»ΓÄ»ΓÄ»ΓÄ»[114/165]ΓÄ»[22m[39m

[31m[1m[7m FAIL [27m[22m[39m server/__tests__/package-routes.test.js[2m > [22mPackage API Endpoints[2m > 
[22mGET /api/html-flow/:chainId/packages/:id/validate[2m > [22mshould return 404 for nonexistent package
[31m[1mAssertionError[22m: expected 200 to be 404 // Object.is equality[39m

[32m- Expected[39m
[31m+ Received[39m

[32m- 404[39m
[31m+ 200[39m

[36m [2mΓ¥»[22m server/__tests__/package-routes.test.js:[2m295:26[22m[39m
    [90m293| [39m        [33m.[39m[35mget[39m([32m`/api/html-flow/[39m[36m${[39m[33mTEST_CHAIN_ID[39m[36m}
[39m[32m/packages/package-999/val[39mΓÇª
    [90m294| [39m
    [90m295| [39m      [34mexpect[39m(res[33m.[39mstatus)[33m.[39m[34mtoBe[39m([34m404[39m)[33m;[39m
    [90m   | [39m                         [31m^[39m
    [90m296| [39m      
[34mexpect[39m(res[33m.[39mbody[33m.[39mok)[33m.[39m[34mtoBe[39m([35mfalse[39m)[33m;[39m
    [90m297| [39m    })[33m;[39m

[31m[2mΓÄ»ΓÄ»ΓÄ»ΓÄ»ΓÄ»ΓÄ»ΓÄ»ΓÄ»ΓÄ»ΓÄ»ΓÄ»ΓÄ»ΓÄ»ΓÄ»ΓÄ»ΓÄ»ΓÄ»ΓÄ»ΓÄ»ΓÄ»[115/165]ΓÄ»[22m[39m

[31m[1m[7m FAIL [27m[22m[39m server/__tests__/package-routes.test.js[2m > [22mPackage API Endpoints[2m > 
[22mGET /api/html-flow/:chainId/packages/:id/stats[2m > [22mshould get package statistics
[31m[1mTypeError[22m: Cannot read properties of null (reading 'structureId')[39m
[36m [2mΓ¥»[22m server/__tests__/package-routes.test.js:[2m308:34[22m[39m
    [90m306| [39m        [33m.[39m[34msend[39m({
    [90m307| [39m          name[33m:[39m [32m'Test Package'[39m[33m,[39m
    [90m308| [39m          structureId[33m:[39m structure[33m.[39mstructureId
    [90m   | [39m                                 [31m^[39m
    [90m309| [39m        })[33m;[39m
    [90m310| [39m

[31m[2mΓÄ»ΓÄ»ΓÄ»ΓÄ»ΓÄ»ΓÄ»ΓÄ»ΓÄ»ΓÄ»ΓÄ»ΓÄ»ΓÄ»ΓÄ»ΓÄ»ΓÄ»ΓÄ»ΓÄ»ΓÄ»ΓÄ»ΓÄ»[116/165]ΓÄ»[22m[39m

[31m[1m[7m FAIL [27m[22m[39m server/__tests__/relationship-manager.test.js[2m > [22mrelationship-manager[2m > 
[22massignSlidesToParent[2m > [22mshould assign a single slide to a parent
[31m[1mAssertionError[22m: expected null not to be null[39m
[36m [2mΓ¥»[22m server/__tests__/relationship-manager.test.js:[2m146:26[22m[39m
    [90m144| [39m      )[33m;[39m
    [90m145| [39m
    [90m146| [39m      [34mexpect[39m(result)[33m.[39mnot[33m.[39m[34mtoBeNull[39m()[33m;[39m
    [90m   | [39m                         [31m^[39m
    [90m147| [39m      
[34mexpect[39m(result[33m.[39massignmentsApplied)[33m.[39m[34mtoBe[39m([34m1[39m)[33m;[39m
    [90m148| [39m      
[34mexpect[39m(result[33m.[39massigned)[33m.[39m[34mtoHaveLength[39m([34m1[39m)[33m;[39m

[31m[2mΓÄ»ΓÄ»ΓÄ»ΓÄ»ΓÄ»ΓÄ»ΓÄ»ΓÄ»ΓÄ»ΓÄ»ΓÄ»ΓÄ»ΓÄ»ΓÄ»ΓÄ»ΓÄ»ΓÄ»ΓÄ»ΓÄ»ΓÄ»[117/165]ΓÄ»[22m[39m

[31m[1m[7m FAIL [27m[22m[39m server/__tests__/relationship-manager.test.js[2m > [22mrelationship-manager[2m > 
[22massignSlidesToParent[2m > [22mshould assign multiple slides to a parent
[31m[1mAssertionError[22m: expected null not to be null[39m
[36m [2mΓ¥»[22m server/__tests__/relationship-manager.test.js:[2m169:26[22m[39m
    [90m167| [39m      )[33m;[39m
    [90m168| [39m
    [90m169| [39m      [34mexpect[39m(result)[33m.[39mnot[33m.[39m[34mtoBeNull[39m()[33m;[39m
    [90m   | [39m                         [31m^[39m
    [90m170| [39m      
[34mexpect[39m(result[33m.[39massignmentsApplied)[33m.[39m[34mtoBe[39m([34m3[39m)[33m;[39m
    [90m171| [39m      
[34mexpect[39m(result[33m.[39massigned)[33m.[39m[34mtoHaveLength[39m([34m3[39m)[33m;[39m

[31m[2mΓÄ»ΓÄ»ΓÄ»ΓÄ»ΓÄ»ΓÄ»ΓÄ»ΓÄ»ΓÄ»ΓÄ»ΓÄ»ΓÄ»ΓÄ»ΓÄ»ΓÄ»ΓÄ»ΓÄ»ΓÄ»ΓÄ»ΓÄ»[118/165]ΓÄ»[22m[39m

[31m[1m[7m FAIL [27m[22m[39m server/__tests__/relationship-manager.test.js[2m > [22mrelationship-manager[2m > 
[22massignSlidesToParent[2m > [22mshould update manifest with relationships
[31m[1mAssertionError[22m: expected [] to have a length of 1 but got +0[39m

[32m- Expected[39m
[31m+ Received[39m

[32m- 1[39m
[31m+ 0[39m

[36m [2mΓ¥»[22m server/__tests__/relationship-manager.test.js:[2m186:48[22m[39m
    [90m184| [39m      [35mconst[39m manifest [33m=[39m 
[33mJSON[39m[33m.[39m[34mparse[39m(fs[33m.[39m[34mreadFileSync[39m(manifestPath[33m,[39m 
[32m'utf8'[39mΓÇª
    [90m185| [39m
    [90m186| [39m      [34mexpect[39m(manifest[33m.[39mslides[[34m0[39m][33m.[39mrelationships)[33m.[39m[3
4mtoHaveLength[39m([34m1[39m)[33m;[39m
    [90m   | [39m                                               [31m^[39m
    [90m187| [39m      [34mexpect[39m(manifest[33m.[39mslides[[34m0[39m][33m.[39mrelationships[[34m0[39m][
33m.[39mtargetExportId)[33m.[39m[34mtoBe[39m(ΓÇª
    [90m188| [39m      [34mexpect[39m(manifest[33m.[39mslides[[34m0[39m][33m.[39mrelationships[[34m0[39m][
33m.[39mtargetSlideId)[33m.[39m[34mtoBe[39m([32m'[39mΓÇª

[31m[2mΓÄ»ΓÄ»ΓÄ»ΓÄ»ΓÄ»ΓÄ»ΓÄ»ΓÄ»ΓÄ»ΓÄ»ΓÄ»ΓÄ»ΓÄ»ΓÄ»ΓÄ»ΓÄ»ΓÄ»ΓÄ»ΓÄ»ΓÄ»[119/165]ΓÄ»[22m[39m

[31m[1m[7m FAIL [27m[22m[39m server/__tests__/relationship-manager.test.js[2m > [22mrelationship-manager[2m > 
[22massignSlidesToParent[2m > [22mshould update chain.json relationshipGraph
[31m[1mAssertionError[22m: expected [] to have a length of 3 but got +0[39m

[32m- Expected[39m
[31m+ Received[39m

[32m- 3[39m
[31m+ 0[39m

[36m [2mΓ¥»[22m server/__tests__/relationship-manager.test.js:[2m203:46[22m[39m
    [90m201| [39m      [35mconst[39m chain [33m=[39m 
[33mJSON[39m[33m.[39m[34mparse[39m(fs[33m.[39m[34mreadFileSync[39m(chainPath[33m,[39m 
[32m'utf8'[39m))[33m;[39m
    [90m202| [39m
    [90m203| [39m      [34mexpect[39m(chain[33m.[39mrelationshipGraph[33m.[39mslides)[33m.[39m[34mtoHaveLeng
th[39m([34m3[39m)[33m;[39m [90m// 2 chi[39mΓÇª
    [90m   | [39m                                             [31m^[39m
    [90m204| [39m      [35mconst[39m childEntry [33m=[39m 
chain[33m.[39mrelationshipGraph[33m.[39mslides[33m.[39m[34mfind[39m(s [33m=>[39m s[33m.[39mglΓÇª
    [90m205| [39m      [34mexpect[39m(childEntry)[33m.[39m[34mtoBeDefined[39m()[33m;[39m

[31m[2mΓÄ»ΓÄ»ΓÄ»ΓÄ»ΓÄ»ΓÄ»ΓÄ»ΓÄ»ΓÄ»ΓÄ»ΓÄ»ΓÄ»ΓÄ»ΓÄ»ΓÄ»ΓÄ»ΓÄ»ΓÄ»ΓÄ»ΓÄ»[120/165]ΓÄ»[22m[39m

[31m[1m[7m FAIL [27m[22m[39m server/__tests__/relationship-manager.test.js[2m > [22mrelationship-manager[2m > 
[22massignSlidesToParent[2m > [22mshould skip non-existent child slides
[31m[1mAssertionError[22m: expected null not to be null[39m
[36m [2mΓ¥»[22m server/__tests__/relationship-manager.test.js:[2m247:26[22m[39m
    [90m245| [39m      [35mconst[39m result [33m=[39m [34massignSlidesToParent[39m(chainId[33m,[39m 
[32m'export-1'[39m[33m,[39m [[34m1[39m[33m,[39m [34m999[39mΓÇª
    [90m246| [39m
    [90m247| [39m      [34mexpect[39m(result)[33m.[39mnot[33m.[39m[34mtoBeNull[39m()[33m;[39m
    [90m   | [39m                         [31m^[39m
    [90m248| [39m      
[34mexpect[39m(result[33m.[39massignmentsApplied)[33m.[39m[34mtoBe[39m([34m1[39m)[33m;[39m [90m// Only 
slide 1 was a[39mΓÇª
    [90m249| [39m      
[34mexpect[39m(result[33m.[39massigned)[33m.[39m[34mtoHaveLength[39m([34m1[39m)[33m;[39m

[31m[2mΓÄ»ΓÄ»ΓÄ»ΓÄ»ΓÄ»ΓÄ»ΓÄ»ΓÄ»ΓÄ»ΓÄ»ΓÄ»ΓÄ»ΓÄ»ΓÄ»ΓÄ»ΓÄ»ΓÄ»ΓÄ»ΓÄ»ΓÄ»[121/165]ΓÄ»[22m[39m

[31m[1m[7m FAIL [27m[22m[39m server/__tests__/relationship-manager.test.js[2m > [22mrelationship-manager[2m > 
[22massignSlidesToParent[2m > [22mshould replace existing relationship
[31m[1mAssertionError[22m: expected null not to be null[39m
[36m [2mΓ¥»[22m server/__tests__/relationship-manager.test.js:[2m272:26[22m[39m
    [90m270| [39m      )[33m;[39m
    [90m271| [39m
    [90m272| [39m      [34mexpect[39m(result)[33m.[39mnot[33m.[39m[34mtoBeNull[39m()[33m;[39m
    [90m   | [39m                         [31m^[39m
    [90m273| [39m
    [90m274| [39m      [90m// Verify manifest has only one relationship[39m

[31m[2mΓÄ»ΓÄ»ΓÄ»ΓÄ»ΓÄ»ΓÄ»ΓÄ»ΓÄ»ΓÄ»ΓÄ»ΓÄ»ΓÄ»ΓÄ»ΓÄ»ΓÄ»ΓÄ»ΓÄ»ΓÄ»ΓÄ»ΓÄ»[122/165]ΓÄ»[22m[39m

[31m[1m[7m FAIL [27m[22m[39m server/__tests__/relationship-manager.test.js[2m > [22mrelationship-manager[2m > 
[22mgetRelationshipGraph[2m > [22mshould return empty graph for new chain
[31m[1mAssertionError[22m: expected null not to be null[39m
[36m [2mΓ¥»[22m server/__tests__/relationship-manager.test.js:[2m290:25[22m[39m
    [90m288| [39m      [35mconst[39m graph [33m=[39m [34mgetRelationshipGraph[39m(chainId)[33m;[39m
    [90m289| [39m
    [90m290| [39m      [34mexpect[39m(graph)[33m.[39mnot[33m.[39m[34mtoBeNull[39m()[33m;[39m
    [90m   | [39m                        [31m^[39m
    [90m291| [39m      [34mexpect[39m(graph[33m.[39menabled)[33m.[39m[34mtoBe[39m([35mtrue[39m)[33m;[39m
    [90m292| [39m      [34mexpect[39m(graph[33m.[39mslides)[33m.[39m[34mtoEqual[39m([])[33m;[39m

[31m[2mΓÄ»ΓÄ»ΓÄ»ΓÄ»ΓÄ»ΓÄ»ΓÄ»ΓÄ»ΓÄ»ΓÄ»ΓÄ»ΓÄ»ΓÄ»ΓÄ»ΓÄ»ΓÄ»ΓÄ»ΓÄ»ΓÄ»ΓÄ»[123/165]ΓÄ»[22m[39m

[31m[1m[7m FAIL [27m[22m[39m server/__tests__/relationship-manager.test.js[2m > [22mrelationship-manager[2m > 
[22mgetRelationshipGraph[2m > [22mshould return populated graph after assignments
[31m[1mTypeError[22m: Cannot read properties of null (reading 'slides')[39m
[36m [2mΓ¥»[22m server/__tests__/relationship-manager.test.js:[2m305:20[22m[39m
    [90m303| [39m      [35mconst[39m graph [33m=[39m [34mgetRelationshipGraph[39m(chainId)[33m;[39m
    [90m304| [39m
    [90m305| [39m      
[34mexpect[39m(graph[33m.[39mslides)[33m.[39m[34mtoHaveLength[39m([34m3[39m)[33m;[39m
    [90m   | [39m                   [31m^[39m
    [90m306| [39m      [35mconst[39m childSlides [33m=[39m graph[33m.[39mslides[33m.[39m[34mfilter[39m(s 
[33m=>[39m s[33m.[39mglobalSlideId[33m.[39m[34msta[39mΓÇª
    [90m307| [39m      [34mexpect[39m(childSlides)[33m.[39m[34mtoHaveLength[39m([34m2[39m)[33m;[39m

[31m[2mΓÄ»ΓÄ»ΓÄ»ΓÄ»ΓÄ»ΓÄ»ΓÄ»ΓÄ»ΓÄ»ΓÄ»ΓÄ»ΓÄ»ΓÄ»ΓÄ»ΓÄ»ΓÄ»ΓÄ»ΓÄ»ΓÄ»ΓÄ»[124/165]ΓÄ»[22m[39m

[31m[1m[7m FAIL [27m[22m[39m server/__tests__/relationship-manager.test.js[2m > [22mrelationship-manager[2m > 
[22mgetHierarchyTree[2m > [22mshould build tree with roots and children
[31m[1mAssertionError[22m: expected [] to have a length of 2 but got +0[39m

[32m- Expected[39m
[31m+ Received[39m

[32m- 2[39m
[31m+ 0[39m

[36m [2mΓ¥»[22m server/__tests__/relationship-manager.test.js:[2m340:26[22m[39m
    [90m338| [39m      [35mconst[39m tree [33m=[39m [34mgetHierarchyTree[39m(chainId)[33m;[39m
    [90m339| [39m
    [90m340| [39m      
[34mexpect[39m(tree[33m.[39mroots)[33m.[39m[34mtoHaveLength[39m([34m2[39m)[33m;[39m [90m// export-2/1 and 
export-1/3[39mΓÇª
    [90m   | [39m                         [31m^[39m
    [90m341| [39m      
[34mexpect[39m(tree[33m.[39mlookup[[32m'export-2/1'[39m])[33m.[39m[34mtoBeDefined[39m()[33m;[39m
    [90m342| [39m      [34mexpect[39m(tree[33m.[39mlookup[[32m'export-2/1'[39m][33m.[39mchildNodes)[33m.[39
m[34mtoHaveLength[39m([34m2[39m)[33m;[39m

[31m[2mΓÄ»ΓÄ»ΓÄ»ΓÄ»ΓÄ»ΓÄ»ΓÄ»ΓÄ»ΓÄ»ΓÄ»ΓÄ»ΓÄ»ΓÄ»ΓÄ»ΓÄ»ΓÄ»ΓÄ»ΓÄ»ΓÄ»ΓÄ»[125/165]ΓÄ»[22m[39m

[31m[1m[7m FAIL [27m[22m[39m server/__tests__/relationship-manager.test.js[2m > [22mrelationship-manager[2m > 
[22mgetHierarchyTree[2m > [22mshould return null for invalid chainId
[31m[1mAssertionError[22m: expected { roots: [], lookup: {} } to be null[39m

[32m- Expected:[39m 
null

[31m+ Received:[39m 
Object {
  "lookup": Object {},
  "roots": Array [],
}

[36m [2mΓ¥»[22m server/__tests__/relationship-manager.test.js:[2m349:20[22m[39m
    [90m347| [39m    [34mit[39m([32m'should return null for invalid chainId'[39m[33m,[39m () [33m=>[39m {
    [90m348| [39m      [35mconst[39m tree [33m=[39m 
[34mgetHierarchyTree[39m([32m'invalid/chainId'[39m)[33m;[39m
    [90m349| [39m      [34mexpect[39m(tree)[33m.[39m[34mtoBeNull[39m()[33m;[39m
    [90m   | [39m                   [31m^[39m
    [90m350| [39m    })[33m;[39m
    [90m351| [39m  })[33m;[39m

[31m[2mΓÄ»ΓÄ»ΓÄ»ΓÄ»ΓÄ»ΓÄ»ΓÄ»ΓÄ»ΓÄ»ΓÄ»ΓÄ»ΓÄ»ΓÄ»ΓÄ»ΓÄ»ΓÄ»ΓÄ»ΓÄ»ΓÄ»ΓÄ»[126/165]ΓÄ»[22m[39m

[31m[1m[7m FAIL [27m[22m[39m server/__tests__/relationship-manager.test.js[2m > [22mrelationship-manager[2m > 
[22mgetSlideRelationships[2m > [22mshould return empty relationships for new slide
[31m[1mAssertionError[22m: expected null not to be null[39m
[36m [2mΓ¥»[22m server/__tests__/relationship-manager.test.js:[2m360:33[22m[39m
    [90m358| [39m      [35mconst[39m relationships [33m=[39m [34mgetSlideRelationships[39m(chainId[33m,[39m 
[32m'export-1'[39m[33m,[39mΓÇª
    [90m359| [39m
    [90m360| [39m      [34mexpect[39m(relationships)[33m.[39mnot[33m.[39m[34mtoBeNull[39m()[33m;[39m
    [90m   | [39m                                [31m^[39m
    [90m361| [39m      
[34mexpect[39m(relationships[33m.[39mslideId)[33m.[39m[34mtoBe[39m([32m'export-1-slide-1'[39m)[33m;[39m
    [90m362| [39m      
[34mexpect[39m(relationships[33m.[39mrelationships)[33m.[39m[34mtoEqual[39m([])[33m;[39m

[31m[2mΓÄ»ΓÄ»ΓÄ»ΓÄ»ΓÄ»ΓÄ»ΓÄ»ΓÄ»ΓÄ»ΓÄ»ΓÄ»ΓÄ»ΓÄ»ΓÄ»ΓÄ»ΓÄ»ΓÄ»ΓÄ»ΓÄ»ΓÄ»[127/165]ΓÄ»[22m[39m

[31m[1m[7m FAIL [27m[22m[39m server/__tests__/relationship-manager.test.js[2m > [22mrelationship-manager[2m > 
[22mgetSlideRelationships[2m > [22mshould return relationships after assignment
[31m[1mAssertionError[22m: expected null not to be null[39m
[36m [2mΓ¥»[22m server/__tests__/relationship-manager.test.js:[2m375:33[22m[39m
    [90m373| [39m      [35mconst[39m relationships [33m=[39m [34mgetSlideRelationships[39m(chainId[33m,[39m 
[32m'export-1'[39m[33m,[39mΓÇª
    [90m374| [39m
    [90m375| [39m      [34mexpect[39m(relationships)[33m.[39mnot[33m.[39m[34mtoBeNull[39m()[33m;[39m
    [90m   | [39m                                [31m^[39m
    [90m376| [39m      
[34mexpect[39m(relationships[33m.[39mrelationships)[33m.[39m[34mtoHaveLength[39m([34m1[39m)[33m;[39m
    [90m377| [39m      [34mexpect[39m(relationships[33m.[39mrelationships[[34m0[39m][33m.[39mtargetExportId)
[33m.[39m[34mtoBe[39m([32m'expo[39mΓÇª

[31m[2mΓÄ»ΓÄ»ΓÄ»ΓÄ»ΓÄ»ΓÄ»ΓÄ»ΓÄ»ΓÄ»ΓÄ»ΓÄ»ΓÄ»ΓÄ»ΓÄ»ΓÄ»ΓÄ»ΓÄ»ΓÄ»ΓÄ»ΓÄ»[128/165]ΓÄ»[22m[39m

[31m[1m[7m FAIL [27m[22m[39m server/__tests__/relationship-manager.test.js[2m > [22mrelationship-manager[2m > 
[22mremoveRelationship[2m > [22mshould remove a relationship
[31m[1mAssertionError[22m: expected false to be true // Object.is equality[39m

[32m- Expected[39m
[31m+ Received[39m

[32m- true[39m
[31m+ false[39m

[36m [2mΓ¥»[22m server/__tests__/relationship-manager.test.js:[2m414:23[22m[39m
    [90m412| [39m      [35mconst[39m success [33m=[39m [34mremoveRelationship[39m(chainId[33m,[39m 
[32m'export-1'[39m[33m,[39m [34m1[39m[33m,[39m [32m'expo[39mΓÇª
    [90m413| [39m
    [90m414| [39m      [34mexpect[39m(success)[33m.[39m[34mtoBe[39m([35mtrue[39m)[33m;[39m
    [90m   | [39m                      [31m^[39m
    [90m415| [39m
    [90m416| [39m      [90m// Verify manifest was updated[39m

[31m[2mΓÄ»ΓÄ»ΓÄ»ΓÄ»ΓÄ»ΓÄ»ΓÄ»ΓÄ»ΓÄ»ΓÄ»ΓÄ»ΓÄ»ΓÄ»ΓÄ»ΓÄ»ΓÄ»ΓÄ»ΓÄ»ΓÄ»ΓÄ»[129/165]ΓÄ»[22m[39m

[31m[1m[7m FAIL [27m[22m[39m server/__tests__/relationship-manager.test.js[2m > [22mrelationship-manager[2m > 
[22mremoveRelationship[2m > [22mshould update chain.json after removal
[31m[1mTypeError[22m: Cannot read properties of undefined (reading 'parents')[39m
[36m [2mΓ¥»[22m server/__tests__/relationship-manager.test.js:[2m435:25[22m[39m
    [90m433| [39m
    [90m434| [39m      [35mconst[39m childEntry [33m=[39m 
chain[33m.[39mrelationshipGraph[33m.[39mslides[33m.[39m[34mfind[39m(s [33m=>[39m s[33m.[39mglΓÇª
    [90m435| [39m      [34mexpect[39m(childEntry[33m.[39mparents)[33m.[39m[34mtoEqual[39m([])[33m;[39m
    [90m   | [39m                        [31m^[39m
    [90m436| [39m
    [90m437| [39m      [35mconst[39m parentEntry [33m=[39m 
chain[33m.[39mrelationshipGraph[33m.[39mslides[33m.[39m[34mfind[39m(s [33m=>[39m s[33m.[39mgΓÇª

[31m[2mΓÄ»ΓÄ»ΓÄ»ΓÄ»ΓÄ»ΓÄ»ΓÄ»ΓÄ»ΓÄ»ΓÄ»ΓÄ»ΓÄ»ΓÄ»ΓÄ»ΓÄ»ΓÄ»ΓÄ»ΓÄ»ΓÄ»ΓÄ»[130/165]ΓÄ»[22m[39m

[31m[1m[7m FAIL [27m[22m[39m server/__tests__/relationship-manager.test.js[2m > [22mrelationship-manager[2m > 
[22mremoveRelationship[2m > [22mshould return true for non-existent relationship
[31m[1mAssertionError[22m: expected false to be true // Object.is equality[39m

[32m- Expected[39m
[31m+ Received[39m

[32m- true[39m
[31m+ false[39m

[36m [2mΓ¥»[22m server/__tests__/relationship-manager.test.js:[2m449:23[22m[39m
    [90m447| [39m      [35mconst[39m success [33m=[39m [34mremoveRelationship[39m(chainId[33m,[39m 
[32m'export-1'[39m[33m,[39m [34m1[39m[33m,[39m [32m'expo[39mΓÇª
    [90m448| [39m
    [90m449| [39m      [34mexpect[39m(success)[33m.[39m[34mtoBe[39m([35mtrue[39m)[33m;[39m [90m// 
Idempotent[39m
    [90m   | [39m                      [31m^[39m
    [90m450| [39m
    [90m451| [39m      [34mcleanupTestChain[39m(chainId)[33m;[39m

[31m[2mΓÄ»ΓÄ»ΓÄ»ΓÄ»ΓÄ»ΓÄ»ΓÄ»ΓÄ»ΓÄ»ΓÄ»ΓÄ»ΓÄ»ΓÄ»ΓÄ»ΓÄ»ΓÄ»ΓÄ»ΓÄ»ΓÄ»ΓÄ»[131/165]ΓÄ»[22m[39m

[31m[1m[7m FAIL [27m[22m[39m server/__tests__/relationship-manager.test.js[2m > [22mrelationship-manager[2m > 
[22mgetAvailableParentExports[2m > [22mshould return all exports with slides
[31m[1mAssertionError[22m: expected null not to be null[39m
[36m [2mΓ¥»[22m server/__tests__/relationship-manager.test.js:[2m467:33[22m[39m
    [90m465| [39m      [35mconst[39m parentExports [33m=[39m 
[34mgetAvailableParentExports[39m(chainId)[33m;[39m
    [90m466| [39m
    [90m467| [39m      [34mexpect[39m(parentExports)[33m.[39mnot[33m.[39m[34mtoBeNull[39m()[33m;[39m
    [90m   | [39m                                [31m^[39m
    [90m468| [39m      [34mexpect[39m(parentExports)[33m.[39m[34mtoHaveLength[39m([34m3[39m)[33m;[39m
    [90m469| [39m      
[34mexpect[39m(parentExports[[34m0[39m][33m.[39mslides)[33m.[39m[34mtoHaveLength[39m([34m3[39m)[33m;[39m

[31m[2mΓÄ»ΓÄ»ΓÄ»ΓÄ»ΓÄ»ΓÄ»ΓÄ»ΓÄ»ΓÄ»ΓÄ»ΓÄ»ΓÄ»ΓÄ»ΓÄ»ΓÄ»ΓÄ»ΓÄ»ΓÄ»ΓÄ»ΓÄ»[132/165]ΓÄ»[22m[39m

[31m[1m[7m FAIL [27m[22m[39m server/__tests__/relationship-manager.test.js[2m > [22mrelationship-manager[2m > 
[22mgetAvailableParentExports[2m > [22mshould include exportId and exportNumber
[31m[1mTypeError[22m: Cannot read properties of null (reading '0')[39m
[36m [2mΓ¥»[22m server/__tests__/relationship-manager.test.js:[2m485:27[22m[39m
    [90m483| [39m      [35mconst[39m parentExports [33m=[39m 
[34mgetAvailableParentExports[39m(chainId)[33m;[39m
    [90m484| [39m
    [90m485| [39m      [34mexpect[39m(parentExports[[34m0[39m][33m.[39mexportId)[33m.[39m[34mtoBe[39m([32m
'export-1'[39m)[33m;[39m
    [90m   | [39m                          [31m^[39m
    [90m486| [39m      
[34mexpect[39m(parentExports[[34m0[39m][33m.[39mexportNumber)[33m.[39m[34mtoBe[39m([34m1[39m)[33m;[39m
    [90m487| [39m

[31m[2mΓÄ»ΓÄ»ΓÄ»ΓÄ»ΓÄ»ΓÄ»ΓÄ»ΓÄ»ΓÄ»ΓÄ»ΓÄ»ΓÄ»ΓÄ»ΓÄ»ΓÄ»ΓÄ»ΓÄ»ΓÄ»ΓÄ»ΓÄ»[133/165]ΓÄ»[22m[39m

[31m[1m[7m FAIL [27m[22m[39m server/__tests__/relationship-manager.test.js[2m > [22mrelationship-manager[2m > 
[22mintegration: complex relationship scenarios[2m > [22mshould handle multiple parent-child relationships
[31m[1mTypeError[22m: Cannot read properties of null (reading 'slides')[39m
[36m [2mΓ¥»[22m server/__tests__/relationship-manager.test.js:[2m503:20[22m[39m
    [90m501| [39m      [90m// For now, just verify the first assignment worked[39m
    [90m502| [39m      [35mconst[39m graph [33m=[39m [34mgetRelationshipGraph[39m(chainId)[33m;[39m
    [90m503| [39m      
[34mexpect[39m(graph[33m.[39mslides)[33m.[39m[34mtoHaveLength[39m([34m3[39m)[33m;[39m
    [90m   | [39m                   [31m^[39m
    [90m504| [39m
    [90m505| [39m      [34mcleanupTestChain[39m(chainId)[33m;[39m

[31m[2mΓÄ»ΓÄ»ΓÄ»ΓÄ»ΓÄ»ΓÄ»ΓÄ»ΓÄ»ΓÄ»ΓÄ»ΓÄ»ΓÄ»ΓÄ»ΓÄ»ΓÄ»ΓÄ»ΓÄ»ΓÄ»ΓÄ»ΓÄ»[134/165]ΓÄ»[22m[39m

[31m[1m[7m FAIL [27m[22m[39m server/__tests__/relationship-manager.test.js[2m > [22mrelationship-manager[2m > 
[22mintegration: complex relationship scenarios[2m > [22mshould maintain consistency across operations
[31m[1mAssertionError[22m: expected [] to have a length of 1 but got +0[39m

[32m- Expected[39m
[31m+ Received[39m

[32m- 1[39m
[31m+ 0[39m

[36m [2mΓ¥»[22m server/__tests__/relationship-manager.test.js:[2m518:48[22m[39m
    [90m516| [39m      [35mconst[39m manifestPath [33m=[39m 
path[33m.[39m[34mjoin[39m([33mTEST_CHAINS_DIR[39m[33m,[39m chainId[33m,[39m [32m'export[39mΓÇª
    [90m517| [39m      [35mconst[39m manifest [33m=[39m 
[33mJSON[39m[33m.[39m[34mparse[39m(fs[33m.[39m[34mreadFileSync[39m(manifestPath[33m,[39m 
[32m'utf8'[39mΓÇª
    [90m518| [39m      [34mexpect[39m(manifest[33m.[39mslides[[34m0[39m][33m.[39mrelationships)[33m.[39m[3
4mtoHaveLength[39m([34m1[39m)[33m;[39m
    [90m   | [39m                                               [31m^[39m
    [90m519| [39m      [34mexpect[39m(manifest[33m.[39mslides[[34m1[39m][33m.[39mrelationships)[33m.[39m[3
4mtoHaveLength[39m([34m1[39m)[33m;[39m
    [90m520| [39m

[31m[2mΓÄ»ΓÄ»ΓÄ»ΓÄ»ΓÄ»ΓÄ»ΓÄ»ΓÄ»ΓÄ»ΓÄ»ΓÄ»ΓÄ»ΓÄ»ΓÄ»ΓÄ»ΓÄ»ΓÄ»ΓÄ»ΓÄ»ΓÄ»[135/165]ΓÄ»[22m[39m

[31m[1m[7m FAIL [27m[22m[39m server/__tests__/structure-manager.test.js[2m > [22mstructure-manager[2m > 
[22mcreateStructure[2m > [22mshould create a new structure with root nodes
[31m[1mTypeError[22m: Cannot read properties of null (reading 'ok')[39m
[36m [2mΓ¥»[22m server/__tests__/structure-manager.test.js:[2m47:21[22m[39m
    [90m 45| [39m      )[33m;[39m
    [90m 46| [39m
    [90m 47| [39m      [34mexpect[39m(result[33m.[39mok)[33m.[39m[34mtoBe[39m([35mtrue[39m)[33m;[39m
    [90m   | [39m                    [31m^[39m
    [90m 48| [39m      
[34mexpect[39m(result[33m.[39mstructure[33m.[39mname)[33m.[39m[34mtoBe[39m([32m'Test 
Structure'[39m)[33m;[39m
    [90m 49| [39m      
[34mexpect[39m(result[33m.[39mstructure[33m.[39mnodes)[33m.[39m[34mtoHaveLength[39m([34m3[39m)[33m;[39m

[31m[2mΓÄ»ΓÄ»ΓÄ»ΓÄ»ΓÄ»ΓÄ»ΓÄ»ΓÄ»ΓÄ»ΓÄ»ΓÄ»ΓÄ»ΓÄ»ΓÄ»ΓÄ»ΓÄ»ΓÄ»ΓÄ»ΓÄ»ΓÄ»[136/165]ΓÄ»[22m[39m

[31m[1m[7m FAIL [27m[22m[39m server/__tests__/structure-manager.test.js[2m > [22mstructure-manager[2m > 
[22mcreateStructure[2m > [22mshould create structure with unique node IDs
[31m[1mTypeError[22m: Cannot read properties of null (reading 'structure')[39m
[36m [2mΓ¥»[22m server/__tests__/structure-manager.test.js:[2m61:30[22m[39m
    [90m 59| [39m      )[33m;[39m
    [90m 60| [39m
    [90m 61| [39m      [35mconst[39m nodeIds [33m=[39m 
result[33m.[39mstructure[33m.[39mnodes[33m.[39m[34mmap[39m(n [33m=>[39m n[33m.[39mid)[33m;[39m
    [90m   | [39m                             [31m^[39m
    [90m 62| [39m      [34mexpect[39m([35mnew[39m 
[33mSet[39m(nodeIds)[33m.[39msize)[33m.[39m[34mtoBe[39m(nodeIds[33m.[39mlength)[33m;[39m [90m// All 
unique[39m
    [90m 63| [39m    })[33m;[39m

[31m[2mΓÄ»ΓÄ»ΓÄ»ΓÄ»ΓÄ»ΓÄ»ΓÄ»ΓÄ»ΓÄ»ΓÄ»ΓÄ»ΓÄ»ΓÄ»ΓÄ»ΓÄ»ΓÄ»ΓÄ»ΓÄ»ΓÄ»ΓÄ»[137/165]ΓÄ»[22m[39m

[31m[1m[7m FAIL [27m[22m[39m server/__tests__/structure-manager.test.js[2m > [22mstructure-manager[2m > 
[22mcreateStructure[2m > [22mshould persist structure to disk
[31m[1mTypeError[22m: Cannot read properties of null (reading 'structure')[39m
[36m [2mΓ¥»[22m server/__tests__/structure-manager.test.js:[2m72:59[22m[39m
    [90m 70| [39m      )[33m;[39m
    [90m 71| [39m
    [90m 72| [39m      [35mconst[39m filePath [33m=[39m path[33m.[39m[34mjoin[39m(structuresDir[33m,[39m 
[32m`[39m[36m${[39mresult[33m.[39mstructure[33m.[39midΓÇª
    [90m   | [39m                                                          [31m^[39m
    [90m 73| [39m      
[34mexpect[39m(fs[33m.[39m[34mexistsSync[39m(filePath))[33m.[39m[34mtoBe[39m([35mtrue[39m)[33m;[39m
    [90m 74| [39m    })[33m;[39m

[31m[2mΓÄ»ΓÄ»ΓÄ»ΓÄ»ΓÄ»ΓÄ»ΓÄ»ΓÄ»ΓÄ»ΓÄ»ΓÄ»ΓÄ»ΓÄ»ΓÄ»ΓÄ»ΓÄ»ΓÄ»ΓÄ»ΓÄ»ΓÄ»[138/165]ΓÄ»[22m[39m

[31m[1m[7m FAIL [27m[22m[39m server/__tests__/structure-manager.test.js[2m > [22mstructure-manager[2m > 
[22mcreateStructure[2m > [22mshould reject invalid structure name
[31m[1mTypeError[22m: Cannot read properties of null (reading 'ok')[39m
[36m [2mΓ¥»[22m server/__tests__/structure-manager.test.js:[2m83:21[22m[39m
    [90m 81| [39m      )[33m;[39m
    [90m 82| [39m
    [90m 83| [39m      [34mexpect[39m(result[33m.[39mok)[33m.[39m[34mtoBe[39m([35mfalse[39m)[33m;[39m
    [90m   | [39m                    [31m^[39m
    [90m 84| [39m      
[34mexpect[39m(result[33m.[39merror)[33m.[39m[34mtoContain[39m([32m'name'[39m)[33m;[39m
    [90m 85| [39m    })[33m;[39m

[31m[2mΓÄ»ΓÄ»ΓÄ»ΓÄ»ΓÄ»ΓÄ»ΓÄ»ΓÄ»ΓÄ»ΓÄ»ΓÄ»ΓÄ»ΓÄ»ΓÄ»ΓÄ»ΓÄ»ΓÄ»ΓÄ»ΓÄ»ΓÄ»[139/165]ΓÄ»[22m[39m

[31m[1m[7m FAIL [27m[22m[39m server/__tests__/structure-manager.test.js[2m > [22mstructure-manager[2m > 
[22mcreateStructure[2m > [22mshould reject invalid slide IDs
[31m[1mTypeError[22m: Cannot read properties of null (reading 'ok')[39m
[36m [2mΓ¥»[22m server/__tests__/structure-manager.test.js:[2m94:21[22m[39m
    [90m 92| [39m      )[33m;[39m
    [90m 93| [39m
    [90m 94| [39m      [34mexpect[39m(result[33m.[39mok)[33m.[39m[34mtoBe[39m([35mfalse[39m)[33m;[39m
    [90m   | [39m                    [31m^[39m
    [90m 95| [39m      
[34mexpect[39m(result[33m.[39merror)[33m.[39m[34mtoContain[39m([32m'path'[39m)[33m;[39m
    [90m 96| [39m    })[33m;[39m

[31m[2mΓÄ»ΓÄ»ΓÄ»ΓÄ»ΓÄ»ΓÄ»ΓÄ»ΓÄ»ΓÄ»ΓÄ»ΓÄ»ΓÄ»ΓÄ»ΓÄ»ΓÄ»ΓÄ»ΓÄ»ΓÄ»ΓÄ»ΓÄ»[140/165]ΓÄ»[22m[39m

[31m[1m[7m FAIL [27m[22m[39m server/__tests__/structure-manager.test.js[2m > [22mstructure-manager[2m > 
[22mlistStructures[2m > [22mshould list all structures for a chain
[31m[1mAssertionError[22m: expected undefined to be true // Object.is equality[39m

[32m- Expected:[39m 
true

[31m+ Received:[39m 
undefined

[36m [2mΓ¥»[22m server/__tests__/structure-manager.test.js:[2m106:25[22m[39m
    [90m104| [39m      [35mconst[39m result [33m=[39m 
structureManager[33m.[39m[34mlistStructures[39m(testChainId)[33m;[39m
    [90m105| [39m
    [90m106| [39m      [34mexpect[39m(result[33m.[39mok)[33m.[39m[34mtoBe[39m([35mtrue[39m)[33m;[39m
    [90m   | [39m                        [31m^[39m
    [90m107| [39m      [34mexpect[39m(result[33m.[39mstructures[33m.[39mlength)[33m.[39m[34mtoBeGreaterThanO
rEqual[39m([34m2[39m)[33m;[39m
    [90m108| [39m      [34mexpect[39m(result[33m.[39mstructures[33m.[39m[34msome[39m(s [33m=>[39m 
s[33m.[39mname [33m===[39m [32m'Structure A'[39m))[33m.[39m[34mto[39mΓÇª

[31m[2mΓÄ»ΓÄ»ΓÄ»ΓÄ»ΓÄ»ΓÄ»ΓÄ»ΓÄ»ΓÄ»ΓÄ»ΓÄ»ΓÄ»ΓÄ»ΓÄ»ΓÄ»ΓÄ»ΓÄ»ΓÄ»ΓÄ»ΓÄ»[141/165]ΓÄ»[22m[39m

[31m[1m[7m FAIL [27m[22m[39m server/__tests__/structure-manager.test.js[2m > [22mstructure-manager[2m > 
[22mlistStructures[2m > [22mshould return empty list for chain with no structures
[31m[1mAssertionError[22m: expected undefined to be true // Object.is equality[39m

[32m- Expected:[39m 
true

[31m+ Received:[39m 
undefined

[36m [2mΓ¥»[22m server/__tests__/structure-manager.test.js:[2m116:25[22m[39m
    [90m114| [39m      [35mconst[39m result [33m=[39m 
structureManager[33m.[39m[34mlistStructures[39m(newChainId)[33m;[39m
    [90m115| [39m
    [90m116| [39m      [34mexpect[39m(result[33m.[39mok)[33m.[39m[34mtoBe[39m([35mtrue[39m)[33m;[39m
    [90m   | [39m                        [31m^[39m
    [90m117| [39m      [34mexpect[39m(result[33m.[39mstructures)[33m.[39m[34mtoEqual[39m([])[33m;[39m
    [90m118| [39m    })[33m;[39m

[31m[2mΓÄ»ΓÄ»ΓÄ»ΓÄ»ΓÄ»ΓÄ»ΓÄ»ΓÄ»ΓÄ»ΓÄ»ΓÄ»ΓÄ»ΓÄ»ΓÄ»ΓÄ»ΓÄ»ΓÄ»ΓÄ»ΓÄ»ΓÄ»[142/165]ΓÄ»[22m[39m

[31m[1m[7m FAIL [27m[22m[39m server/__tests__/structure-manager.test.js[2m > [22mstructure-manager[2m > 
[22mgetStructure[2m > [22mshould retrieve a structure by ID
[31m[1mTypeError[22m: Cannot read properties of null (reading 'structure')[39m
[36m [2mΓ¥»[22m server/__tests__/structure-manager.test.js:[2m129:73[22m[39m
    [90m127| [39m      )[33m;[39m
    [90m128| [39m
    [90m129| [39m      [35mconst[39m result [33m=[39m 
structureManager[33m.[39m[34mgetStructure[39m(testChainId[33m,[39m createΓÇª
    [90m   | [39m                                                                        [31m^[39m
    [90m130| [39m
    [90m131| [39m      [34mexpect[39m(result[33m.[39mok)[33m.[39m[34mtoBe[39m([35mtrue[39m)[33m;[39m

[31m[2mΓÄ»ΓÄ»ΓÄ»ΓÄ»ΓÄ»ΓÄ»ΓÄ»ΓÄ»ΓÄ»ΓÄ»ΓÄ»ΓÄ»ΓÄ»ΓÄ»ΓÄ»ΓÄ»ΓÄ»ΓÄ»ΓÄ»ΓÄ»[143/165]ΓÄ»[22m[39m

[31m[1m[7m FAIL [27m[22m[39m server/__tests__/structure-manager.test.js[2m > [22mstructure-manager[2m > 
[22mgetStructure[2m > [22mshould fail for non-existent structure
[31m[1mTypeError[22m: Cannot read properties of null (reading 'ok')[39m
[36m [2mΓ¥»[22m server/__tests__/structure-manager.test.js:[2m139:21[22m[39m
    [90m137| [39m      [35mconst[39m result [33m=[39m 
structureManager[33m.[39m[34mgetStructure[39m(testChainId[33m,[39m [32m'non-e[39mΓÇª
    [90m138| [39m
    [90m139| [39m      [34mexpect[39m(result[33m.[39mok)[33m.[39m[34mtoBe[39m([35mfalse[39m)[33m;[39m
    [90m   | [39m                    [31m^[39m
    [90m140| [39m      [34mexpect[39m(result[33m.[39merror)[33m.[39m[34mtoContain[39m([32m'not 
found'[39m)[33m;[39m
    [90m141| [39m    })[33m;[39m

[31m[2mΓÄ»ΓÄ»ΓÄ»ΓÄ»ΓÄ»ΓÄ»ΓÄ»ΓÄ»ΓÄ»ΓÄ»ΓÄ»ΓÄ»ΓÄ»ΓÄ»ΓÄ»ΓÄ»ΓÄ»ΓÄ»ΓÄ»ΓÄ»[144/165]ΓÄ»[22m[39m

[31m[1m[7m FAIL [27m[22m[39m server/__tests__/structure-manager.test.js[2m > [22mstructure-manager[2m > 
[22mgetStructure[2m > [22mshould prevent path traversal attacks
[31m[1mTypeError[22m: Cannot read properties of null (reading 'ok')[39m
[36m [2mΓ¥»[22m server/__tests__/structure-manager.test.js:[2m146:21[22m[39m
    [90m144| [39m      [35mconst[39m result [33m=[39m 
structureManager[33m.[39m[34mgetStructure[39m(testChainId[33m,[39m [32m'../..[39mΓÇª
    [90m145| [39m
    [90m146| [39m      [34mexpect[39m(result[33m.[39mok)[33m.[39m[34mtoBe[39m([35mfalse[39m)[33m;[39m
    [90m   | [39m                    [31m^[39m
    [90m147| [39m      
[34mexpect[39m(result[33m.[39merror)[33m.[39m[34mtoContain[39m([32m'path'[39m)[33m;[39m
    [90m148| [39m    })[33m;[39m

[31m[2mΓÄ»ΓÄ»ΓÄ»ΓÄ»ΓÄ»ΓÄ»ΓÄ»ΓÄ»ΓÄ»ΓÄ»ΓÄ»ΓÄ»ΓÄ»ΓÄ»ΓÄ»ΓÄ»ΓÄ»ΓÄ»ΓÄ»ΓÄ»[145/165]ΓÄ»[22m[39m

[31m[1m[7m FAIL [27m[22m[39m server/__tests__/structure-manager.test.js[2m > [22mstructure-manager[2m > 
[22maddNodeToStructure[2m > [22mshould add a node as root
[31m[1mTypeError[22m: Cannot read properties of null (reading 'structure')[39m
[36m [2mΓ¥»[22m server/__tests__/structure-manager.test.js:[2m161:17[22m[39m
    [90m159| [39m      [35mconst[39m result [33m=[39m structureManager[33m.[39m[34maddNodeToStructure[39m(
    [90m160| [39m        testChainId[33m,[39m
    [90m161| [39m        created[33m.[39mstructure[33m.[39mid[33m,[39m
    [90m   | [39m                [31m^[39m
    [90m162| [39m        [32m'slide-2'[39m[33m,[39m
    [90m163| [39m        [35mnull[39m[33m,[39m

[31m[2mΓÄ»ΓÄ»ΓÄ»ΓÄ»ΓÄ»ΓÄ»ΓÄ»ΓÄ»ΓÄ»ΓÄ»ΓÄ»ΓÄ»ΓÄ»ΓÄ»ΓÄ»ΓÄ»ΓÄ»ΓÄ»ΓÄ»ΓÄ»[146/165]ΓÄ»[22m[39m

[31m[1m[7m FAIL [27m[22m[39m server/__tests__/structure-manager.test.js[2m > [22mstructure-manager[2m > 
[22maddNodeToStructure[2m > [22mshould add a node as child
[31m[1mTypeError[22m: Cannot read properties of null (reading 'structure')[39m
[36m [2mΓ¥»[22m server/__tests__/structure-manager.test.js:[2m179:34[22m[39m
    [90m177| [39m      )[33m;[39m
    [90m178| [39m
    [90m179| [39m      [35mconst[39m parentNode [33m=[39m 
created[33m.[39mstructure[33m.[39mnodes[[34m0[39m][33m;[39m
    [90m   | [39m                                 [31m^[39m
    [90m180| [39m
    [90m181| [39m      [35mconst[39m result [33m=[39m structureManager[33m.[39m[34maddNodeToStructure[39m(

[31m[2mΓÄ»ΓÄ»ΓÄ»ΓÄ»ΓÄ»ΓÄ»ΓÄ»ΓÄ»ΓÄ»ΓÄ»ΓÄ»ΓÄ»ΓÄ»ΓÄ»ΓÄ»ΓÄ»ΓÄ»ΓÄ»ΓÄ»ΓÄ»[147/165]ΓÄ»[22m[39m

[31m[1m[7m FAIL [27m[22m[39m server/__tests__/structure-manager.test.js[2m > [22mstructure-manager[2m > 
[22maddNodeToStructure[2m > [22mshould reject invalid parent node
[31m[1mTypeError[22m: Cannot read properties of null (reading 'structure')[39m
[36m [2mΓ¥»[22m server/__tests__/structure-manager.test.js:[2m203:17[22m[39m
    [90m201| [39m      [35mconst[39m result [33m=[39m structureManager[33m.[39m[34maddNodeToStructure[39m(
    [90m202| [39m        testChainId[33m,[39m
    [90m203| [39m        created[33m.[39mstructure[33m.[39mid[33m,[39m
    [90m   | [39m                [31m^[39m
    [90m204| [39m        [32m'slide-2'[39m[33m,[39m
    [90m205| [39m        [32m'non-existent-parent'[39m[33m,[39m

[31m[2mΓÄ»ΓÄ»ΓÄ»ΓÄ»ΓÄ»ΓÄ»ΓÄ»ΓÄ»ΓÄ»ΓÄ»ΓÄ»ΓÄ»ΓÄ»ΓÄ»ΓÄ»ΓÄ»ΓÄ»ΓÄ»ΓÄ»ΓÄ»[148/165]ΓÄ»[22m[39m

[31m[1m[7m FAIL [27m[22m[39m server/__tests__/structure-manager.test.js[2m > [22mstructure-manager[2m > 
[22mmoveNode[2m > [22mshould move node to new parent
[31m[1mTypeError[22m: Cannot read properties of null (reading 'structure')[39m
[36m [2mΓ¥»[22m server/__tests__/structure-manager.test.js:[2m222:29[22m[39m
    [90m220| [39m      )[33m;[39m
    [90m221| [39m
    [90m222| [39m      [35mconst[39m nodes [33m=[39m created[33m.[39mstructure[33m.[39mnodes[33m;[39m
    [90m   | [39m                            [31m^[39m
    [90m223| [39m      [35mconst[39m nodeToMove [33m=[39m nodes[[34m0[39m][33m;[39m
    [90m224| [39m      [35mconst[39m newParent [33m=[39m nodes[[34m1[39m][33m;[39m

[31m[2mΓÄ»ΓÄ»ΓÄ»ΓÄ»ΓÄ»ΓÄ»ΓÄ»ΓÄ»ΓÄ»ΓÄ»ΓÄ»ΓÄ»ΓÄ»ΓÄ»ΓÄ»ΓÄ»ΓÄ»ΓÄ»ΓÄ»ΓÄ»[149/165]ΓÄ»[22m[39m

[31m[1m[7m FAIL [27m[22m[39m server/__tests__/structure-manager.test.js[2m > [22mstructure-manager[2m > 
[22mmoveNode[2m > [22mshould move node to root
[31m[1mTypeError[22m: Cannot read properties of null (reading 'structure')[39m
[36m [2mΓ¥»[22m server/__tests__/structure-manager.test.js:[2m245:29[22m[39m
    [90m243| [39m      )[33m;[39m
    [90m244| [39m
    [90m245| [39m      [35mconst[39m nodes [33m=[39m created[33m.[39mstructure[33m.[39mnodes[33m;[39m
    [90m   | [39m                            [31m^[39m
    [90m246| [39m      [35mconst[39m parent [33m=[39m nodes[[34m0[39m][33m;[39m
    [90m247| [39m

[31m[2mΓÄ»ΓÄ»ΓÄ»ΓÄ»ΓÄ»ΓÄ»ΓÄ»ΓÄ»ΓÄ»ΓÄ»ΓÄ»ΓÄ»ΓÄ»ΓÄ»ΓÄ»ΓÄ»ΓÄ»ΓÄ»ΓÄ»ΓÄ»[150/165]ΓÄ»[22m[39m

[31m[1m[7m FAIL [27m[22m[39m server/__tests__/structure-manager.test.js[2m > [22mstructure-manager[2m > 
[22mmoveNode[2m > [22mshould detect circular dependencies
[31m[1mTypeError[22m: Cannot read properties of null (reading 'structure')[39m
[36m [2mΓ¥»[22m server/__tests__/structure-manager.test.js:[2m279:29[22m[39m
    [90m277| [39m      )[33m;[39m
    [90m278| [39m
    [90m279| [39m      [35mconst[39m nodes [33m=[39m created[33m.[39mstructure[33m.[39mnodes[33m;[39m
    [90m   | [39m                            [31m^[39m
    [90m280| [39m      [35mconst[39m parent [33m=[39m nodes[[34m0[39m][33m;[39m
    [90m281| [39m      [35mconst[39m child [33m=[39m nodes[[34m1[39m][33m;[39m

[31m[2mΓÄ»ΓÄ»ΓÄ»ΓÄ»ΓÄ»ΓÄ»ΓÄ»ΓÄ»ΓÄ»ΓÄ»ΓÄ»ΓÄ»ΓÄ»ΓÄ»ΓÄ»ΓÄ»ΓÄ»ΓÄ»ΓÄ»ΓÄ»[151/165]ΓÄ»[22m[39m

[31m[1m[7m FAIL [27m[22m[39m server/__tests__/structure-manager.test.js[2m > [22mstructure-manager[2m > 
[22mremoveNodeFromStructure[2m > [22mshould remove a node
[31m[1mTypeError[22m: Cannot read properties of null (reading 'structure')[39m
[36m [2mΓ¥»[22m server/__tests__/structure-manager.test.js:[2m313:36[22m[39m
    [90m311| [39m      )[33m;[39m
    [90m312| [39m
    [90m313| [39m      [35mconst[39m nodeToRemove [33m=[39m 
created[33m.[39mstructure[33m.[39mnodes[[34m0[39m][33m;[39m
    [90m   | [39m                                   [31m^[39m
    [90m314| [39m
    [90m315| [39m      [35mconst[39m result [33m=[39m 
structureManager[33m.[39m[34mremoveNodeFromStructure[39m(

[31m[2mΓÄ»ΓÄ»ΓÄ»ΓÄ»ΓÄ»ΓÄ»ΓÄ»ΓÄ»ΓÄ»ΓÄ»ΓÄ»ΓÄ»ΓÄ»ΓÄ»ΓÄ»ΓÄ»ΓÄ»ΓÄ»ΓÄ»ΓÄ»[152/165]ΓÄ»[22m[39m

[31m[1m[7m FAIL [27m[22m[39m server/__tests__/structure-manager.test.js[2m > [22mstructure-manager[2m > 
[22mremoveNodeFromStructure[2m > [22mshould orphan child nodes when parent is removed
[31m[1mTypeError[22m: Cannot read properties of null (reading 'structure')[39m
[36m [2mΓ¥»[22m server/__tests__/structure-manager.test.js:[2m332:30[22m[39m
    [90m330| [39m      )[33m;[39m
    [90m331| [39m
    [90m332| [39m      [35mconst[39m parent [33m=[39m 
created[33m.[39mstructure[33m.[39mnodes[[34m0[39m][33m;[39m
    [90m   | [39m                             [31m^[39m
    [90m333| [39m
    [90m334| [39m      [90m// Add child[39m

[31m[2mΓÄ»ΓÄ»ΓÄ»ΓÄ»ΓÄ»ΓÄ»ΓÄ»ΓÄ»ΓÄ»ΓÄ»ΓÄ»ΓÄ»ΓÄ»ΓÄ»ΓÄ»ΓÄ»ΓÄ»ΓÄ»ΓÄ»ΓÄ»[153/165]ΓÄ»[22m[39m

[31m[1m[7m FAIL [27m[22m[39m server/__tests__/structure-manager.test.js[2m > [22mstructure-manager[2m > 
[22mremoveNodeFromStructure[2m > [22mshould reject removing non-existent node
[31m[1mTypeError[22m: Cannot read properties of null (reading 'structure')[39m
[36m [2mΓ¥»[22m server/__tests__/structure-manager.test.js:[2m364:17[22m[39m
    [90m362| [39m      [35mconst[39m result [33m=[39m 
structureManager[33m.[39m[34mremoveNodeFromStructure[39m(
    [90m363| [39m        testChainId[33m,[39m
    [90m364| [39m        created[33m.[39mstructure[33m.[39mid[33m,[39m
    [90m   | [39m                [31m^[39m
    [90m365| [39m        [32m'non-existent'[39m
    [90m366| [39m      )[33m;[39m

[31m[2mΓÄ»ΓÄ»ΓÄ»ΓÄ»ΓÄ»ΓÄ»ΓÄ»ΓÄ»ΓÄ»ΓÄ»ΓÄ»ΓÄ»ΓÄ»ΓÄ»ΓÄ»ΓÄ»ΓÄ»ΓÄ»ΓÄ»ΓÄ»[154/165]ΓÄ»[22m[39m

[31m[1m[7m FAIL [27m[22m[39m server/__tests__/structure-manager.test.js[2m > [22mstructure-manager[2m > 
[22mdeleteStructure[2m > [22mshould delete a structure
[31m[1mTypeError[22m: Cannot read properties of null (reading 'structure')[39m
[36m [2mΓ¥»[22m server/__tests__/structure-manager.test.js:[2m381:76[22m[39m
    [90m379| [39m      )[33m;[39m
    [90m380| [39m
    [90m381| [39m      [35mconst[39m result [33m=[39m 
structureManager[33m.[39m[34mdeleteStructure[39m(testChainId[33m,[39m creΓÇª
    [90m   | [39m                                                                           [31m^[39m
    [90m382| [39m
    [90m383| [39m      [34mexpect[39m(result[33m.[39mok)[33m.[39m[34mtoBe[39m([35mtrue[39m)[33m;[39m

[31m[2mΓÄ»ΓÄ»ΓÄ»ΓÄ»ΓÄ»ΓÄ»ΓÄ»ΓÄ»ΓÄ»ΓÄ»ΓÄ»ΓÄ»ΓÄ»ΓÄ»ΓÄ»ΓÄ»ΓÄ»ΓÄ»ΓÄ»ΓÄ»[155/165]ΓÄ»[22m[39m

[31m[1m[7m FAIL [27m[22m[39m server/__tests__/structure-manager.test.js[2m > [22mstructure-manager[2m > 
[22mvalidateStructure[2m > [22mshould validate a valid structure
[31m[1mTypeError[22m: Cannot read properties of null (reading 'structure')[39m
[36m [2mΓ¥»[22m server/__tests__/structure-manager.test.js:[2m401:17[22m[39m
    [90m399| [39m      [35mconst[39m result [33m=[39m structureManager[33m.[39m[34mvalidateStructure[39m(
    [90m400| [39m        testChainId[33m,[39m
    [90m401| [39m        created[33m.[39mstructure[33m.[39mid
    [90m   | [39m                [31m^[39m
    [90m402| [39m      )[33m;[39m
    [90m403| [39m

[31m[2mΓÄ»ΓÄ»ΓÄ»ΓÄ»ΓÄ»ΓÄ»ΓÄ»ΓÄ»ΓÄ»ΓÄ»ΓÄ»ΓÄ»ΓÄ»ΓÄ»ΓÄ»ΓÄ»ΓÄ»ΓÄ»ΓÄ»ΓÄ»[156/165]ΓÄ»[22m[39m

[31m[1m[7m FAIL [27m[22m[39m server/__tests__/structure-manager.test.js[2m > [22mstructure-manager[2m > 
[22mvalidateStructure[2m > [22mshould detect orphaned slides
[31m[1mTypeError[22m: Cannot read properties of null (reading 'structure')[39m
[36m [2mΓ¥»[22m server/__tests__/structure-manager.test.js:[2m415:30[22m[39m
    [90m413| [39m      )[33m;[39m
    [90m414| [39m
    [90m415| [39m      [35mconst[39m parent [33m=[39m 
created[33m.[39mstructure[33m.[39mnodes[[34m0[39m][33m;[39m
    [90m   | [39m                             [31m^[39m
    [90m416| [39m
    [90m417| [39m      [90m// Add child[39m

[31m[2mΓÄ»ΓÄ»ΓÄ»ΓÄ»ΓÄ»ΓÄ»ΓÄ»ΓÄ»ΓÄ»ΓÄ»ΓÄ»ΓÄ»ΓÄ»ΓÄ»ΓÄ»ΓÄ»ΓÄ»ΓÄ»ΓÄ»ΓÄ»[157/165]ΓÄ»[22m[39m

[31m[1m[7m FAIL [27m[22m[39m server/__tests__/structure-manager.test.js[2m > [22mstructure-manager[2m > 
[22mgetOrphanedSlides[2m > [22mshould return orphaned slides
[31m[1mTypeError[22m: Cannot read properties of null (reading 'structure')[39m
[36m [2mΓ¥»[22m server/__tests__/structure-manager.test.js:[2m451:30[22m[39m
    [90m449| [39m      )[33m;[39m
    [90m450| [39m
    [90m451| [39m      [35mconst[39m parent [33m=[39m 
created[33m.[39mstructure[33m.[39mnodes[[34m0[39m][33m;[39m
    [90m   | [39m                             [31m^[39m
    [90m452| [39m
    [90m453| [39m      [90m// Add child and remove parent to orphan it[39m

[31m[2mΓÄ»ΓÄ»ΓÄ»ΓÄ»ΓÄ»ΓÄ»ΓÄ»ΓÄ»ΓÄ»ΓÄ»ΓÄ»ΓÄ»ΓÄ»ΓÄ»ΓÄ»ΓÄ»ΓÄ»ΓÄ»ΓÄ»ΓÄ»[158/165]ΓÄ»[22m[39m

[31m[1m[7m FAIL [27m[22m[39m server/__tests__/structure-manager.test.js[2m > [22mstructure-manager[2m > 
[22mgetTreeVisualization[2m > [22mshould generate tree visualization
[31m[1mTypeError[22m: Cannot read properties of null (reading 'structure')[39m
[36m [2mΓ¥»[22m server/__tests__/structure-manager.test.js:[2m486:30[22m[39m
    [90m484| [39m      )[33m;[39m
    [90m485| [39m
    [90m486| [39m      [35mconst[39m parent [33m=[39m 
created[33m.[39mstructure[33m.[39mnodes[[34m0[39m][33m;[39m
    [90m   | [39m                             [31m^[39m
    [90m487| [39m
    [90m488| [39m      [90m// Add child[39m

[31m[2mΓÄ»ΓÄ»ΓÄ»ΓÄ»ΓÄ»ΓÄ»ΓÄ»ΓÄ»ΓÄ»ΓÄ»ΓÄ»ΓÄ»ΓÄ»ΓÄ»ΓÄ»ΓÄ»ΓÄ»ΓÄ»ΓÄ»ΓÄ»[159/165]ΓÄ»[22m[39m

[31m[1m[7m FAIL [27m[22m[39m server/__tests__/structure-manager.test.js[2m > [22mstructure-manager[2m > 
[22mcalculateDepth[2m > [22mshould calculate correct tree depth
[31m[1mTypeError[22m: Cannot read properties of null (reading 'structure')[39m
[36m [2mΓ¥»[22m server/__tests__/structure-manager.test.js:[2m516:30[22m[39m
    [90m514| [39m      )[33m;[39m
    [90m515| [39m
    [90m516| [39m      [35mconst[39m parent [33m=[39m 
created[33m.[39mstructure[33m.[39mnodes[[34m0[39m][33m;[39m
    [90m   | [39m                             [31m^[39m
    [90m517| [39m
    [90m518| [39m      [90m// Add child[39m

[31m[2mΓÄ»ΓÄ»ΓÄ»ΓÄ»ΓÄ»ΓÄ»ΓÄ»ΓÄ»ΓÄ»ΓÄ»ΓÄ»ΓÄ»ΓÄ»ΓÄ»ΓÄ»ΓÄ»ΓÄ»ΓÄ»ΓÄ»ΓÄ»[160/165]ΓÄ»[22m[39m

[31m[1m[7m FAIL [27m[22m[39m server/__tests__/structure-routes.test.js[2m > [22mStructure API Integration[2m 
> [22mPUT /structures/:id - Add node[2m > [22mshould add a child node under a parent
[31m[1mAssertionError[22m: expected [] to include 'node-1776370759918'[39m
[36m [2mΓ¥»[22m server/__tests__/structure-routes.test.js:[2m207:35[22m[39m
    [90m205| [39m      [35mconst[39m childNode [33m=[39m 
updated[33m.[39mtree[33m.[39mnodes[33m.[39m[34mfind[39m(n [33m=>[39m n[33m.[39mslideRef [33m===[39m 
[32m'e[39mΓÇª
    [90m206| [39m      
[34mexpect[39m(childNode[33m.[39mparentId)[33m.[39m[34mtoBe[39m(parentNode[33m.[39mnodeId)[33m;[39m
    [90m207| [39m      
[34mexpect[39m(parentNode[33m.[39mchildren)[33m.[39m[34mtoContain[39m(childNode[33m.[39mnodeId)[33m;[39m
[2m Test Files [22m [1m[31m13 failed[39m[22m[2m | [22m[1m[32m7 passed[39m[22m[90m (20)[39m
[2m      Tests [22m [1m[31m165 failed[39m[22m[2m | [22m[1m[32m430 passed[39m[22m[90m (595)[39m
[2m   Start at [22m 22:19:16
[2m   Duration [22m 5.28s[2m (transform 2.06s, setup 0ms, collect 13.78s, tests 15.33s, environment 10ms, prepare 8.57s)[22m

    [90m   | [39m                                  [31m^[39m
    [90m208| [39m    })[33m;[39m
    [90m209| [39m

[31m[2mΓÄ»ΓÄ»ΓÄ»ΓÄ»ΓÄ»ΓÄ»ΓÄ»ΓÄ»ΓÄ»ΓÄ»ΓÄ»ΓÄ»ΓÄ»ΓÄ»ΓÄ»ΓÄ»ΓÄ»ΓÄ»ΓÄ»ΓÄ»[161/165]ΓÄ»[22m[39m

[31m[1m[7m FAIL [27m[22m[39m server/__tests__/structure-routes.test.js[2m > [22mStructure API Integration[2m 
> [22mDELETE /structures/:id - Delete structure[2m > [22mshould return false for non-existent structure
[31m[1mAssertionError[22m: expected true to be false // Object.is equality[39m

[32m- Expected[39m
[31m+ Received[39m

[32m- false[39m
[31m+ true[39m

[36m [2mΓ¥»[22m server/__tests__/structure-routes.test.js:[2m304:23[22m[39m
    [90m302| [39m    [34mit[39m([32m'should return false for non-existent structure'[39m[33m,[39m () 
[33m=>[39m {
    [90m303| [39m      [35mconst[39m success [33m=[39m [34mdeleteStructure[39m(testChainId[33m,[39m 
[32m'structure-999'[39m)[33m;[39m
    [90m304| [39m      [34mexpect[39m(success)[33m.[39m[34mtoBe[39m([35mfalse[39m)[33m;[39m
    [90m   | [39m                      [31m^[39m
    [90m305| [39m    })[33m;[39m
    [90m306| [39m  })[33m;[39m

[31m[2mΓÄ»ΓÄ»ΓÄ»ΓÄ»ΓÄ»ΓÄ»ΓÄ»ΓÄ»ΓÄ»ΓÄ»ΓÄ»ΓÄ»ΓÄ»ΓÄ»ΓÄ»ΓÄ»ΓÄ»ΓÄ»ΓÄ»ΓÄ»[162/165]ΓÄ»[22m[39m

[31m[1m[7m FAIL [27m[22m[39m server/__tests__/zone-filtering.test.js[2m > [22mZone filtering in 
apply-content[2m > [22mignores zones without a key property during validation
[31m[1mTypeError[22m: The "path" argument must be of type string. Received undefined[39m
[36m [2mΓ¥»[22m server/__tests__/zone-filtering.test.js:[2m88:28[22m[39m
    [90m 86| [39m    
    [90m 87| [39m    [90m// Read chain.json and manually inject a zone without a key[39m
    [90m 88| [39m    [35mconst[39m chainPath [33m=[39m 
path[33m.[39m[34mjoin[39m(process[33m.[39menv[33m.[39m[33mCHAINS_DIR[39m[33m,[39m chainId[33m,[39m 
[32m'chai[39mΓÇª
    [90m   | [39m                           [31m^[39m
    [90m 89| [39m    [35mconst[39m chain [33m=[39m 
[33mJSON[39m[33m.[39m[34mparse[39m(fs[33m.[39m[34mreadFileSync[39m(chainPath[33m,[39m 
[32m'utf8'[39m))[33m;[39m
    [90m 90| [39m    

[31m[2mΓÄ»ΓÄ»ΓÄ»ΓÄ»ΓÄ»ΓÄ»ΓÄ»ΓÄ»ΓÄ»ΓÄ»ΓÄ»ΓÄ»ΓÄ»ΓÄ»ΓÄ»ΓÄ»ΓÄ»ΓÄ»ΓÄ»ΓÄ»ΓÄ»ΓÄ»ΓÄ»ΓÄ»ΓÄ»ΓÄ»ΓÄ»ΓÄ»ΓÄ»ΓÄ»[22m[39m
[31m[1mSerialized Error:[22m[39m [90m{ code: 'ERR_INVALID_ARG_TYPE' }[39m
[31m[2mΓÄ»ΓÄ»ΓÄ»ΓÄ»ΓÄ»ΓÄ»ΓÄ»ΓÄ»ΓÄ»ΓÄ»ΓÄ»ΓÄ»ΓÄ»ΓÄ»ΓÄ»ΓÄ»ΓÄ»ΓÄ»ΓÄ»ΓÄ»[163/165]ΓÄ»[22m[39m

[31m[1m[7m FAIL [27m[22m[39m server/__tests__/zone-filtering.test.js[2m > [22mZone filtering in 
apply-content[2m > [22mdoes not fail with "undefined" in validation error when zones lack keys
[31m[1mTypeError[22m: The "path" argument must be of type string. Received undefined[39m
[36m [2mΓ¥»[22m server/__tests__/zone-filtering.test.js:[2m126:28[22m[39m
    [90m124| [39m    
    [90m125| [39m    [90m// Read chain.json and add a zone without a key[39m
    [90m126| [39m    [35mconst[39m chainPath [33m=[39m 
path[33m.[39m[34mjoin[39m(process[33m.[39menv[33m.[39m[33mCHAINS_DIR[39m[33m,[39m chainId[33m,[39m 
[32m'chai[39mΓÇª
    [90m   | [39m                           [31m^[39m
    [90m127| [39m    [35mconst[39m chain [33m=[39m 
[33mJSON[39m[33m.[39m[34mparse[39m(fs[33m.[39m[34mreadFileSync[39m(chainPath[33m,[39m 
[32m'utf8'[39m))[33m;[39m
    [90m128| [39m    chain[33m.[39mzones[33m.[39m[34mpush[39m({

[31m[2mΓÄ»ΓÄ»ΓÄ»ΓÄ»ΓÄ»ΓÄ»ΓÄ»ΓÄ»ΓÄ»ΓÄ»ΓÄ»ΓÄ»ΓÄ»ΓÄ»ΓÄ»ΓÄ»ΓÄ»ΓÄ»ΓÄ»ΓÄ»ΓÄ»ΓÄ»ΓÄ»ΓÄ»ΓÄ»ΓÄ»ΓÄ»ΓÄ»ΓÄ»ΓÄ»[22m[39m
[31m[1mSerialized Error:[22m[39m [90m{ code: 'ERR_INVALID_ARG_TYPE' }[39m
[31m[2mΓÄ»ΓÄ»ΓÄ»ΓÄ»ΓÄ»ΓÄ»ΓÄ»ΓÄ»ΓÄ»ΓÄ»ΓÄ»ΓÄ»ΓÄ»ΓÄ»ΓÄ»ΓÄ»ΓÄ»ΓÄ»ΓÄ»ΓÄ»[164/165]ΓÄ»[22m[39m

[31m[1m[7m FAIL [27m[22m[39m server/__tests__/zone-filtering.test.js[2m > [22mZone filtering in 
apply-content[2m > [22mcorrectly filters zones and applies content successfully
[31m[1mTypeError[22m: The "path" argument must be of type string. Received undefined[39m
[36m [2mΓ¥»[22m server/__tests__/zone-filtering.test.js:[2m163:28[22m[39m
    [90m161| [39m    
    [90m162| [39m    [90m// Read chain to get the actual zones[39m
    [90m163| [39m    [35mconst[39m chainPath [33m=[39m 
path[33m.[39m[34mjoin[39m(process[33m.[39menv[33m.[39m[33mCHAINS_DIR[39m[33m,[39m chainId[33m,[39m 
[32m'chai[39mΓÇª
    [90m   | [39m                           [31m^[39m
    [90m164| [39m    [35mconst[39m chain [33m=[39m 
[33mJSON[39m[33m.[39m[34mparse[39m(fs[33m.[39m[34mreadFileSync[39m(chainPath[33m,[39m 
[32m'utf8'[39m))[33m;[39m
    [90m165| [39m    

[31m[2mΓÄ»ΓÄ»ΓÄ»ΓÄ»ΓÄ»ΓÄ»ΓÄ»ΓÄ»ΓÄ»ΓÄ»ΓÄ»ΓÄ»ΓÄ»ΓÄ»ΓÄ»ΓÄ»ΓÄ»ΓÄ»ΓÄ»ΓÄ»ΓÄ»ΓÄ»ΓÄ»ΓÄ»ΓÄ»ΓÄ»ΓÄ»ΓÄ»ΓÄ»ΓÄ»[22m[39m
[31m[1mSerialized Error:[22m[39m [90m{ code: 'ERR_INVALID_ARG_TYPE' }[39m
[31m[2mΓÄ»ΓÄ»ΓÄ»ΓÄ»ΓÄ»ΓÄ»ΓÄ»ΓÄ»ΓÄ»ΓÄ»ΓÄ»ΓÄ»ΓÄ»ΓÄ»ΓÄ»ΓÄ»ΓÄ»ΓÄ»ΓÄ»ΓÄ»[165/165]ΓÄ»[22m[39m

